07-12 17:17:21.398  5136 16196 D SQLiteQueryBuilder: SELECT _data, orientation, owner_package_name, title, duration, _size, bucket_id, date_added, datetaken, date_modified, media_type, mime_type, is_trashed, width, date_expires, _id, generation_modified, is_pending, bucket_display_name, height FROM files WHERE ((owner_package_name IN ( 'com.google.android.apps.photos' ) OR media_type=2 OR media_type=4 OR media_type=5 OR media_type=3 OR media_type=5 OR media_type=1) AND (((is_pending=0 AND NOT _modifier=4) OR (is_pending=1 AND lower(_data) NOT REGEXP '.*/\.pending-(\d+)-([^/]+)$' AND owner_package_name IN ( 'com.google.android.apps.photos' )))) AND (volume_name IN ( 'external_primary' ))) AND ((((media_type = 1 OR media_type = 3) AND (bucket_id IS NOT NULL OR _data IS NOT NULL)) AND (generation_modified < ? OR generation_modified = ? AND _id < ?) AND is_pending = 0)) ORDER BY generation_modified DESC, _id DESC LIMIT 75
07-12 17:17:21.415  5136 16196 D SQLiteQueryBuilder: SELECT _data, orientation, owner_package_name, title, duration, _size, bucket_id, date_added, datetaken, date_modified, media_type, mime_type, is_trashed, width, date_expires, _id, generation_modified, is_pending, bucket_display_name, height FROM files WHERE ((owner_package_name IN ( 'com.google.android.apps.photos' ) OR media_type=2 OR media_type=4 OR media_type=5 OR media_type=3 OR media_type=5 OR media_type=1) AND (((is_pending=0 AND NOT _modifier=4) OR (is_pending=1 AND lower(_data) NOT REGEXP '.*/\.pending-(\d+)-([^/]+)$' AND owner_package_name IN ( 'com.google.android.apps.photos' )))) AND (is_trashed=0) AND (volume_name IN ( 'external_primary' ))) AND (((media_type = 1 OR media_type = 3) AND _id IN(?,?,?,?,?,?)))
07-12 17:17:21.435  5136 16196 D SQLiteQueryBuilder: SELECT _data, orientation, owner_package_name, title, duration, _size, bucket_id, date_added, datetaken, date_modified, media_type, mime_type, is_trashed, width, date_expires, _id, generation_modified, is_pending, bucket_display_name, height FROM files WHERE ((owner_package_name IN ( 'com.google.android.apps.photos' ) OR media_type=2 OR media_type=4 OR media_type=5 OR media_type=3 OR media_type=5 OR media_type=1) AND (((is_pending=0 AND NOT _modifier=4) OR (is_pending=1 AND lower(_data) NOT REGEXP '.*/\.pending-(\d+)-([^/]+)$' AND owner_package_name IN ( 'com.google.android.apps.photos' )))) AND (volume_name IN ( 'external_primary' ))) AND ((
07-12 17:17:21.435  5136 16196 D SQLiteQueryBuilder:       ((media_type = 1 OR media_type = 3)
07-12 17:17:21.435  5136 16196 D SQLiteQueryBuilder:           AND (bucket_id IS NOT NULL OR _data IS NOT NULL))
07-12 17:17:21.435  5136 16196 D SQLiteQueryBuilder:         AND (generation_modified > ?)
07-12 17:17:21.435  5136 16196 D SQLiteQueryBuilder:         AND (generation_modified < ?
07-12 17:17:21.435  5136 16196 D SQLiteQueryBuilder:           OR (generation_modified = ? AND _id < ?))
07-12 17:17:21.435  5136 16196 D SQLiteQueryBuilder:         AND (is_pending = 0)
07-12 17:17:21.435  5136 16196 D SQLiteQueryBuilder:     )) ORDER BY generation_modified DESC, _id DESC LIMIT 75
07-12 17:17:21.479  5136 16196 D SQLiteQueryBuilder: SELECT _id, _data, _size, mime_type, bucket_id, bucket_display_name, datetaken, latitude, longitude, duration, resolution, date_added, date_modified FROM video WHERE ((((is_pending=0 AND NOT _modifier=4) OR (is_pending=1 AND lower(_data) NOT REGEXP '.*/\.pending-(\d+)-([^/]+)$' AND owner_package_name IN ( 'com.dubox.drive' )))) AND (is_trashed=0) AND (volume_name IN ( 'external_primary' ))) ORDER BY _data COLLATE BINARY ASC
07-12 17:17:21.517  5136 16196 D SQLiteQueryBuilder: SELECT _data, orientation, owner_package_name, title, duration, _size, bucket_id, date_added, datetaken, date_modified, media_type, mime_type, is_trashed, width, date_expires, _id, generation_modified, is_pending, bucket_display_name, height FROM files WHERE ((owner_package_name IN ( 'com.google.android.apps.photos' ) OR media_type=2 OR media_type=4 OR media_type=5 OR media_type=3 OR media_type=5 OR media_type=1) AND (((is_pending=0 AND NOT _modifier=4) OR (is_pending=1 AND lower(_data) NOT REGEXP '.*/\.pending-(\d+)-([^/]+)$' AND owner_package_name IN ( 'com.google.android.apps.photos' )))) AND (volume_name IN ( 'external_primary' ))) AND ((
07-12 17:17:21.517  5136 16196 D SQLiteQueryBuilder:       ((media_type = 1 OR media_type = 3)
07-12 17:17:21.517  5136 16196 D SQLiteQueryBuilder:           AND (bucket_id IS NOT NULL OR _data IS NOT NULL))
07-12 17:17:21.517  5136 16196 D SQLiteQueryBuilder:         AND (generation_modified > ?)
07-12 17:17:21.517  5136 16196 D SQLiteQueryBuilder:         AND (generation_modified < ?
07-12 17:17:21.517  5136 16196 D SQLiteQueryBuilder:           OR (generation_modified = ? AND _id < ?))
07-12 17:17:21.517  5136 16196 D SQLiteQueryBuilder:         AND (is_pending = 0)
07-12 17:17:21.517  5136 16196 D SQLiteQueryBuilder:     )) ORDER BY generation_modified DESC, _id DESC LIMIT 75
07-12 17:17:21.549  5136 16196 D SQLiteQueryBuilder: SELECT _data, orientation, owner_package_name, title, duration, _size, bucket_id, date_added, datetaken, date_modified, media_type, mime_type, is_trashed, width, date_expires, _id, generation_modified, is_pending, bucket_display_name, height FROM files WHERE ((owner_package_name IN ( 'com.google.android.apps.photos' ) OR media_type=2 OR media_type=4 OR media_type=5 OR media_type=3 OR media_type=5 OR media_type=1) AND (((is_pending=0 AND NOT _modifier=4) OR (is_pending=1 AND lower(_data) NOT REGEXP '.*/\.pending-(\d+)-([^/]+)$' AND owner_package_name IN ( 'com.google.android.apps.photos' )))) AND (volume_name IN ( 'external_primary' ))) AND ((((media_type = 1 OR media_type = 3) AND (bucket_id IS NOT NULL OR _data IS NOT NULL)) AND (generation_modified < ? OR generation_modified = ? AND _id < ?) AND is_pending = 0)) ORDER BY generation_modified DESC, _id DESC LIMIT 75
07-12 17:17:21.584  5136 16196 D SQLiteQueryBuilder: SELECT _data, orientation, owner_package_name, title, duration, _size, bucket_id, date_added, datetaken, date_modified, media_type, mime_type, is_trashed, width, date_expires, _id, generation_modified, is_pending, bucket_display_name, height FROM files WHERE ((owner_package_name IN ( 'com.google.android.apps.photos' ) OR media_type=2 OR media_type=4 OR media_type=5 OR media_type=3 OR media_type=5 OR media_type=1) AND (((is_pending=0 AND NOT _modifier=4) OR (is_pending=1 AND lower(_data) NOT REGEXP '.*/\.pending-(\d+)-([^/]+)$' AND owner_package_name IN ( 'com.google.android.apps.photos' )))) AND (is_trashed=0) AND (volume_name IN ( 'external_primary' ))) AND (((media_type = 1 OR media_type = 3) AND _id IN(?,?,?,?,?,?)))
07-12 17:17:21.610  5136 16196 D SQLiteQueryBuilder: SELECT _id, media_type FROM files WHERE ((owner_package_name IN ( 'com.google.android.apps.photos' ) OR media_type=2 OR media_type=4 OR media_type=5 OR media_type=3 OR media_type=5 OR media_type=1) AND (((is_pending=0 AND NOT _modifier=4) OR (is_pending=1 AND lower(_data) NOT REGEXP '.*/\.pending-(\d+)-([^/]+)$' AND owner_package_name IN ( 'com.google.android.apps.photos' )))) AND (volume_name IN ( 'external_primary' ))) AND (((media_type = 1 OR media_type = 3) AND _id < ?)) ORDER BY _id DESC LIMIT 200
07-12 17:17:21.703  5136 16196 D SQLiteQueryBuilder: SELECT _id, media_type FROM files WHERE ((owner_package_name IN ( 'com.google.android.apps.photos' ) OR media_type=2 OR media_type=4 OR media_type=5 OR media_type=3 OR media_type=5 OR media_type=1) AND (((is_pending=0 AND NOT _modifier=4) OR (is_pending=1 AND lower(_data) NOT REGEXP '.*/\.pending-(\d+)-([^/]+)$' AND owner_package_name IN ( 'com.google.android.apps.photos' )))) AND (volume_name IN ( 'external_primary' ))) AND (((media_type = 1 OR media_type = 3) AND _id < ?)) ORDER BY _id DESC LIMIT 200
07-12 17:17:21.724  5136 16196 D SQLiteQueryBuilder: SELECT _id, media_type FROM files WHERE ((owner_package_name IN ( 'com.google.android.apps.photos' ) OR media_type=2 OR media_type=4 OR media_type=5 OR media_type=3 OR media_type=5 OR media_type=1) AND (((is_pending=0 AND NOT _modifier=4) OR (is_pending=1 AND lower(_data) NOT REGEXP '.*/\.pending-(\d+)-([^/]+)$' AND owner_package_name IN ( 'com.google.android.apps.photos' )))) AND (volume_name IN ( 'external_primary' ))) AND (((media_type = 1 OR media_type = 3) AND _id < ?)) ORDER BY _id DESC LIMIT 200
07-12 17:17:21.746  5136 16196 D SQLiteQueryBuilder: SELECT _id, media_type FROM files WHERE ((owner_package_name IN ( 'com.google.android.apps.photos' ) OR media_type=2 OR media_type=4 OR media_type=5 OR media_type=3 OR media_type=5 OR media_type=1) AND (((is_pending=0 AND NOT _modifier=4) OR (is_pending=1 AND lower(_data) NOT REGEXP '.*/\.pending-(\d+)-([^/]+)$' AND owner_package_name IN ( 'com.google.android.apps.photos' )))) AND (volume_name IN ( 'external_primary' ))) AND (((media_type = 1 OR media_type = 3) AND _id < ?)) ORDER BY _id DESC LIMIT 200
07-12 17:17:21.766  5136 16196 D SQLiteQueryBuilder: SELECT _id, media_type FROM files WHERE ((owner_package_name IN ( 'com.google.android.apps.photos' ) OR media_type=2 OR media_type=4 OR media_type=5 OR media_type=3 OR media_type=5 OR media_type=1) AND (((is_pending=0 AND NOT _modifier=4) OR (is_pending=1 AND lower(_data) NOT REGEXP '.*/\.pending-(\d+)-([^/]+)$' AND owner_package_name IN ( 'com.google.android.apps.photos' )))) AND (volume_name IN ( 'external_primary' ))) AND (((media_type = 1 OR media_type = 3) AND _id < ?)) ORDER BY _id DESC LIMIT 200
07-12 17:17:21.783  5136 16196 D SQLiteQueryBuilder: SELECT _id, media_type FROM files WHERE ((owner_package_name IN ( 'com.google.android.apps.photos' ) OR media_type=2 OR media_type=4 OR media_type=5 OR media_type=3 OR media_type=5 OR media_type=1) AND (((is_pending=0 AND NOT _modifier=4) OR (is_pending=1 AND lower(_data) NOT REGEXP '.*/\.pending-(\d+)-([^/]+)$' AND owner_package_name IN ( 'com.google.android.apps.photos' )))) AND (volume_name IN ( 'external_primary' ))) AND (((media_type = 1 OR media_type = 3) AND _id < ?)) ORDER BY _id DESC LIMIT 200
07-12 17:17:21.797  5136 16196 D SQLiteQueryBuilder: SELECT _id, media_type FROM files WHERE ((owner_package_name IN ( 'com.google.android.apps.photos' ) OR media_type=2 OR media_type=4 OR media_type=5 OR media_type=3 OR media_type=5 OR media_type=1) AND (((is_pending=0 AND NOT _modifier=4) OR (is_pending=1 AND lower(_data) NOT REGEXP '.*/\.pending-(\d+)-([^/]+)$' AND owner_package_name IN ( 'com.google.android.apps.photos' )))) AND (volume_name IN ( 'external_primary' ))) AND (((media_type = 1 OR media_type = 3) AND _id < ?)) ORDER BY _id DESC LIMIT 200
07-12 17:17:21.817  5136 16196 D SQLiteQueryBuilder: SELECT _id, media_type FROM files WHERE ((owner_package_name IN ( 'com.google.android.apps.photos' ) OR media_type=2 OR media_type=4 OR media_type=5 OR media_type=3 OR media_type=5 OR media_type=1) AND (((is_pending=0 AND NOT _modifier=4) OR (is_pending=1 AND lower(_data) NOT REGEXP '.*/\.pending-(\d+)-([^/]+)$' AND owner_package_name IN ( 'com.google.android.apps.photos' )))) AND (volume_name IN ( 'external_primary' ))) AND (((media_type = 1 OR media_type = 3) AND _id < ?)) ORDER BY _id DESC LIMIT 200
07-12 17:17:21.842  5136 16196 D SQLiteQueryBuilder: SELECT _id, media_type FROM files WHERE ((owner_package_name IN ( 'com.google.android.apps.photos' ) OR media_type=2 OR media_type=4 OR media_type=5 OR media_type=3 OR media_type=5 OR media_type=1) AND (((is_pending=0 AND NOT _modifier=4) OR (is_pending=1 AND lower(_data) NOT REGEXP '.*/\.pending-(\d+)-([^/]+)$' AND owner_package_name IN ( 'com.google.android.apps.photos' )))) AND (volume_name IN ( 'external_primary' ))) AND (((media_type = 1 OR media_type = 3) AND _id < ?)) ORDER BY _id DESC LIMIT 200
07-12 17:17:21.857  5136 16196 D SQLiteQueryBuilder: SELECT _id, media_type FROM files WHERE ((owner_package_name IN ( 'com.google.android.apps.photos' ) OR media_type=2 OR media_type=4 OR media_type=5 OR media_type=3 OR media_type=5 OR media_type=1) AND (((is_pending=0 AND NOT _modifier=4) OR (is_pending=1 AND lower(_data) NOT REGEXP '.*/\.pending-(\d+)-([^/]+)$' AND owner_package_name IN ( 'com.google.android.apps.photos' )))) AND (volume_name IN ( 'external_primary' ))) AND (((media_type = 1 OR media_type = 3) AND _id < ?)) ORDER BY _id DESC LIMIT 200
07-12 17:17:21.881  5136 16196 D SQLiteQueryBuilder: SELECT _id, media_type FROM files WHERE ((owner_package_name IN ( 'com.google.android.apps.photos' ) OR media_type=2 OR media_type=4 OR media_type=5 OR media_type=3 OR media_type=5 OR media_type=1) AND (((is_pending=0 AND NOT _modifier=4) OR (is_pending=1 AND lower(_data) NOT REGEXP '.*/\.pending-(\d+)-([^/]+)$' AND owner_package_name IN ( 'com.google.android.apps.photos' )))) AND (volume_name IN ( 'external_primary' ))) AND (((media_type = 1 OR media_type = 3) AND _id < ?)) ORDER BY _id DESC LIMIT 200
07-12 17:17:21.901  5136 16196 D SQLiteQueryBuilder: SELECT _id, media_type FROM files WHERE ((owner_package_name IN ( 'com.google.android.apps.photos' ) OR media_type=2 OR media_type=4 OR media_type=5 OR media_type=3 OR media_type=5 OR media_type=1) AND (((is_pending=0 AND NOT _modifier=4) OR (is_pending=1 AND lower(_data) NOT REGEXP '.*/\.pending-(\d+)-([^/]+)$' AND owner_package_name IN ( 'com.google.android.apps.photos' )))) AND (volume_name IN ( 'external_primary' ))) AND (((media_type = 1 OR media_type = 3) AND _id < ?)) ORDER BY _id DESC LIMIT 200
07-12 17:17:21.915  5136 16196 D SQLiteQueryBuilder: SELECT _id, media_type FROM files WHERE ((owner_package_name IN ( 'com.google.android.apps.photos' ) OR media_type=2 OR media_type=4 OR media_type=5 OR media_type=3 OR media_type=5 OR media_type=1) AND (((is_pending=0 AND NOT _modifier=4) OR (is_pending=1 AND lower(_data) NOT REGEXP '.*/\.pending-(\d+)-([^/]+)$' AND owner_package_name IN ( 'com.google.android.apps.photos' )))) AND (volume_name IN ( 'external_primary' ))) AND (((media_type = 1 OR media_type = 3) AND _id < ?)) ORDER BY _id DESC LIMIT 200
07-12 17:17:21.925  5136 16196 D SQLiteQueryBuilder: SELECT _id, media_type FROM files WHERE ((owner_package_name IN ( 'com.google.android.apps.photos' ) OR media_type=2 OR media_type=4 OR media_type=5 OR media_type=3 OR media_type=5 OR media_type=1) AND (((is_pending=0 AND NOT _modifier=4) OR (is_pending=1 AND lower(_data) NOT REGEXP '.*/\.pending-(\d+)-([^/]+)$' AND owner_package_name IN ( 'com.google.android.apps.photos' )))) AND (volume_name IN ( 'external_primary' ))) AND (((media_type = 1 OR media_type = 3) AND _id < ?)) ORDER BY _id DESC LIMIT 200
07-12 17:17:21.938  5136 16196 D SQLiteQueryBuilder: SELECT _id, media_type FROM files WHERE ((owner_package_name IN ( 'com.google.android.apps.photos' ) OR media_type=2 OR media_type=4 OR media_type=5 OR media_type=3 OR media_type=5 OR media_type=1) AND (((is_pending=0 AND NOT _modifier=4) OR (is_pending=1 AND lower(_data) NOT REGEXP '.*/\.pending-(\d+)-([^/]+)$' AND owner_package_name IN ( 'com.google.android.apps.photos' )))) AND (volume_name IN ( 'external_primary' ))) AND (((media_type = 1 OR media_type = 3) AND _id < ?)) ORDER BY _id DESC LIMIT 200
07-12 17:17:21.953  5136 16196 D SQLiteQueryBuilder: SELECT _id, media_type FROM files WHERE ((owner_package_name IN ( 'com.google.android.apps.photos' ) OR media_type=2 OR media_type=4 OR media_type=5 OR media_type=3 OR media_type=5 OR media_type=1) AND (((is_pending=0 AND NOT _modifier=4) OR (is_pending=1 AND lower(_data) NOT REGEXP '.*/\.pending-(\d+)-([^/]+)$' AND owner_package_name IN ( 'com.google.android.apps.photos' )))) AND (volume_name IN ( 'external_primary' ))) AND (((media_type = 1 OR media_type = 3) AND _id < ?)) ORDER BY _id DESC LIMIT 200
07-12 17:17:21.974  5136 16196 D SQLiteQueryBuilder: SELECT _id, media_type FROM files WHERE ((owner_package_name IN ( 'com.google.android.apps.photos' ) OR media_type=2 OR media_type=4 OR media_type=5 OR media_type=3 OR media_type=5 OR media_type=1) AND (((is_pending=0 AND NOT _modifier=4) OR (is_pending=1 AND lower(_data) NOT REGEXP '.*/\.pending-(\d+)-([^/]+)$' AND owner_package_name IN ( 'com.google.android.apps.photos' )))) AND (volume_name IN ( 'external_primary' ))) AND (((media_type = 1 OR media_type = 3) AND _id < ?)) ORDER BY _id DESC LIMIT 200
07-12 17:17:22.032  5136 16196 D SQLiteQueryBuilder: SELECT _id, media_type, mime_type, date_modified, _data, datetaken, date_added, generation_modified FROM files WHERE ((owner_package_name IN ( 'com.google.android.apps.photos' ) OR media_type=2 OR media_type=4 OR media_type=5 OR media_type=3 OR media_type=5 OR media_type=1) AND (((is_pending=0 AND NOT _modifier=4) OR (is_pending=1 AND lower(_data) NOT REGEXP '.*/\.pending-(\d+)-([^/]+)$' AND owner_package_name IN ( 'com.google.android.apps.photos' )))) AND (is_trashed=0) AND (volume_name IN ( 'external_primary' ))) AND (((media_type = 1 OR media_type = 3) AND _id IN(?,?,?,?,?,?)))
07-12 17:17:22.337  5136 16196 D SQLiteQueryBuilder: SELECT _data FROM thumbnails WHERE ((kind = 1 AND image_id = ?))
07-12 17:17:22.340  5136 20893 D SQLiteQueryBuilder: SELECT _data FROM thumbnails WHERE ((kind = 1 AND image_id = ?))
07-12 17:17:22.340  5136 15123 D SQLiteQueryBuilder: SELECT _data FROM thumbnails WHERE ((kind = 1 AND image_id = ?))
07-12 17:17:22.347 24793  9998 I BLASTBufferQueue: QoSAllocBuff Successful. Ret 0 
07-12 17:17:22.353  5136 20893 D SQLiteQueryBuilder: SELECT _data FROM thumbnails WHERE ((kind = 1 AND image_id = ?))
07-12 17:17:22.357  5136 15123 D SQLiteQueryBuilder: SELECT _data FROM thumbnails WHERE ((kind = 1 AND image_id = ?))
07-12 17:17:22.358  5136 16196 D SQLiteQueryBuilder: SELECT _data FROM thumbnails WHERE ((kind = 1 AND image_id = ?))
07-12 17:17:22.366  5136 15123 D SQLiteQueryBuilder: SELECT _data, owner_package_name, is_pending FROM files WHERE ((_id='1000045241') AND (volume_name IN ( 'external_primary' )))
07-12 17:17:22.366  5136 20893 D SQLiteQueryBuilder: SELECT _data, owner_package_name, is_pending FROM files WHERE ((_id='1000044784') AND (volume_name IN ( 'external_primary' )))
07-12 17:17:22.367  5136 16196 D SQLiteQueryBuilder: SELECT _data, owner_package_name, is_pending FROM files WHERE ((_id='1000045424') AND (volume_name IN ( 'external_primary' )))
07-12 17:17:22.378  5136 16196 D SQLiteQueryBuilder: SELECT _data, owner_package_name, is_pending FROM files WHERE ((_id='1000044784') AND (volume_name IN ( 'external_primary' )))
07-12 17:17:22.378  5136 15123 D SQLiteQueryBuilder: SELECT _data, owner_package_name, is_pending FROM files WHERE ((_id='1000045241') AND (volume_name IN ( 'external_primary' )))
07-12 17:17:22.380  5136 16196 D SQLiteQueryBuilder: SELECT _data, owner_package_name, is_pending FROM files WHERE ((_id='1000045424') AND (volume_name IN ( 'external_primary' )))
07-12 17:17:22.397  5136 16196 D SQLiteQueryBuilder: SELECT _data, owner_package_name, is_pending FROM files WHERE ((_id='1000045241') AND (volume_name IN ( 'external_primary' )))
07-12 17:17:22.398 24793 10049 E MediaMetadataRetrieverJNI: getFrameAtTime: videoFrame is a NULL pointer
07-12 17:17:22.406  5136 16196 D SQLiteQueryBuilder: SELECT _data, owner_package_name, is_pending FROM files WHERE ((_id='1000045241') AND (volume_name IN ( 'external_primary' )))
07-12 17:17:22.411 24793 10047 E MediaMetadataRetrieverJNI: getFrameAtTime: videoFrame is a NULL pointer
07-12 17:17:22.412 24793 10049 E MediaMetadataRetrieverJNI: getFrameAtTime: videoFrame is a NULL pointer
07-12 17:17:22.414  5136 15123 D SQLiteQueryBuilder: SELECT _data, owner_package_name, is_pending FROM files WHERE ((_id='1000044784') AND (volume_name IN ( 'external_primary' )))
07-12 17:17:22.422  5136 20893 D SQLiteQueryBuilder: SELECT _data, owner_package_name, is_pending FROM files WHERE ((_id='1000044784') AND (volume_name IN ( 'external_primary' )))
07-12 17:17:22.431  5136 20893 D SQLiteQueryBuilder: SELECT _data, owner_package_name, is_pending FROM files WHERE ((_id='1000045241') AND (volume_name IN ( 'external_primary' )))
07-12 17:17:22.438 24793 10047 E MediaMetadataRetrieverJNI: getFrameAtTime: videoFrame is a NULL pointer
07-12 17:17:22.442  5136 20893 D SQLiteQueryBuilder: SELECT _data, owner_package_name, is_pending FROM files WHERE ((_id='1000045424') AND (volume_name IN ( 'external_primary' )))
07-12 17:17:22.442 24793 10049 E MediaMetadataRetrieverJNI: getFrameAtTime: videoFrame is a NULL pointer
07-12 17:17:22.453  5136 15123 D SQLiteQueryBuilder: SELECT _data, owner_package_name, is_pending FROM files WHERE ((_id='1000045424') AND (volume_name IN ( 'external_primary' )))
07-12 17:17:22.459 24793 10049 E MediaMetadataRetrieverJNI: getFrameAtTime: videoFrame is a NULL pointer
07-12 17:17:22.462  5136 15123 D SQLiteQueryBuilder: SELECT _data, owner_package_name, is_pending FROM files WHERE ((_id='1000044784') AND (volume_name IN ( 'external_primary' )))
07-12 17:17:22.488 24793 10049 E MediaMetadataRetrieverJNI: getEmbeddedPicture: Call to getEmbeddedPicture failed.
07-12 17:17:22.493 24793 10047 E MediaMetadataRetrieverJNI: getFrameAtTime: videoFrame is a NULL pointer
07-12 17:17:22.508 24793 10049 E MediaMetadataRetrieverJNI: getFrameAtTime: videoFrame is a NULL pointer
07-12 17:17:22.525 24793 10047 E MediaMetadataRetrieverJNI: getFrameAtTime: videoFrame is a NULL pointer
07-12 17:17:22.528  5136 20893 D SQLiteQueryBuilder: SELECT _data, owner_package_name, is_pending FROM files WHERE ((_id='1000045424') AND (volume_name IN ( 'external_primary' )))
07-12 17:17:22.563 24793 10047 E MediaMetadataRetrieverJNI: getEmbeddedPicture: Call to getEmbeddedPicture failed.
07-12 17:17:22.595 24793 10047 E MediaMetadataRetrieverJNI: getFrameAtTime: videoFrame is a NULL pointer
07-12 17:17:22.828  4100  9775 I NetworkScheduler: (REDACTED) Error inserting %s
07-12 17:17:22.836  3853  3853 I GoogleInputMethodService: GoogleInputMethodService.onFinishInput():1984 
07-12 17:17:22.837  3853  3853 I Module  : DeviceLockedStatusModuleProvider$Module.updateDeviceLockedStatus():100 repeatCheckTimes = 0, locked = false
07-12 17:17:22.838  3853  3853 I GoogleInputMethodService: GoogleInputMethodService.onStartInput():1248 onStartInput(EditorInfo{EditorInfo{packageName=com.google.android.apps.nbu.files, inputType=0, inputTypeString=NULL, enableLearning=false, autoCorrection=false, autoComplete=false, imeOptions=0, privateImeOptions=null, actionName=UNSPECIFIED, actionLabel=null, initialSelStart=-1, initialSelEnd=-1, initialCapsMode=0, label=null, fieldId=0, fieldName=null, extras=null, hintText=null, hintLocales=[]}}, false)
07-12 17:17:22.838  3853  3853 I Module  : DeviceLockedStatusModuleProvider$Module.updateDeviceLockedStatus():100 repeatCheckTimes = 1, locked = false
07-12 17:17:22.848  4100  9567 I NetworkScheduler: (REDACTED) Error inserting %s
07-12 17:17:23.096 24793 24793 W WindowOnBackDispatcher: sendCancelIfRunning: isInProgress=false callback=android.app.Activity$$ExternalSyntheticLambda0@c16355f
07-12 17:17:23.130  4100  9774 I NetworkScheduler: (REDACTED) Error inserting %s
07-12 17:17:24.018 24793 10129 W LibraryVersion: Failed to get app version for libraryName: play-services-mlkit-document-scanner
07-12 17:17:24.104 24793 10035 W LOTTIE  : Animation contains merge paths. Merge paths are only supported on KitKat+ and must be manually enabled by calling enableMergePathsForKitKatAndAbove().
07-12 17:17:24.118  5136  5153 D SQLiteQueryBuilder: SELECT sum(_size), count(_size) FROM files WHERE ((((is_pending=0 AND NOT _modifier=4) OR (is_pending=1 AND lower(_data) NOT REGEXP '.*/\.pending-(\d+)-([^/]+)$' AND owner_package_name IN ( 'com.google.android.apps.nbu.files' )))) AND (is_trashed=0) AND (volume_name IN ( 'external_primary' ))) AND (((media_type = 3 AND  ((_data GLOB '*/.*') = 0) ) AND (((format IS NULL OR format != 12289) AND (_size IS NOT NULL) AND (_data IS NOT NULL) AND (LENGTH(_data) > 1)))))
07-12 17:17:24.122  5136 16196 D SQLiteQueryBuilder: SELECT _id, title, date_modified, date_added, _size, mime_type, duration, media_type, bucket_display_name, _display_name, is_drm, _data, date_expires, album, artist FROM files WHERE ((((is_pending=0 AND NOT _modifier=4) OR (is_pending=1 AND lower(_data) NOT REGEXP '.*/\.pending-(\d+)-([^/]+)$' AND owner_package_name IN ( 'com.google.android.apps.nbu.files' )))) AND (is_trashed=0) AND (volume_name IN ( 'external_primary' ))) AND (((media_type = 6 AND  ( (_data  NOT LIKE '%Android/data%')  AND  ((_data GLOB '*/.*') = 0) ) ) AND (((format IS NULL OR format != 12289) AND (_size IS NOT NULL) AND (_data IS NOT NULL) AND (LENGTH(_data) > 1))))) ORDER BY date_modified DESC LIMIT 10
07-12 17:17:24.124  5136 15123 D SQLiteQueryBuilder: SELECT sum(_size), count(_size) FROM files WHERE ((((is_pending=0 AND NOT _modifier=4) OR (is_pending=1 AND lower(_data) NOT REGEXP '.*/\.pending-(\d+)-([^/]+)$' AND owner_package_name IN ( 'com.google.android.apps.nbu.files' )))) AND (is_trashed=0) AND (volume_name IN ( 'external_primary' ))) AND (((media_type = 1 AND  ((_data GLOB '*/.*') = 0) ) AND (((format IS NULL OR format != 12289) AND (_size IS NOT NULL) AND (_data IS NOT NULL) AND (LENGTH(_data) > 1)))))
07-12 17:17:24.138  5136 22626 D SQLiteQueryBuilder: SELECT _id, title, date_modified, date_added, _size, mime_type, duration, media_type, bucket_display_name, _display_name, is_drm, _data, date_expires, album, artist FROM files WHERE ((((is_pending=0 AND NOT _modifier=4) OR (is_pending=1 AND lower(_data) NOT REGEXP '.*/\.pending-(\d+)-([^/]+)$' AND owner_package_name IN ( 'com.google.android.apps.nbu.files' )))) AND (is_trashed=0) AND (volume_name IN ( 'external_primary' ))) AND (((mime_type IS NOT NULL AND mime_type IS NOT 'application/octet-stream' AND  ( ( ( (media_type  = 1)  OR  (media_type  = 2)  OR  (media_type  = 3) )  AND  ( (_data  NOT LIKE '%Android/data%')  AND  ((_data GLOB '*/.*') = 0) ) )  AND  ((_data GLOB '*/.*') = 0) ) ) AND (((format IS NULL OR format != 12289) AND (_size IS NOT NULL) AND (_data IS NOT NULL) AND (LENGTH(_data) > 1))))) ORDER BY date_modified DESC LIMIT 10
07-12 17:17:24.140  5136 20891 D SQLiteQueryBuilder: SELECT sum(_size), count(_size) FROM files WHERE ((((is_pending=0 AND NOT _modifier=4) OR (is_pending=1 AND lower(_data) NOT REGEXP '.*/\.pending-(\d+)-([^/]+)$' AND owner_package_name IN ( 'com.google.android.apps.nbu.files' )))) AND (is_trashed=0) AND (volume_name IN ( 'external_primary' ))) AND (((media_type = 2 AND  ((_data GLOB '*/.*') = 0) ) AND (((format IS NULL OR format != 12289) AND (_size IS NOT NULL) AND (_data IS NOT NULL) AND (LENGTH(_data) > 1)))))
07-12 17:17:24.143 24793 24793 W LOTTIE  : Animation contains merge paths but they are disabled.
07-12 17:17:24.207 24793  9998 I BLASTBufferQueue: QoSAllocBuff Successful. Ret 0 
07-12 17:17:24.208  5136 16079 D SQLiteQueryBuilder: SELECT sum(_size), count(_size) FROM files WHERE ((((is_pending=0 AND NOT _modifier=4) OR (is_pending=1 AND lower(_data) NOT REGEXP '.*/\.pending-(\d+)-([^/]+)$' AND owner_package_name IN ( 'com.google.android.apps.nbu.files' )))) AND (is_trashed=0) AND (volume_name IN ( 'external_primary' ))) AND ((( ( ((_data GLOB '*/.*') = 0)  AND  (_data  LIKE '/storage/emulated/0/Download/%') ) ) AND (((format IS NULL OR format != 12289) AND (_size IS NOT NULL) AND (_data IS NOT NULL) AND (LENGTH(_data) > 1)))))
07-12 17:17:24.214 24793 24793 W View    : requestLayout() improperly called by com.google.android.material.appbar.AppBarLayout{97346ca V.E...... ......ID 0,0-1080,176 #7f0a02d2 app:id/main_appbar} during layout: running second layout pass
07-12 17:17:24.233 24793 24946 W Settings: Setting development_settings_enabled has moved from android.provider.Settings.Secure to android.provider.Settings.Global.
07-12 17:17:24.243  4100  9775 I NetworkScheduler: (REDACTED) Error inserting %s
07-12 17:17:24.243 24793 24946 W Settings: Setting development_settings_enabled has moved from android.provider.Settings.Secure to android.provider.Settings.Global.
07-12 17:17:24.243 24793 24793 W View    : requestLayout() improperly called by com.google.android.material.appbar.AppBarLayout{97346ca V.E...... ......ID 0,0-1080,176 #7f0a02d2 app:id/main_appbar} during second layout pass: posting in next frame
07-12 17:17:24.243  5136  5796 D SQLiteQueryBuilder: SELECT sum(_size), count(_size) FROM files WHERE ((((is_pending=0 AND NOT _modifier=4) OR (is_pending=1 AND lower(_data) NOT REGEXP '.*/\.pending-(\d+)-([^/]+)$' AND owner_package_name IN ( 'com.google.android.apps.nbu.files' )))) AND (is_trashed=1) AND (volume_name IN ( 'external_primary' ))) AND (((((format IS NULL OR format != 12289) AND (_size IS NOT NULL) AND (_data IS NOT NULL) AND (LENGTH(_data) > 1)) AND  ( (_data  LIKE '/storage/emulated/0/%')  AND  (date_expires  > 1751715144) ) ) AND (((format IS NULL OR format != 12289) AND (_size IS NOT NULL) AND (_data IS NOT NULL) AND (LENGTH(_data) > 1)))))
07-12 17:17:24.244  5136 20893 D SQLiteQueryBuilder: SELECT sum(_size), count(_size) FROM files WHERE ((((is_pending=0 AND NOT _modifier=4) OR (is_pending=1 AND lower(_data) NOT REGEXP '.*/\.pending-(\d+)-([^/]+)$' AND owner_package_name IN ( 'com.google.android.apps.nbu.files' )))) AND (is_trashed=1) AND (volume_name IN ( 'external_primary' ))) AND (((((format IS NULL OR format != 12289) AND (_size IS NOT NULL) AND (_data IS NOT NULL) AND (LENGTH(_data) > 1)) AND  ( (1)  AND  (date_expires  > 1751715144) ) ) AND (((format IS NULL OR format != 12289) AND (_size IS NOT NULL) AND (_data IS NOT NULL) AND (LENGTH(_data) > 1)))))
07-12 17:17:24.263 24793 24946 W Settings: Setting development_settings_enabled has moved from android.provider.Settings.Secure to android.provider.Settings.Global.
07-12 17:17:24.263 24793 24946 W Settings: Setting development_settings_enabled has moved from android.provider.Settings.Secure to android.provider.Settings.Global.
07-12 17:17:24.265 24793 24946 W Settings: Setting development_settings_enabled has moved from android.provider.Settings.Secure to android.provider.Settings.Global.
07-12 17:17:24.266  5136 22364 D SQLiteQueryBuilder: SELECT _id, title, date_modified, date_added, _size, mime_type, duration, media_type, bucket_display_name, _display_name, is_drm, _data, date_expires, album, artist FROM files WHERE ((((is_pending=0 AND NOT _modifier=4) OR (is_pending=1 AND lower(_data) NOT REGEXP '.*/\.pending-(\d+)-([^/]+)$' AND owner_package_name IN ( 'com.google.android.apps.nbu.files' )))) AND (is_trashed=0) AND (volume_name IN ( 'external_primary' ))) AND (((media_type = 6 AND  ( (_data  NOT LIKE '%Android/data%')  AND  ((_data GLOB '*/.*') = 0) ) ) AND (((format IS NULL OR format != 12289) AND (_size IS NOT NULL) AND (_data IS NOT NULL) AND (LENGTH(_data) > 1))))) ORDER BY date_modified DESC LIMIT 10
07-12 17:17:24.271 24793 24802 I .apps.nbu.files: Background young concurrent copying GC freed 7090KB AllocSpace bytes, 38(1656KB) LOS objects, 35% free, 12MB/19MB, paused 130us,195us total 126.774ms
07-12 17:17:24.271  5136  5171 D SQLiteQueryBuilder: SELECT sum(_size), count(_size) FROM files WHERE ((((is_pending=0 AND NOT _modifier=4) OR (is_pending=1 AND lower(_data) NOT REGEXP '.*/\.pending-(\d+)-([^/]+)$' AND owner_package_name IN ( 'com.google.android.apps.nbu.files' )))) AND (is_trashed=0) AND (volume_name IN ( 'external_primary' ))) AND (((media_type = 6 AND  ((_data GLOB '*/.*') = 0) ) AND (((format IS NULL OR format != 12289) AND (_size IS NOT NULL) AND (_data IS NOT NULL) AND (LENGTH(_data) > 1)))))
07-12 17:17:24.273 24793 24946 W Settings: Setting development_settings_enabled has moved from android.provider.Settings.Secure to android.provider.Settings.Global.
07-12 17:17:24.283 24793 24946 W Settings: Setting development_settings_enabled has moved from android.provider.Settings.Secure to android.provider.Settings.Global.
07-12 17:17:24.291 24793 24946 W Settings: Setting development_settings_enabled has moved from android.provider.Settings.Secure to android.provider.Settings.Global.
07-12 17:17:24.301 24793 10035 W TimedProcessReaper: Scheduling killing of process to refresh configuration
07-12 17:17:24.304 24793 24951 W hzi     : Syncing files device mendel pkg failed
07-12 17:17:24.304 24793 24951 W hzi     : java.util.concurrent.ExecutionException: pdg
07-12 17:17:24.304 24793 24951 W hzi     : 	at qoi.i(PG:21)
07-12 17:17:24.304 24793 24951 W hzi     : 	at qoq.s(PG:23)
07-12 17:17:24.304 24793 24951 W hzi     : 	at qoi.get(PG:1)
07-12 17:17:24.304 24793 24951 W hzi     : 	at a.K(PG:2)
07-12 17:17:24.304 24793 24951 W hzi     : 	at qtc.D(PG:10)
07-12 17:17:24.304 24793 24951 W hzi     : 	at hzi.a(PG:1)
07-12 17:17:24.304 24793 24951 W hzi     : 	at hry.run(PG:538)
07-12 17:17:24.304 24793 24951 W hzi     : 	at tqq.run(PG:27)
07-12 17:17:24.304 24793 24951 W hzi     : 	at lil.run(PG:5)
07-12 17:17:24.304 24793 24951 W hzi     : 	at qmb.run(PG:44)
07-12 17:17:24.304 24793 24951 W hzi     : 	at lcb.run(PG:295)
07-12 17:17:24.304 24793 24951 W hzi     : 	at java.lang.Thread.run(Thread.java:1012)
07-12 17:17:24.304 24793 24951 W hzi     : 	at ljc.run(PG:61)
07-12 17:17:24.304 24793 24951 W hzi     : Caused by: pdg
07-12 17:17:24.305 24793 24793 W Settings: Setting development_settings_enabled has moved from android.provider.Settings.Secure to android.provider.Settings.Global.
07-12 17:17:24.302  5136  5152 D SQLiteQueryBuilder: SELECT _id, title, date_modified, date_added, _size, mime_type, duration, media_type, bucket_display_name, _display_name, is_drm, _data, date_expires, album, artist FROM files WHERE ((((is_pending=0 AND NOT _modifier=4) OR (is_pending=1 AND lower(_data) NOT REGEXP '.*/\.pending-(\d+)-([^/]+)$' AND owner_package_name IN ( 'com.google.android.apps.nbu.files' )))) AND (is_trashed=0) AND (volume_name IN ( 'external_primary' ))) AND (((mime_type IS NOT NULL AND mime_type IS NOT 'application/octet-stream' AND  ( ( ( (media_type  = 1)  OR  (media_type  = 2)  OR  (media_type  = 3) )  AND  ( (_data  NOT LIKE '%Android/data%')  AND  ((_data GLOB '*/.*') = 0) ) )  AND  ((_data GLOB '*/.*') = 0) ) ) AND (((format IS NULL OR format != 12289) AND (_size IS NOT NULL) AND (_data IS NOT NULL) AND (LENGTH(_data) > 1))))) ORDER BY date_modified DESC LIMIT 10
07-12 17:17:24.355 24793 10135 W System  : ClassLoader referenced unknown path: 
07-12 17:17:24.370 24793 10135 W .apps.nbu.files: ClassLoaderContext classpath element checksum mismatch. expected=3707855546, found=1075234741 (DLC[];PCL[base.apk*3707855546]{PCL[/system/framework/org.apache.http.legacy.jar*1230680128]#PCL[/system/framework/com.android.media.remotedisplay.jar*2042759013]#PCL[/system/framework/com.android.location.provider.jar*3414091812]#PCL[/system_ext/framework/androidx.window.extensions.jar*1669733545]#PCL[/system_ext/framework/androidx.window.sidecar.jar*3794466304]} | DLC[];PCL[/data/app/~~Gi6WzRl5JVey8FEUXrJ-Rw==/com.google.android.apps.nbu.files-wFsAeT4IMvbrGx7BZcYztg==/base.apk*1075234741]{PCL[/system/framework/org.apache.http.legacy.jar*1230680128]#PCL[/system_ext/framework/androidx.window.extensions.jar*1669733545]#PCL[/system_ext/framework/androidx.window.sidecar.jar*3794466304]})
07-12 17:17:24.395 24793 10135 W CronetEngine.Builder: The implementation version is lower than the API version. Calls to methods added in API 36 and newer will likely have no effect.
07-12 17:17:24.427 24793 10146 I HttpFlagsLoader: HTTP flags log line (Impl): Using live production flag values from Google
07-12 17:17:24.432 24793 10135 I cn_CronetLibraryLoader: Cronet version: 138.0.7156.0, arch: aarch64
07-12 17:17:24.455 24793 24793 W View    : requestLayout() improperly called by com.google.android.material.appbar.AppBarLayout{97346ca V.E...... ......ID 0,0-1080,176 #7f0a02d2 app:id/main_appbar} during layout: running second layout pass
07-12 17:17:24.466  5136  5171 D SQLiteQueryBuilder: SELECT _data, owner_package_name, is_pending FROM files WHERE ((_id='1000051304') AND (volume_name IN ( 'external_primary' )))
07-12 17:17:24.467  5136 16079 D SQLiteQueryBuilder: SELECT _data, owner_package_name, is_pending FROM files WHERE ((_id='1000051305') AND (volume_name IN ( 'external_primary' )))
07-12 17:17:24.470  5136 20893 D SQLiteQueryBuilder: SELECT _data, owner_package_name, is_pending FROM files WHERE ((_id='1000051303') AND (volume_name IN ( 'external_primary' )))
07-12 17:17:24.487 24793 10048 I DMABUFHEAPS: Using DMA-BUF heap named: mtk_mm
07-12 17:17:24.488 24793 10049 I DMABUFHEAPS: Using DMA-BUF heap named: mtk_mm
07-12 17:17:24.524  5136  5796 D SQLiteQueryBuilder: SELECT _id, title, date_modified, date_added, _size, mime_type, duration, media_type, bucket_display_name, _display_name, is_drm, _data, date_expires, album, artist FROM files WHERE ((((is_pending=0 AND NOT _modifier=4) OR (is_pending=1 AND lower(_data) NOT REGEXP '.*/\.pending-(\d+)-([^/]+)$' AND owner_package_name IN ( 'com.google.android.apps.nbu.files' )))) AND (is_trashed=0) AND (volume_name IN ( 'external_primary' ))) AND (((media_type = 6 AND  ( (_data  NOT LIKE '%Android/data%')  AND  ((_data GLOB '*/.*') = 0) ) ) AND (((format IS NULL OR format != 12289) AND (_size IS NOT NULL) AND (_data IS NOT NULL) AND (LENGTH(_data) > 1))))) ORDER BY date_modified DESC LIMIT 10
07-12 17:17:24.531  5136 22626 D SQLiteQueryBuilder: SELECT _id, title, date_modified, date_added, _size, mime_type, duration, media_type, bucket_display_name, _display_name, is_drm, _data, date_expires, album, artist FROM files WHERE ((((is_pending=0 AND NOT _modifier=4) OR (is_pending=1 AND lower(_data) NOT REGEXP '.*/\.pending-(\d+)-([^/]+)$' AND owner_package_name IN ( 'com.google.android.apps.nbu.files' )))) AND (is_trashed=0) AND (volume_name IN ( 'external_primary' ))) AND (((mime_type IS NOT NULL AND mime_type IS NOT 'application/octet-stream' AND  ( ( ( (media_type  = 1)  OR  (media_type  = 2)  OR  (media_type  = 3) )  AND  ( (_data  NOT LIKE '%Android/data%')  AND  ((_data GLOB '*/.*') = 0) ) )  AND  ((_data GLOB '*/.*') = 0) ) ) AND (((format IS NULL OR format != 12289) AND (_size IS NOT NULL) AND (_data IS NOT NULL) AND (LENGTH(_data) > 1))))) ORDER BY date_modified DESC LIMIT 10
07-12 17:17:24.545  3853  3853 I GoogleInputMethodService: GoogleInputMethodService.onFinishInput():1984 
07-12 17:17:24.546  3853  3853 I Module  : DeviceLockedStatusModuleProvider$Module.updateDeviceLockedStatus():100 repeatCheckTimes = 0, locked = false
07-12 17:17:24.547  3853  3853 I GoogleInputMethodService: GoogleInputMethodService.onStartInput():1248 onStartInput(EditorInfo{EditorInfo{packageName=com.google.android.apps.nbu.files, inputType=0, inputTypeString=NULL, enableLearning=false, autoCorrection=false, autoComplete=false, imeOptions=0, privateImeOptions=null, actionName=UNSPECIFIED, actionLabel=null, initialSelStart=-1, initialSelEnd=-1, initialCapsMode=0, label=null, fieldId=0, fieldName=null, extras=null, hintText=null, hintLocales=[]}}, false)
07-12 17:17:24.548  3853  3853 I Module  : DeviceLockedStatusModuleProvider$Module.updateDeviceLockedStatus():100 repeatCheckTimes = 1, locked = false
07-12 17:17:24.583  4100 10138 I NetworkScheduler: (REDACTED) Error inserting %s
07-12 17:17:24.605  4100  9775 I NetworkScheduler: (REDACTED) Error inserting %s
07-12 17:17:24.794 24793 24793 W WindowOnBackDispatcher: sendCancelIfRunning: isInProgress=false callback=android.app.Activity$$ExternalSyntheticLambda0@2bf69ff
07-12 17:17:25.145  5136 22626 D SQLiteQueryBuilder: SELECT sum(_size), count(_size) FROM files WHERE ((((is_pending=0 AND NOT _modifier=4) OR (is_pending=1 AND lower(_data) NOT REGEXP '.*/\.pending-(\d+)-([^/]+)$' AND owner_package_name IN ( 'com.google.android.apps.nbu.files' )))) AND (is_trashed=0) AND (volume_name IN ( 'external_primary' ))) AND (((((format IS NULL OR format != 12289) AND (_size IS NOT NULL) AND (_data IS NOT NULL) AND (LENGTH(_data) > 1)) AND  ( (_id  IN  () )  AND  (_size  != 0) ) ) AND (((format IS NULL OR format != 12289) AND (_size IS NOT NULL) AND (_data IS NOT NULL) AND (LENGTH(_data) > 1)))))
07-12 17:17:25.228  5136 22626 D SQLiteQueryBuilder: SELECT _id FROM files WHERE ((((is_pending=0 AND NOT _modifier=4) OR (is_pending=1 AND lower(_data) NOT REGEXP '.*/\.pending-(\d+)-([^/]+)$' AND owner_package_name IN ( 'com.google.android.apps.nbu.files' )))) AND (is_trashed=0) AND (volume_name IN ( 'external_primary' ))) AND ((_id <= ?)) ORDER BY _id ASC
07-12 17:17:25.308 24793 24802 I .apps.nbu.files: Background concurrent copying GC freed 8373KB AllocSpace bytes, 14(632KB) LOS objects, 49% free, 14MB/29MB, paused 167us,657us total 134.203ms
07-12 17:17:25.318  5710  6241 I BLASTBufferQueue: QoSAllocBuff Successful. Ret 0 
07-12 17:17:25.325  5710  5710 I bmqk    : onStart
07-12 17:17:25.337  5710  5710 I bkkf    : (REDACTED) [%s] onStart()
07-12 17:17:25.338  5710  5710 I bkmj    : Reloading theme data
07-12 17:17:25.338  5710  5710 I bkkf    : silent_refresh state: Idle/Default
07-12 17:17:25.338  5710  5710 I bmqk    : onResume
07-12 17:17:25.387  5136 22626 D SQLiteQueryBuilder: SELECT sum(_size), count(_size) FROM files WHERE ((((is_pending=0 AND NOT _modifier=4) OR (is_pending=1 AND lower(_data) NOT REGEXP '.*/\.pending-(\d+)-([^/]+)$' AND owner_package_name IN ( 'com.google.android.apps.nbu.files' )))) AND (is_trashed=0) AND (volume_name IN ( 'external_primary' ))) AND (((((format IS NULL OR format != 12289) AND (_size IS NOT NULL) AND (_data IS NOT NULL) AND (LENGTH(_data) > 1)) AND  ( (date_modified  > 1752319927)  OR  (_id  > 1000051305) ) ) AND (((format IS NULL OR format != 12289) AND (_size IS NOT NULL) AND (_data IS NOT NULL) AND (LENGTH(_data) > 1)))))
07-12 17:17:25.936  5710  5710 I bmjz    : (REDACTED) onApplyWindowInsets: systemWindowInsets=%s
07-12 17:17:25.936  5710  5710 I bmjz    : (REDACTED) onApplyWindowInsets: systemWindowInsets=%s
07-12 17:17:25.968  3853  3853 I GoogleInputMethodService: GoogleInputMethodService.onFinishInput():1984 
07-12 17:17:25.969  3853  3853 I Module  : DeviceLockedStatusModuleProvider$Module.updateDeviceLockedStatus():100 repeatCheckTimes = 0, locked = false
07-12 17:17:25.970  3853  3853 I GoogleInputMethodService: GoogleInputMethodService.onStartInput():1248 onStartInput(EditorInfo{EditorInfo{packageName=com.android.launcher3, inputType=0, inputTypeString=NULL, enableLearning=false, autoCorrection=false, autoComplete=false, imeOptions=0, privateImeOptions=null, actionName=UNSPECIFIED, actionLabel=null, initialSelStart=-1, initialSelEnd=-1, initialCapsMode=0, label=null, fieldId=0, fieldName=null, extras=null, hintText=null, hintLocales=[]}}, false)
07-12 17:17:25.972  3853  3853 I Module  : DeviceLockedStatusModuleProvider$Module.updateDeviceLockedStatus():100 repeatCheckTimes = 1, locked = false
07-12 17:17:26.035  4100  9774 I NetworkScheduler: (REDACTED) Error inserting %s
07-12 17:17:26.169 24793 10017 I FA      : Application backgrounded at: timestamp_millis: 1752319944138
07-12 17:17:26.200  5710  5710 I bmjz    : (REDACTED) onApplyWindowInsets: systemWindowInsets=%s
07-12 17:17:26.200  5710  5710 I bmjz    : (REDACTED) onApplyWindowInsets: systemWindowInsets=%s
07-12 17:17:26.250  7748  9860 I BLASTBufferQueue: QoSAllocBuff Successful. Ret 0 
07-12 17:17:26.269  5710  5710 I bmqk    : onPause
07-12 17:17:26.309  7748  7748 I AssistStructure: Flattened final assist data: 3292 bytes, containing 1 windows, 23 views
07-12 17:17:26.345  3853  3853 I GoogleInputMethodService: GoogleInputMethodService.onFinishInput():1984 
07-12 17:17:26.346  3853  3853 I Module  : DeviceLockedStatusModuleProvider$Module.updateDeviceLockedStatus():100 repeatCheckTimes = 0, locked = false
07-12 17:17:26.347  3853  3853 I GoogleInputMethodService: GoogleInputMethodService.onStartInput():1248 onStartInput(EditorInfo{EditorInfo{packageName=com.alstha.growth, inputType=0, inputTypeString=NULL, enableLearning=false, autoCorrection=false, autoComplete=false, imeOptions=0, privateImeOptions=null, actionName=UNSPECIFIED, actionLabel=null, initialSelStart=-1, initialSelEnd=-1, initialCapsMode=0, label=null, fieldId=0, fieldName=null, extras=null, hintText=null, hintLocales=[]}}, false)
07-12 17:17:26.348  3853  3853 I Module  : DeviceLockedStatusModuleProvider$Module.updateDeviceLockedStatus():100 repeatCheckTimes = 1, locked = false
07-12 17:17:26.435  5710  5760 I chbox:googleapp: Background young concurrent copying GC freed 2848KB AllocSpace bytes, 4(64KB) LOS objects, 5% free, 49MB/52MB, paused 258us,53us total 165.091ms
07-12 17:17:26.531  7748 10198 W InteractionJankMonitor: Initializing without READ_DEVICE_CONFIG permission. enabled=false, interval=1, missedFrameThreshold=3, frameTimeThreshold=64, package=com.alstha.growth
07-12 17:17:26.728  5710  5710 I bmqk    : onStop
07-12 17:17:26.890  4216  4227 I gle.android.gms: Compiler allocated 4171KB to compile void cnte.ak(java.lang.String, long)
07-12 17:17:27.118 24793 24946 I incfs   : Initial API level of the device: 33
07-12 17:17:27.119 24793 24946 I incfs   : ro.incremental.enable: yes
07-12 17:17:27.120 24793 24946 I incfs   : IncFs_Features: v2
07-12 17:17:27.122 24793 24946 I incfs-mounts: [incfs] Loaded incremental-fs mount info: 2 instances, 4 mount points
07-12 17:17:27.851 24793 24793 W JobService: onNetworkChanged() not implemented in androidx.work.impl.background.systemjob.SystemJobService. Must override in a subclass.
07-12 17:17:27.854  4100 11477 I NullBinder: NullBinder for android.net.action.RECOMMEND_NETWORKS triggering remote TransactionTooLargeException due to Service without Chimera impl, calling uid: 1000, calling pid: 0
07-12 17:17:27.854  4100 11477 W .gms.persistent: Large reply transaction of 1056768 bytes, interface descriptor , code 1
07-12 17:17:27.856  4100  9775 I NetworkScheduler.Stats: (REDACTED) Task %s/%s started execution. cause:%s exec_start_elapsed_seconds: %s
07-12 17:17:27.862  4100  7897 W Wear_WifiService: Syncing Wifi Credentials
07-12 17:17:27.863  4100 11477 I NullBinder: NullBinder for android.net.action.RECOMMEND_NETWORKS triggering remote TransactionTooLargeException due to Service without Chimera impl, calling uid: 1000, calling pid: 0
07-12 17:17:27.863  4100 11477 W .gms.persistent: Large reply transaction of 1056768 bytes, interface descriptor , code 1
07-12 17:17:27.864  4100 11477 I NullBinder: NullBinder for android.net.action.RECOMMEND_NETWORKS triggering remote TransactionTooLargeException due to Service without Chimera impl, calling uid: 1000, calling pid: 0
07-12 17:17:27.864  4100 11477 W .gms.persistent: Large reply transaction of 1056768 bytes, interface descriptor , code 1
07-12 17:17:27.882 12900 12900 I Choreographer: Skipped 13772 frames!  The application may be doing too much work on its main thread.
07-12 17:17:27.899  4100  9774 I NetworkScheduler.Stats: (REDACTED) Task %s/%s finished executing. cause:%s result: %s elapsed_millis: %s uptime_millis: %s exec_start_elapsed_seconds: %s
07-12 17:17:27.952 12900 13543 E msys    : E[N WA]WCCXMPPStreamDisconnectImmediately(676)=>[WARNING] xmpp/disconnect/immediate in state=2 reason=xmpp/idle/timeout
07-12 17:17:27.954 12900 24722 E msys    : E[N mccw.liger]onReadError(732)=>read/error - ex: AsyncSocketException: recv() failed (peer=163.70.144.175:5222), type = Internal error, errno = 103 (Software caused connection abort), errno: 103
07-12 17:17:27.959 12900 13543 E msys    : E[N WA]_WCCXMPPStreamDisconnectHandler(300)=>xmpp/disconnect - WCIStreamStateErrorCode: 1, domain: WCIStreamState, subdomain: happyeyeballs: Error Domain=WCIStreamState Code=1 UserInfo=0xb400006d60070140 {MCFErrorDirectUnderlyingErrorKey=0xb400006e003cf850 "Error Domain=happyeyeballs Code=1"}
07-12 17:17:27.959 12900 13543 E msys    : E[N WA]_WCCConnectionDefaultLifecycleEventHandler(1972)=>[INFO] connection/xmpp/lifecycle_event/not-connected, [125.0890s]
07-12 17:17:27.959 12900 13543 E msys    : E[N WA]_WCCXMPPStreamDoDisconnect(1051)=>xmpp/disconnect - flags: 0
07-12 17:17:27.959 12900 13543 E msys    : E[N WA]_WCCConnectionDefaultEmitStateChange(2944)=>[INFO] connection/new_state/not-connected [connection_id=926821449, wcc_source=1, wcc_reason=0]
07-12 17:17:27.964 24793 10017 I FA      : Application backgrounded at: timestamp_millis: 1752319945955
07-12 17:17:27.967 12900 13543 E msys    : E[N WA]_WCCConnectionDefaultDisconnectHandler(2095)=>[INFO] connection/disconnected/[did-connect, did-read-bytes]
07-12 17:17:27.968 12900 13456 E MvfstCallbacks.cpp: readError: streamid=0; error=LocalError: Idle timeout, Idle timeout, num non control streams: 4
07-12 17:17:27.968 12900 13456 E MvfstCallbacks.cpp: readError: streamid=3; error=LocalError: Idle timeout, Idle timeout, num non control streams: 4
07-12 17:17:27.968 12900 13456 E MvfstCallbacks.cpp: readError: streamid=7; error=LocalError: Idle timeout, Idle timeout, num non control streams: 4
07-12 17:17:27.969 12900 13456 E MvfstCallbacks.cpp: readError: streamid=11; error=LocalError: Idle timeout, Idle timeout, num non control streams: 4
07-12 17:17:27.969 12900 13543 E msys    : E[N WA]_WCCConnectionDefaultEmitStateChange(2944)=>[INFO] connection/new_state/connecting [connection_id=926821450, wcc_source=1, wcc_reason=0]
07-12 17:17:27.970 12900 13456 E MvfstCallbacks.cpp: onConnectionError: error=LocalError: Idle timeout, Idle timeout, num non control streams: 4
07-12 17:17:27.970 12900 13456 E MvfstCallbacks.cpp: writeChain error: Connection closed
07-12 17:17:27.984 12900 13228 E MvfstCallbacks.cpp: readError: streamid=3; error=LocalError: Idle timeout, Idle timeout, num non control streams: 3
07-12 17:17:27.983  6802  8261 E msgr.msys: E[N mccw.liger]onReadError(732)=>read/error - ex: AsyncSocketException: recv() failed (peer=163.70.144.39:5222), type = Internal error, errno = 103 (Software caused connection abort), errno: 103
