07-12 17:08:18.795  5836  5836 E AndroidRuntime: FATAL EXCEPTION: main
07-12 17:08:18.795  5836  5836 E AndroidRuntime: Process: com.alstha.growth, PID: 5836
07-12 17:08:18.795  5836  5836 E AndroidRuntime: java.lang.IllegalArgumentException: Expected URL scheme 'http' or 'https' but no scheme was found for 192.16...
07-12 17:08:18.795  5836  5836 E AndroidRuntime: 	at okhttp3.HttpUrl$Builder.parse$okhttp(HttpUrl.kt:1261)
07-12 17:08:18.795  5836  5836 E AndroidRuntime: 	at okhttp3.HttpUrl$Companion.get(HttpUrl.kt:1634)
07-12 17:08:18.795  5836  5836 E AndroidRuntime: 	at okhttp3.HttpUrl.get(Unknown Source:2)
07-12 17:08:18.795  5836  5836 E AndroidRuntime: 	at retrofit2.Retrofit$Builder.baseUrl(Retrofit.java:506)
07-12 17:08:18.795  5836  5836 E AndroidRuntime: 	at com.alstha.growth.FileListFragment.loadFileList(FileListFragment.kt:86)
07-12 17:08:18.795  5836  5836 E AndroidRuntime: 	at com.alstha.growth.FileListFragment.onViewCreated(FileListFragment.kt:53)
07-12 17:08:18.795  5836  5836 E AndroidRuntime: 	at androidx.fragment.app.Fragment.performViewCreated(Fragment.java:3147)
07-12 17:08:18.795  5836  5836 E AndroidRuntime: 	at androidx.fragment.app.FragmentStateManager.createView(FragmentStateManager.java:588)
07-12 17:08:18.795  5836  5836 E AndroidRuntime: 	at androidx.fragment.app.FragmentStateManager.moveToExpectedState(FragmentStateManager.java:272)
07-12 17:08:18.795  5836  5836 E AndroidRuntime: 	at androidx.fragment.app.FragmentManager.executeOpsTogether(FragmentManager.java:1943)
07-12 17:08:18.795  5836  5836 E AndroidRuntime: 	at androidx.fragment.app.FragmentManager.removeRedundantOperationsAndExecute(FragmentManager.java:1839)
07-12 17:08:18.795  5836  5836 E AndroidRuntime: 	at androidx.fragment.app.FragmentManager.execPendingActions(FragmentManager.java:1782)
07-12 17:08:18.795  5836  5836 E AndroidRuntime: 	at androidx.fragment.app.FragmentManager$5.run(FragmentManager.java:565)
07-12 17:08:18.795  5836  5836 E AndroidRuntime: 	at android.os.Handler.handleCallback(Handler.java:1014)
07-12 17:08:18.795  5836  5836 E AndroidRuntime: 	at android.os.Handler.dispatchMessage(Handler.java:102)
07-12 17:08:18.795  5836  5836 E AndroidRuntime: 	at android.os.Looper.loopOnce(Looper.java:250)
07-12 17:08:18.795  5836  5836 E AndroidRuntime: 	at android.os.Looper.loop(Looper.java:340)
07-12 17:08:18.795  5836  5836 E AndroidRuntime: 	at android.app.ActivityThread.main(ActivityThread.java:9860)
07-12 17:08:18.795  5836  5836 E AndroidRuntime: 	at java.lang.reflect.Method.invoke(Native Method)
07-12 17:08:18.795  5836  5836 E AndroidRuntime: 	at com.android.internal.os.RuntimeInit$MethodAndArgsCaller.run(RuntimeInit.java:621)
07-12 17:08:18.795  5836  5836 E AndroidRuntime: 	at com.android.internal.os.ZygoteInit.main(ZygoteInit.java:957)
07-12 17:15:22.134  4100  6079 I NullBinder: NullBinder for android.net.action.RECOMMEND_NETWORKS triggering remote TransactionTooLargeException due to Service without Chimera impl, calling uid: 1000, calling pid: 0
07-12 17:15:22.147  4100  7386 I NullBinder: NullBinder for android.net.action.RECOMMEND_NETWORKS triggering remote TransactionTooLargeException due to Service without Chimera impl, calling uid: 1000, calling pid: 0
07-12 17:15:22.155  4100  7386 I NullBinder: NullBinder for android.net.action.RECOMMEND_NETWORKS triggering remote TransactionTooLargeException due to Service without Chimera impl, calling uid: 1000, calling pid: 0
07-12 17:15:22.200 12900 24722 E msys    : E[N mccw.liger]onReadError(732)=>read/error - ex: AsyncSocketException: recv() failed (peer=163.70.144.175:5222), type = Internal error, errno = 103 (Software caused connection abort), errno: 103
07-12 17:15:22.206 12900 13456 E MvfstCallbacks.cpp: readError: streamid=0; error=LocalError: Idle timeout, Idle timeout, num non control streams: 4
07-12 17:15:22.206 12900 13456 E MvfstCallbacks.cpp: readError: streamid=3; error=LocalError: Idle timeout, Idle timeout, num non control streams: 4
07-12 17:15:22.206 12900 13456 E MvfstCallbacks.cpp: readError: streamid=7; error=LocalError: Idle timeout, Idle timeout, num non control streams: 4
07-12 17:15:22.206 12900 13456 E MvfstCallbacks.cpp: readError: streamid=11; error=LocalError: Idle timeout, Idle timeout, num non control streams: 4
07-12 17:15:22.207 12900 13456 E MvfstCallbacks.cpp: onConnectionError: error=LocalError: Idle timeout, Idle timeout, num non control streams: 4
07-12 17:15:22.226  6809  6809 W Finsky  : [2] STU: Failed to get storage stats for package 'com.google.mainline.primary.libs' (1601: Error getting stats: android.content.pm.PackageManager.NameNotFoundException)
07-12 17:15:22.249 12900 13543 E msys    : E[N WA]_WCCXMPPStreamDisconnectHandler(300)=>xmpp/disconnect - WCIStreamStateErrorCode: 1, domain: WCIStreamState, subdomain: happyeyeballs: Error Domain=WCIStreamState Code=1 UserInfo=0xb400006d600752d0 {MCFErrorDirectUnderlyingErrorKey=0xb400006e003893d0 "Error Domain=happyeyeballs Code=1"}
07-12 17:15:22.291  6802  8261 E msgr.msys: E[N mccw.liger]onReadError(732)=>read/error - ex: AsyncSocketException: recv() failed (peer=163.70.144.39:5222), type = Internal error, errno = 103 (Software caused connection abort), errno: 103
07-12 17:15:22.294  6802  7890 E msgr.msys: E[N WA]_WCCXMPPStreamDisconnectHandler(300)=>xmpp/disconnect - WCIStreamStateErrorCode: 2, domain: WCIStreamState, subdomain: MCCWLigerStream: Error Domain=WCIStreamState Code=2 UserInfo=0xc382f5d80 {MCFErrorDirectUnderlyingErrorKey=0xb400006e00089990 "Error Domain=MCCWLigerStream Code=2 UserInfo=0xc382f5cc0 {MCFErrorDirectLocalizedFailureReasonKey=AsyncSocketException: recv() failed (peer=163.70.144.39:5222), type = Internal error, errno = 103 (Software caused connection abort)}"}
07-12 17:15:22.297  6809  6809 W Finsky  : [2] STU: Failed to get storage stats for package 'com.android.wifi' (1601: Error getting stats: android.content.pm.PackageManager.NameNotFoundException)
07-12 17:15:22.307  6802  7890 E msgr.msys: E[C 1]MCCLogErrorWithTraceOrQPL(274)=>8/374/3970/65536
07-12 17:15:22.325  6802  7890 E msgr.msys: E[C 1]MCCLogErrorWithTraceOrQPL(274)=>8/374/3972/18
07-12 17:15:22.567  9261  9393 E GoogleApiManager: java.lang.SecurityException: Unknown calling package name 'com.google.android.gms'.
07-12 17:15:22.567  9261  9393 E GoogleApiManager: 	at android.os.Parcel.createExceptionOrNull(Parcel.java:3256)
07-12 17:15:22.567  9261  9393 E GoogleApiManager: 	at android.os.Parcel.createException(Parcel.java:3240)
07-12 17:15:22.567  9261  9393 E GoogleApiManager: 	at android.os.Parcel.readException(Parcel.java:3223)
07-12 17:15:22.567  9261  9393 E GoogleApiManager: 	at android.os.Parcel.readException(Parcel.java:3165)
07-12 17:15:22.570  9261  9391 W FlagRegistrar: fifi: 17: 17: API: Phenotype.API is not available on this device. Connection failed with: ConnectionResult{statusCode=DEVELOPER_ERROR, resolution=null, message=null}
07-12 17:15:22.570  9261  9391 W FlagRegistrar: Caused by: axhn: 17: API: Phenotype.API is not available on this device. Connection failed with: ConnectionResult{statusCode=DEVELOPER_ERROR, resolution=null, message=null}
07-12 17:15:22.573  6809  6809 W Finsky  : [2] STU: Failed to get storage stats for package 'com.android.apex.cts.shim' (1601: Error getting stats: android.content.pm.PackageManager.NameNotFoundException)
07-12 17:15:22.654  6809  6809 W Finsky  : [2] STU: Failed to get storage stats for package 'com.google.android.appsearch' (1601: Error getting stats: android.content.pm.PackageManager.NameNotFoundException)
07-12 17:15:22.655  6809  6809 W Finsky  : [2] STU: Failed to get storage stats for package 'com.google.android.art' (1601: Error getting stats: android.content.pm.PackageManager.NameNotFoundException)
07-12 17:15:22.748  6809  6809 W Finsky  : [2] STU: Failed to get storage stats for package 'com.google.android.mediaprovider' (1601: Error getting stats: android.content.pm.PackageManager.NameNotFoundException)
07-12 17:15:22.819  6809  6809 W Finsky  : [2] STU: Failed to get storage stats for package 'com.android.virt' (1601: Error getting stats: android.content.pm.PackageManager.NameNotFoundException)
07-12 17:15:22.837  6809  6809 W Finsky  : [2] STU: Failed to get storage stats for package 'com.android.btservices' (1601: Error getting stats: android.content.pm.PackageManager.NameNotFoundException)
07-12 17:15:22.850  6809  6809 W Finsky  : [2] STU: Failed to get storage stats for package 'com.google.android.resolv' (1601: Error getting stats: android.content.pm.PackageManager.NameNotFoundException)
07-12 17:15:22.867  9261  9360 W cal.axni: java.lang.NoSuchMethodException: cal.aooh.getScopes []
07-12 17:15:22.926  6809  6809 W Finsky  : [2] STU: Failed to get storage stats for package 'com.google.android.configinfrastructure' (1601: Error getting stats: android.content.pm.PackageManager.NameNotFoundException)
07-12 17:15:22.927  6809  6809 W Finsky  : [2] STU: Failed to get storage stats for package 'com.google.android.media' (1601: Error getting stats: android.content.pm.PackageManager.NameNotFoundException)
07-12 17:15:23.048  6809  6809 W Finsky  : [2] STU: Failed to get storage stats for package 'com.android.vndk.v31' (1601: Error getting stats: android.content.pm.PackageManager.NameNotFoundException)
07-12 17:15:23.051  6809  6809 W Finsky  : [2] STU: Failed to get storage stats for package 'com.android.vndk.v33' (1601: Error getting stats: android.content.pm.PackageManager.NameNotFoundException)
07-12 17:15:23.067  6809  6809 W Finsky  : [2] STU: Failed to get storage stats for package 'com.android.vndk.v34' (1601: Error getting stats: android.content.pm.PackageManager.NameNotFoundException)
07-12 17:15:23.160  6809  6809 W Finsky  : [2] STU: Failed to get storage stats for package 'com.google.android.sdkext' (1601: Error getting stats: android.content.pm.PackageManager.NameNotFoundException)
07-12 17:15:23.329  6809  6809 W Finsky  : [2] STU: Failed to get storage stats for package 'com.google.android.adservices' (1601: Error getting stats: android.content.pm.PackageManager.NameNotFoundException)
07-12 17:15:23.330  6809  6809 W Finsky  : [2] STU: Failed to get storage stats for package 'com.google.android.tethering' (1601: Error getting stats: android.content.pm.PackageManager.NameNotFoundException)
07-12 17:15:23.699  6809  6809 W Finsky  : [2] STU: Failed to get storage stats for package 'com.android.runtime' (1601: Error getting stats: android.content.pm.PackageManager.NameNotFoundException)
07-12 17:15:23.781  6809  6809 W Finsky  : [2] STU: Failed to get storage stats for package 'com.google.android.cellbroadcast' (1601: Error getting stats: android.content.pm.PackageManager.NameNotFoundException)
07-12 17:15:24.339  6809  6809 W Finsky  : [2] STU: Failed to get storage stats for package 'com.android.compos' (1601: Error getting stats: android.content.pm.PackageManager.NameNotFoundException)
07-12 17:15:24.481  6809  6809 W Finsky  : [2] STU: Failed to get storage stats for package 'com.google.android.tzdata6' (1601: Error getting stats: android.content.pm.PackageManager.NameNotFoundException)
07-12 17:15:24.566  6809  6809 W Finsky  : [2] STU: Failed to get storage stats for package 'com.google.android.permission' (1601: Error getting stats: android.content.pm.PackageManager.NameNotFoundException)
07-12 17:15:24.833 19553 19553 W PhotopickerUserMonitor: android.content.res.Resources$NotFoundException: No badge found for this user.
07-12 17:15:24.833 19553 19553 W PhotopickerUserMonitor: 	at com.android.internal.os.RuntimeInit$MethodAndArgsCaller.run(RuntimeInit.java:621)
07-12 17:15:24.834 19553 19553 W PhotopickerUserMonitor: android.content.res.Resources$NotFoundException: No badge found for this user.
07-12 17:15:24.834 19553 19553 W PhotopickerUserMonitor: 	at com.android.internal.os.RuntimeInit$MethodAndArgsCaller.run(RuntimeInit.java:621)
07-12 17:15:24.835 19553 19553 W PhotopickerUserMonitor: android.content.res.Resources$NotFoundException: No badge found for this user.
07-12 17:15:24.835 19553 19553 W PhotopickerUserMonitor: 	at com.android.internal.os.RuntimeInit$MethodAndArgsCaller.run(RuntimeInit.java:621)
07-12 17:15:24.934 21659 21659 W LastAccessedStorage: java.io.FileNotFoundException: name
07-12 17:15:24.934 21659 21659 W LastAccessedStorage: 	at com.android.documentsui.base.DocumentInfo.asFileNotFoundException(DocumentInfo.java:427)
07-12 17:15:24.934 21659 21659 W LastAccessedStorage: 	at com.android.documentsui.picker.LastAccessedStorage$RuntimeLastAccessedStorage.getLastAccessed(LastAccessedStorage.java:66)
07-12 17:15:24.934 21659 21659 W LastAccessedStorage: 	at com.android.internal.os.RuntimeInit$MethodAndArgsCaller.run(RuntimeInit.java:621)
07-12 17:15:24.934 21659 21659 W LastAccessedStorage: Caused by: java.lang.NullPointerException: name
07-12 17:15:24.946 21659 22027 W RefreshTask: java.lang.NullPointerException: name
07-12 17:15:25.058  5136 18215 E PickerSyncController: java.lang.IllegalStateException: Unexpected Latest Media Collection Info: ID/Gen=null/0
07-12 17:15:25.074  5136 18215 E PickerSyncController: java.lang.IllegalStateException: Unexpected Latest Media Collection Info: ID/Gen=null/0
07-12 17:15:25.209  4100  7386 I NullBinder: NullBinder for android.net.action.RECOMMEND_NETWORKS triggering remote TransactionTooLargeException due to Service without Chimera impl, calling uid: 1000, calling pid: 0
07-12 17:15:25.230  4100  4267 I NullBinder: NullBinder for android.net.action.RECOMMEND_NETWORKS triggering remote TransactionTooLargeException due to Service without Chimera impl, calling uid: 1000, calling pid: 0
07-12 17:15:25.234  4100  4267 I NullBinder: NullBinder for android.net.action.RECOMMEND_NETWORKS triggering remote TransactionTooLargeException due to Service without Chimera impl, calling uid: 1000, calling pid: 0
07-12 17:15:26.348  6809  6809 W Finsky  : [2] STU: Failed to get storage stats for package 'com.google.android.media.swcodec' (1601: Error getting stats: android.content.pm.PackageManager.NameNotFoundException)
07-12 17:15:26.377  6809  6809 W Finsky  : [2] STU: Failed to get storage stats for package 'com.android.profiling' (1601: Error getting stats: android.content.pm.PackageManager.NameNotFoundException)
07-12 17:15:26.921  6809  6809 W Finsky  : [2] STU: Failed to get storage stats for package 'com.google.android.adbd' (1601: Error getting stats: android.content.pm.PackageManager.NameNotFoundException)
07-12 17:15:26.979  6809  6809 W Finsky  : [2] STU: Failed to get storage stats for package 'com.android.i18n' (1601: Error getting stats: android.content.pm.PackageManager.NameNotFoundException)
07-12 17:15:27.053  6809  6809 W Finsky  : [2] STU: Failed to get storage stats for package 'com.google.android.conscrypt' (1601: Error getting stats: android.content.pm.PackageManager.NameNotFoundException)
07-12 17:15:27.250  4100  4267 I NullBinder: NullBinder for android.net.action.RECOMMEND_NETWORKS triggering remote TransactionTooLargeException due to Service without Chimera impl, calling uid: 1000, calling pid: 0
07-12 17:15:27.256  4100  4267 I NullBinder: NullBinder for android.net.action.RECOMMEND_NETWORKS triggering remote TransactionTooLargeException due to Service without Chimera impl, calling uid: 1000, calling pid: 0
07-12 17:15:27.260  4100  4267 I NullBinder: NullBinder for android.net.action.RECOMMEND_NETWORKS triggering remote TransactionTooLargeException due to Service without Chimera impl, calling uid: 1000, calling pid: 0
07-12 17:15:27.443  6809  6809 W Finsky  : [2] STU: Failed to get storage stats for package 'com.google.android.neuralnetworks' (1601: Error getting stats: android.content.pm.PackageManager.NameNotFoundException)
07-12 17:15:27.527  6809  6809 W Finsky  : [2] STU: Failed to get storage stats for package 'com.google.android.ipsec' (1601: Error getting stats: android.content.pm.PackageManager.NameNotFoundException)
07-12 17:15:27.599  6809  6809 W Finsky  : [2] STU: Failed to get storage stats for package 'com.android.devicelock' (1601: Error getting stats: android.content.pm.PackageManager.NameNotFoundException)
07-12 17:15:27.733  6809  6809 W Finsky  : [2] STU: Failed to get storage stats for package 'com.google.android.ondevicepersonalization' (1601: Error getting stats: android.content.pm.PackageManager.NameNotFoundException)
07-12 17:15:27.756  6809  6809 W Finsky  : [2] STU: Failed to get storage stats for package 'com.google.android.healthfitness' (1601: Error getting stats: android.content.pm.PackageManager.NameNotFoundException)
07-12 17:15:27.875  6809  6809 W Finsky  : [2] STU: Failed to get storage stats for package 'com.android.uwb' (1601: Error getting stats: android.content.pm.PackageManager.NameNotFoundException)
07-12 17:15:27.876  6809  6809 W Finsky  : [2] STU: Failed to get storage stats for package 'com.google.android.extservices' (1601: Error getting stats: android.content.pm.PackageManager.NameNotFoundException)
07-12 17:15:28.144  6809  6809 W Finsky  : [2] STU: Failed to get storage stats for package 'com.google.android.os.statsd' (1601: Error getting stats: android.content.pm.PackageManager.NameNotFoundException)
07-12 17:15:28.288  4100  4120 I NullBinder: NullBinder for android.net.action.RECOMMEND_NETWORKS triggering remote TransactionTooLargeException due to Service without Chimera impl, calling uid: 1000, calling pid: 0
07-12 17:15:28.329  4100  4120 I NullBinder: NullBinder for android.net.action.RECOMMEND_NETWORKS triggering remote TransactionTooLargeException due to Service without Chimera impl, calling uid: 1000, calling pid: 0
07-12 17:15:28.345  4100  4120 I NullBinder: NullBinder for android.net.action.RECOMMEND_NETWORKS triggering remote TransactionTooLargeException due to Service without Chimera impl, calling uid: 1000, calling pid: 0
07-12 17:15:28.461  6809  6809 W Finsky  : [2] STU: Failed to get storage stats for package 'com.android.rkpd' (1601: Error getting stats: android.content.pm.PackageManager.NameNotFoundException)
07-12 17:15:28.471  6809  6809 W Finsky  : [2] STU: Failed to get storage stats for package 'com.google.android.scheduling' (1601: Error getting stats: android.content.pm.PackageManager.NameNotFoundException)
07-12 17:15:29.312  4100  4120 I NullBinder: NullBinder for android.net.action.RECOMMEND_NETWORKS triggering remote TransactionTooLargeException due to Service without Chimera impl, calling uid: 1000, calling pid: 0
07-12 17:15:29.325  4100  6079 I NullBinder: NullBinder for android.net.action.RECOMMEND_NETWORKS triggering remote TransactionTooLargeException due to Service without Chimera impl, calling uid: 1000, calling pid: 0
07-12 17:15:29.374  4100  4120 I NullBinder: NullBinder for android.net.action.RECOMMEND_NETWORKS triggering remote TransactionTooLargeException due to Service without Chimera impl, calling uid: 1000, calling pid: 0
07-12 17:15:32.100  6776  9539 E FileDownloadService: Download error
07-12 17:15:32.100  6776  9539 E FileDownloadService: java.lang.IllegalArgumentException: Expected URL scheme 'http' or 'https' but no scheme was found for 192.16...
07-12 17:15:32.122  6776  6776 E FileListFragment: Download error: Download failed: Expected URL scheme 'http' or 'https' but no scheme was found for 192.16...
07-12 17:15:32.591  9261  9393 E GoogleApiManager: java.lang.SecurityException: Unknown calling package name 'com.google.android.gms'.
07-12 17:15:32.591  9261  9393 E GoogleApiManager: 	at android.os.Parcel.createExceptionOrNull(Parcel.java:3256)
07-12 17:15:32.591  9261  9393 E GoogleApiManager: 	at android.os.Parcel.createException(Parcel.java:3240)
07-12 17:15:32.591  9261  9393 E GoogleApiManager: 	at android.os.Parcel.readException(Parcel.java:3223)
07-12 17:15:32.591  9261  9393 E GoogleApiManager: 	at android.os.Parcel.readException(Parcel.java:3165)
07-12 17:15:44.133  4100  5421 I NullBinder: NullBinder for android.net.action.RECOMMEND_NETWORKS triggering remote TransactionTooLargeException due to Service without Chimera impl, calling uid: 1000, calling pid: 0
07-12 17:15:44.147  4100  5421 I NullBinder: NullBinder for android.net.action.RECOMMEND_NETWORKS triggering remote TransactionTooLargeException due to Service without Chimera impl, calling uid: 1000, calling pid: 0
07-12 17:15:44.150  4100  5421 I NullBinder: NullBinder for android.net.action.RECOMMEND_NETWORKS triggering remote TransactionTooLargeException due to Service without Chimera impl, calling uid: 1000, calling pid: 0
07-12 17:15:58.421  6776  9573 E FileDownloadService: Download error
07-12 17:15:58.421  6776  9573 E FileDownloadService: java.lang.IllegalArgumentException: Expected URL scheme 'http' or 'https' but no scheme was found for 192.16...
07-12 17:15:58.431  6776  6776 E FileListFragment: Download error: Download failed: Expected URL scheme 'http' or 'https' but no scheme was found for 192.16...
07-12 17:17:01.898  4100  7166 I NullBinder: NullBinder for android.net.action.RECOMMEND_NETWORKS triggering remote TransactionTooLargeException due to Service without Chimera impl, calling uid: 1000, calling pid: 0
07-12 17:17:01.902  4100 11477 I NullBinder: NullBinder for android.net.action.RECOMMEND_NETWORKS triggering remote TransactionTooLargeException due to Service without Chimera impl, calling uid: 1000, calling pid: 0
07-12 17:17:01.905  4100 11477 I NullBinder: NullBinder for android.net.action.RECOMMEND_NETWORKS triggering remote TransactionTooLargeException due to Service without Chimera impl, calling uid: 1000, calling pid: 0
07-12 17:17:02.937  4100 11477 I NullBinder: NullBinder for android.net.action.RECOMMEND_NETWORKS triggering remote TransactionTooLargeException due to Service without Chimera impl, calling uid: 1000, calling pid: 0
07-12 17:17:02.940  4100 11477 I NullBinder: NullBinder for android.net.action.RECOMMEND_NETWORKS triggering remote TransactionTooLargeException due to Service without Chimera impl, calling uid: 1000, calling pid: 0
07-12 17:17:02.943  4100 11477 I NullBinder: NullBinder for android.net.action.RECOMMEND_NETWORKS triggering remote TransactionTooLargeException due to Service without Chimera impl, calling uid: 1000, calling pid: 0
07-12 17:17:09.775  6809  6809 W Finsky  : [2] STU: Failed to get storage stats for package 'com.google.mainline.primary.libs' (1601: Error getting stats: android.content.pm.PackageManager.NameNotFoundException)
07-12 17:17:09.788  6809  6809 W Finsky  : [2] STU: Failed to get storage stats for package 'com.android.wifi' (1601: Error getting stats: android.content.pm.PackageManager.NameNotFoundException)
07-12 17:17:09.912  6809  6809 W Finsky  : [2] STU: Failed to get storage stats for package 'com.android.apex.cts.shim' (1601: Error getting stats: android.content.pm.PackageManager.NameNotFoundException)
07-12 17:17:09.977  6809  6809 W Finsky  : [2] STU: Failed to get storage stats for package 'com.google.android.appsearch' (1601: Error getting stats: android.content.pm.PackageManager.NameNotFoundException)
07-12 17:17:09.979  6809  6809 W Finsky  : [2] STU: Failed to get storage stats for package 'com.google.android.art' (1601: Error getting stats: android.content.pm.PackageManager.NameNotFoundException)
07-12 17:17:10.048  6809  6809 W Finsky  : [2] STU: Failed to get storage stats for package 'com.google.android.mediaprovider' (1601: Error getting stats: android.content.pm.PackageManager.NameNotFoundException)
07-12 17:17:10.082  6809  6809 W Finsky  : [2] STU: Failed to get storage stats for package 'com.android.virt' (1601: Error getting stats: android.content.pm.PackageManager.NameNotFoundException)
07-12 17:17:10.095  6809  6809 W Finsky  : [2] STU: Failed to get storage stats for package 'com.android.btservices' (1601: Error getting stats: android.content.pm.PackageManager.NameNotFoundException)
07-12 17:17:10.101  6809  6809 W Finsky  : [2] STU: Failed to get storage stats for package 'com.google.android.resolv' (1601: Error getting stats: android.content.pm.PackageManager.NameNotFoundException)
07-12 17:17:10.127  6809  6809 W Finsky  : [2] STU: Failed to get storage stats for package 'com.google.android.configinfrastructure' (1601: Error getting stats: android.content.pm.PackageManager.NameNotFoundException)
07-12 17:17:10.128  6809  6809 W Finsky  : [2] STU: Failed to get storage stats for package 'com.google.android.media' (1601: Error getting stats: android.content.pm.PackageManager.NameNotFoundException)
07-12 17:17:10.168  6809  6809 W Finsky  : [2] STU: Failed to get storage stats for package 'com.android.vndk.v31' (1601: Error getting stats: android.content.pm.PackageManager.NameNotFoundException)
07-12 17:17:10.170  6809  6809 W Finsky  : [2] STU: Failed to get storage stats for package 'com.android.vndk.v33' (1601: Error getting stats: android.content.pm.PackageManager.NameNotFoundException)
07-12 17:17:10.178  6809  6809 W Finsky  : [2] STU: Failed to get storage stats for package 'com.android.vndk.v34' (1601: Error getting stats: android.content.pm.PackageManager.NameNotFoundException)
07-12 17:17:10.225  6809  6809 W Finsky  : [2] STU: Failed to get storage stats for package 'com.google.android.sdkext' (1601: Error getting stats: android.content.pm.PackageManager.NameNotFoundException)
07-12 17:17:10.284  4100 11477 I NullBinder: NullBinder for android.net.action.RECOMMEND_NETWORKS triggering remote TransactionTooLargeException due to Service without Chimera impl, calling uid: 1000, calling pid: 0
07-12 17:17:10.291  4100 11477 I NullBinder: NullBinder for android.net.action.RECOMMEND_NETWORKS triggering remote TransactionTooLargeException due to Service without Chimera impl, calling uid: 1000, calling pid: 0
07-12 17:17:10.301  4100 11477 I NullBinder: NullBinder for android.net.action.RECOMMEND_NETWORKS triggering remote TransactionTooLargeException due to Service without Chimera impl, calling uid: 1000, calling pid: 0
07-12 17:17:10.336  6809  6809 W Finsky  : [2] STU: Failed to get storage stats for package 'com.google.android.adservices' (1601: Error getting stats: android.content.pm.PackageManager.NameNotFoundException)
07-12 17:17:10.337  6809  6809 W Finsky  : [2] STU: Failed to get storage stats for package 'com.google.android.tethering' (1601: Error getting stats: android.content.pm.PackageManager.NameNotFoundException)
07-12 17:17:10.462  6809  6809 W Finsky  : [2] STU: Failed to get storage stats for package 'com.android.runtime' (1601: Error getting stats: android.content.pm.PackageManager.NameNotFoundException)
07-12 17:17:10.511  6809  6809 W Finsky  : [2] STU: Failed to get storage stats for package 'com.google.android.cellbroadcast' (1601: Error getting stats: android.content.pm.PackageManager.NameNotFoundException)
07-12 17:17:10.721  6809  6809 W Finsky  : [2] STU: Failed to get storage stats for package 'com.android.compos' (1601: Error getting stats: android.content.pm.PackageManager.NameNotFoundException)
07-12 17:17:10.761  6809  6809 W Finsky  : [2] STU: Failed to get storage stats for package 'com.google.android.tzdata6' (1601: Error getting stats: android.content.pm.PackageManager.NameNotFoundException)
07-12 17:17:10.796  6809  6809 W Finsky  : [2] STU: Failed to get storage stats for package 'com.google.android.permission' (1601: Error getting stats: android.content.pm.PackageManager.NameNotFoundException)
07-12 17:17:11.049  6809  6809 W Finsky  : [2] STU: Failed to get storage stats for package 'com.google.android.media.swcodec' (1601: Error getting stats: android.content.pm.PackageManager.NameNotFoundException)
07-12 17:17:11.076  6809  6809 W Finsky  : [2] STU: Failed to get storage stats for package 'com.android.profiling' (1601: Error getting stats: android.content.pm.PackageManager.NameNotFoundException)
07-12 17:17:11.341  6809  6809 W Finsky  : [2] STU: Failed to get storage stats for package 'com.google.android.adbd' (1601: Error getting stats: android.content.pm.PackageManager.NameNotFoundException)
07-12 17:17:11.369  6809  6809 W Finsky  : [2] STU: Failed to get storage stats for package 'com.android.i18n' (1601: Error getting stats: android.content.pm.PackageManager.NameNotFoundException)
07-12 17:17:11.400  6809  6809 W Finsky  : [2] STU: Failed to get storage stats for package 'com.google.android.conscrypt' (1601: Error getting stats: android.content.pm.PackageManager.NameNotFoundException)
07-12 17:17:11.480  6809  6809 W Finsky  : [2] STU: Failed to get storage stats for package 'com.google.android.neuralnetworks' (1601: Error getting stats: android.content.pm.PackageManager.NameNotFoundException)
07-12 17:17:11.493  6809  6809 W Finsky  : [2] STU: Failed to get storage stats for package 'com.google.android.ipsec' (1601: Error getting stats: android.content.pm.PackageManager.NameNotFoundException)
07-12 17:17:11.500  6809  6809 W Finsky  : [2] STU: Failed to get storage stats for package 'com.android.devicelock' (1601: Error getting stats: android.content.pm.PackageManager.NameNotFoundException)
07-12 17:17:11.527  6809  6809 W Finsky  : [2] STU: Failed to get storage stats for package 'com.google.android.ondevicepersonalization' (1601: Error getting stats: android.content.pm.PackageManager.NameNotFoundException)
07-12 17:17:11.536  6809  6809 W Finsky  : [2] STU: Failed to get storage stats for package 'com.google.android.healthfitness' (1601: Error getting stats: android.content.pm.PackageManager.NameNotFoundException)
07-12 17:17:11.595  6809  6809 W Finsky  : [2] STU: Failed to get storage stats for package 'com.android.uwb' (1601: Error getting stats: android.content.pm.PackageManager.NameNotFoundException)
07-12 17:17:11.596  6809  6809 W Finsky  : [2] STU: Failed to get storage stats for package 'com.google.android.extservices' (1601: Error getting stats: android.content.pm.PackageManager.NameNotFoundException)
07-12 17:17:11.710  6809  6809 W Finsky  : [2] STU: Failed to get storage stats for package 'com.google.android.os.statsd' (1601: Error getting stats: android.content.pm.PackageManager.NameNotFoundException)
07-12 17:17:11.808  6809  6809 W Finsky  : [2] STU: Failed to get storage stats for package 'com.android.rkpd' (1601: Error getting stats: android.content.pm.PackageManager.NameNotFoundException)
07-12 17:17:11.817  6809  6809 W Finsky  : [2] STU: Failed to get storage stats for package 'com.google.android.scheduling' (1601: Error getting stats: android.content.pm.PackageManager.NameNotFoundException)
07-12 17:17:13.388  4100  7386 I NullBinder: NullBinder for android.net.action.RECOMMEND_NETWORKS triggering remote TransactionTooLargeException due to Service without Chimera impl, calling uid: 1000, calling pid: 0
07-12 17:17:13.457  4100 11477 I NullBinder: NullBinder for android.net.action.RECOMMEND_NETWORKS triggering remote TransactionTooLargeException due to Service without Chimera impl, calling uid: 1000, calling pid: 0
07-12 17:17:13.460  4100 11477 I NullBinder: NullBinder for android.net.action.RECOMMEND_NETWORKS triggering remote TransactionTooLargeException due to Service without Chimera impl, calling uid: 1000, calling pid: 0
07-12 17:17:14.419  4100 11477 I NullBinder: NullBinder for android.net.action.RECOMMEND_NETWORKS triggering remote TransactionTooLargeException due to Service without Chimera impl, calling uid: 1000, calling pid: 0
07-12 17:17:14.429  4100 11477 I NullBinder: NullBinder for android.net.action.RECOMMEND_NETWORKS triggering remote TransactionTooLargeException due to Service without Chimera impl, calling uid: 1000, calling pid: 0
07-12 17:17:14.435  4100  7386 I NullBinder: NullBinder for android.net.action.RECOMMEND_NETWORKS triggering remote TransactionTooLargeException due to Service without Chimera impl, calling uid: 1000, calling pid: 0
07-12 17:17:16.817  4216  4216 I AdvertisingIdClient: getting error as 17: API: ClientTelemetry.API is not available on this device. Connection failed with: ConnectionResult{statusCode=API_DISABLED_FOR_CONNECTION, resolution=null, message=null}
07-12 17:17:16.889  4100  9568 I NetworkScheduler: (REDACTED) Error inserting %s
07-12 17:17:16.944  4100  9567 I NetworkScheduler: (REDACTED) Error inserting %s
07-12 17:17:16.949  4100  9568 I NetworkScheduler: (REDACTED) Error inserting %s
07-12 17:17:19.444  4100  9567 I NetworkScheduler: (REDACTED) Error inserting %s
07-12 17:17:19.459  4100  9774 I NetworkScheduler: (REDACTED) Error inserting %s
07-12 17:17:19.958  4100  9774 I NetworkScheduler: (REDACTED) Error inserting %s
07-12 17:17:22.828  4100  9775 I NetworkScheduler: (REDACTED) Error inserting %s
07-12 17:17:22.848  4100  9567 I NetworkScheduler: (REDACTED) Error inserting %s
07-12 17:17:23.130  4100  9774 I NetworkScheduler: (REDACTED) Error inserting %s
07-12 17:17:24.243  4100  9775 I NetworkScheduler: (REDACTED) Error inserting %s
07-12 17:17:24.304 24793 24951 W hzi     : java.util.concurrent.ExecutionException: pdg
07-12 17:17:24.583  4100 10138 I NetworkScheduler: (REDACTED) Error inserting %s
07-12 17:17:24.605  4100  9775 I NetworkScheduler: (REDACTED) Error inserting %s
07-12 17:17:26.035  4100  9774 I NetworkScheduler: (REDACTED) Error inserting %s
07-12 17:17:27.854  4100 11477 I NullBinder: NullBinder for android.net.action.RECOMMEND_NETWORKS triggering remote TransactionTooLargeException due to Service without Chimera impl, calling uid: 1000, calling pid: 0
07-12 17:17:27.863  4100 11477 I NullBinder: NullBinder for android.net.action.RECOMMEND_NETWORKS triggering remote TransactionTooLargeException due to Service without Chimera impl, calling uid: 1000, calling pid: 0
07-12 17:17:27.864  4100 11477 I NullBinder: NullBinder for android.net.action.RECOMMEND_NETWORKS triggering remote TransactionTooLargeException due to Service without Chimera impl, calling uid: 1000, calling pid: 0
07-12 17:17:27.954 12900 24722 E msys    : E[N mccw.liger]onReadError(732)=>read/error - ex: AsyncSocketException: recv() failed (peer=163.70.144.175:5222), type = Internal error, errno = 103 (Software caused connection abort), errno: 103
07-12 17:17:27.959 12900 13543 E msys    : E[N WA]_WCCXMPPStreamDisconnectHandler(300)=>xmpp/disconnect - WCIStreamStateErrorCode: 1, domain: WCIStreamState, subdomain: happyeyeballs: Error Domain=WCIStreamState Code=1 UserInfo=0xb400006d60070140 {MCFErrorDirectUnderlyingErrorKey=0xb400006e003cf850 "Error Domain=happyeyeballs Code=1"}
07-12 17:17:27.968 12900 13456 E MvfstCallbacks.cpp: readError: streamid=0; error=LocalError: Idle timeout, Idle timeout, num non control streams: 4
07-12 17:17:27.968 12900 13456 E MvfstCallbacks.cpp: readError: streamid=3; error=LocalError: Idle timeout, Idle timeout, num non control streams: 4
07-12 17:17:27.968 12900 13456 E MvfstCallbacks.cpp: readError: streamid=7; error=LocalError: Idle timeout, Idle timeout, num non control streams: 4
07-12 17:17:27.969 12900 13456 E MvfstCallbacks.cpp: readError: streamid=11; error=LocalError: Idle timeout, Idle timeout, num non control streams: 4
07-12 17:17:27.970 12900 13456 E MvfstCallbacks.cpp: onConnectionError: error=LocalError: Idle timeout, Idle timeout, num non control streams: 4
07-12 17:17:27.970 12900 13456 E MvfstCallbacks.cpp: writeChain error: Connection closed
07-12 17:17:27.984 12900 13228 E MvfstCallbacks.cpp: readError: streamid=3; error=LocalError: Idle timeout, Idle timeout, num non control streams: 3
07-12 17:17:27.983  6802  8261 E msgr.msys: E[N mccw.liger]onReadError(732)=>read/error - ex: AsyncSocketException: recv() failed (peer=163.70.144.39:5222), type = Internal error, errno = 103 (Software caused connection abort), errno: 103
07-12 17:17:27.989  6802  7890 E msgr.msys: E[N WA]_WCCXMPPStreamDisconnectHandler(300)=>xmpp/disconnect - WCIStreamStateErrorCode: 2, domain: WCIStreamState, subdomain: MCCWLigerStream: Error Domain=WCIStreamState Code=2 UserInfo=0xc382f3200 {MCFErrorDirectUnderlyingErrorKey=0xb400006e0014c490 "Error Domain=MCCWLigerStream Code=2 UserInfo=0xc382f3100 {MCFErrorDirectLocalizedFailureReasonKey=AsyncSocketException: recv() failed (peer=163.70.144.39:5222), type = Internal error, errno = 103 (Software caused connection abort)}"}
07-12 17:17:27.996  6802  7890 E msgr.msys: E[C 1]MCCLogErrorWithTraceOrQPL(274)=>8/374/3970/65536
07-12 17:17:27.998  6802  7890 E msgr.msys: E[C 1]MCCLogErrorWithTraceOrQPL(274)=>8/374/3972/18
07-12 17:17:27.999 12900 13228 E MvfstCallbacks.cpp: readError: streamid=7; error=LocalError: Idle timeout, Idle timeout, num non control streams: 3
07-12 17:17:28.000 12900 13228 E MvfstCallbacks.cpp: readError: streamid=11; error=LocalError: Idle timeout, Idle timeout, num non control streams: 3
07-12 17:17:28.002 12900 13228 E MvfstCallbacks.cpp: onConnectionError: error=LocalError: Idle timeout, Idle timeout, num non control streams: 3
07-12 17:17:29.938  4100  7386 I NullBinder: NullBinder for android.net.action.RECOMMEND_NETWORKS triggering remote TransactionTooLargeException due to Service without Chimera impl, calling uid: 1000, calling pid: 0
07-12 17:17:29.943  4100  7386 I NullBinder: NullBinder for android.net.action.RECOMMEND_NETWORKS triggering remote TransactionTooLargeException due to Service without Chimera impl, calling uid: 1000, calling pid: 0
07-12 17:17:29.975  4100 11477 I NullBinder: NullBinder for android.net.action.RECOMMEND_NETWORKS triggering remote TransactionTooLargeException due to Service without Chimera impl, calling uid: 1000, calling pid: 0
07-12 17:17:32.024  4100  4129 I NullBinder: NullBinder for android.net.action.RECOMMEND_NETWORKS triggering remote TransactionTooLargeException due to Service without Chimera impl, calling uid: 1000, calling pid: 0
07-12 17:17:32.028  4100  4129 I NullBinder: NullBinder for android.net.action.RECOMMEND_NETWORKS triggering remote TransactionTooLargeException due to Service without Chimera impl, calling uid: 1000, calling pid: 0
07-12 17:17:32.031  4100  4267 I NullBinder: NullBinder for android.net.action.RECOMMEND_NETWORKS triggering remote TransactionTooLargeException due to Service without Chimera impl, calling uid: 1000, calling pid: 0
07-12 17:17:33.075  4100  9774 I NetworkScheduler: (REDACTED) Error inserting %s
07-12 17:17:34.053  4100  9775 I NetworkScheduler: (REDACTED) Error inserting %s
07-12 17:17:34.259 12900 13456 E msys    : E[N mns]_LogError(204)=>Failed to resolve using system DNS resolver, getaddrinfo(): No address associated with hostname
07-12 17:17:34.680  4100  9774 I NetworkScheduler: (REDACTED) Error inserting %s
07-12 17:17:57.382  4100  4129 I NullBinder: NullBinder for android.net.action.RECOMMEND_NETWORKS triggering remote TransactionTooLargeException due to Service without Chimera impl, calling uid: 1000, calling pid: 0
07-12 17:17:57.384  4100  4129 I NullBinder: NullBinder for android.net.action.RECOMMEND_NETWORKS triggering remote TransactionTooLargeException due to Service without Chimera impl, calling uid: 1000, calling pid: 0
07-12 17:17:57.389  4100  4129 I NullBinder: NullBinder for android.net.action.RECOMMEND_NETWORKS triggering remote TransactionTooLargeException due to Service without Chimera impl, calling uid: 1000, calling pid: 0
07-12 17:18:16.838 10287 10465 E GoogleApiManager: java.lang.SecurityException: Unknown calling package name 'com.google.android.gms'.
07-12 17:18:16.838 10287 10465 E GoogleApiManager: 	at android.os.Parcel.createExceptionOrNull(Parcel.java:3256)
07-12 17:18:16.838 10287 10465 E GoogleApiManager: 	at android.os.Parcel.createException(Parcel.java:3240)
07-12 17:18:16.838 10287 10465 E GoogleApiManager: 	at android.os.Parcel.readException(Parcel.java:3223)
07-12 17:18:16.838 10287 10465 E GoogleApiManager: 	at android.os.Parcel.readException(Parcel.java:3165)
07-12 17:18:16.845 10287 10463 W FlagRegistrar: fifi: 17: 17: API: Phenotype.API is not available on this device. Connection failed with: ConnectionResult{statusCode=DEVELOPER_ERROR, resolution=null, message=null}
07-12 17:18:16.845 10287 10463 W FlagRegistrar: Caused by: axhn: 17: API: Phenotype.API is not available on this device. Connection failed with: ConnectionResult{statusCode=DEVELOPER_ERROR, resolution=null, message=null}
07-12 17:18:17.202  4100 11477 I NullBinder: NullBinder for android.net.action.RECOMMEND_NETWORKS triggering remote TransactionTooLargeException due to Service without Chimera impl, calling uid: 1000, calling pid: 0
07-12 17:18:17.212  4100  4120 I NullBinder: NullBinder for android.net.action.RECOMMEND_NETWORKS triggering remote TransactionTooLargeException due to Service without Chimera impl, calling uid: 1000, calling pid: 0
07-12 17:18:17.241  4100  4120 I NullBinder: NullBinder for android.net.action.RECOMMEND_NETWORKS triggering remote TransactionTooLargeException due to Service without Chimera impl, calling uid: 1000, calling pid: 0
07-12 17:18:20.330  4100  4120 I NullBinder: NullBinder for android.net.action.RECOMMEND_NETWORKS triggering remote TransactionTooLargeException due to Service without Chimera impl, calling uid: 1000, calling pid: 0
07-12 17:18:20.356  4100  4120 I NullBinder: NullBinder for android.net.action.RECOMMEND_NETWORKS triggering remote TransactionTooLargeException due to Service without Chimera impl, calling uid: 1000, calling pid: 0
07-12 17:18:20.358  4100  4120 I NullBinder: NullBinder for android.net.action.RECOMMEND_NETWORKS triggering remote TransactionTooLargeException due to Service without Chimera impl, calling uid: 1000, calling pid: 0
07-12 17:18:29.692  4100  5232 I NullBinder: NullBinder for android.net.action.RECOMMEND_NETWORKS triggering remote TransactionTooLargeException due to Service without Chimera impl, calling uid: 1000, calling pid: 0
07-12 17:18:29.696  4100  5232 I NullBinder: NullBinder for android.net.action.RECOMMEND_NETWORKS triggering remote TransactionTooLargeException due to Service without Chimera impl, calling uid: 1000, calling pid: 0
07-12 17:18:29.702  4100  5232 I NullBinder: NullBinder for android.net.action.RECOMMEND_NETWORKS triggering remote TransactionTooLargeException due to Service without Chimera impl, calling uid: 1000, calling pid: 0
07-12 17:18:30.728  4100  4688 I NullBinder: NullBinder for android.net.action.RECOMMEND_NETWORKS triggering remote TransactionTooLargeException due to Service without Chimera impl, calling uid: 1000, calling pid: 0
07-12 17:18:30.731  4100  4688 I NullBinder: NullBinder for android.net.action.RECOMMEND_NETWORKS triggering remote TransactionTooLargeException due to Service without Chimera impl, calling uid: 1000, calling pid: 0
07-12 17:18:30.736  4100  4688 I NullBinder: NullBinder for android.net.action.RECOMMEND_NETWORKS triggering remote TransactionTooLargeException due to Service without Chimera impl, calling uid: 1000, calling pid: 0
07-12 17:18:31.759  4100  4688 I NullBinder: NullBinder for android.net.action.RECOMMEND_NETWORKS triggering remote TransactionTooLargeException due to Service without Chimera impl, calling uid: 1000, calling pid: 0
07-12 17:18:31.762  4100  4688 I NullBinder: NullBinder for android.net.action.RECOMMEND_NETWORKS triggering remote TransactionTooLargeException due to Service without Chimera impl, calling uid: 1000, calling pid: 0
07-12 17:18:31.774  4100  4688 I NullBinder: NullBinder for android.net.action.RECOMMEND_NETWORKS triggering remote TransactionTooLargeException due to Service without Chimera impl, calling uid: 1000, calling pid: 0
07-12 17:18:33.182  4100  9775 I NetworkScheduler: (REDACTED) Error inserting %s
07-12 17:18:33.230  4100  9775 I NetworkScheduler: (REDACTED) Error inserting %s
07-12 17:18:33.275  4100  9775 I NetworkScheduler: (REDACTED) Error inserting %s
07-12 17:18:33.350  4100 10718 I NetworkScheduler: (REDACTED) Error inserting %s
07-12 17:18:44.324  4100 10616 I NetworkScheduler: (REDACTED) Error inserting %s
07-12 17:18:45.439  4100 10718 I NetworkScheduler: (REDACTED) Error inserting %s
07-12 17:18:45.449  4100 10415 I NetworkScheduler: (REDACTED) Error inserting %s
07-12 17:18:45.894  4100 10616 I NetworkScheduler: (REDACTED) Error inserting %s
07-12 17:18:46.704  4100 10718 I NetworkScheduler: (REDACTED) Error inserting %s
07-12 17:18:46.831  4100 10982 I NetworkScheduler: (REDACTED) Error inserting %s
07-12 17:18:46.873  4100 10616 I NetworkScheduler: (REDACTED) Error inserting %s
07-12 17:18:46.886  4100 10982 I NetworkScheduler: (REDACTED) Error inserting %s
07-12 17:18:47.154  4100 10718 I NetworkScheduler: (REDACTED) Error inserting %s
07-12 17:18:50.693  4100 10415 I NetworkScheduler: (REDACTED) Error inserting %s
07-12 17:18:52.567  4100 10415 I NetworkScheduler: (REDACTED) Error inserting %s
07-12 17:18:52.602  4100 10983 I NetworkScheduler: (REDACTED) Error inserting %s
07-12 17:18:52.617  4100 10718 I NetworkScheduler: (REDACTED) Error inserting %s
07-12 17:18:52.626  4100 10983 I NetworkScheduler: (REDACTED) Error inserting %s
07-12 17:18:52.647  4100 10982 I NetworkScheduler: (REDACTED) Error inserting %s
07-12 17:18:52.671  4100 10983 I NetworkScheduler: (REDACTED) Error inserting %s
07-12 17:18:52.707  4100 10982 I NetworkScheduler: (REDACTED) Error inserting %s
07-12 17:18:52.718  4100 10718 I NetworkScheduler: (REDACTED) Error inserting %s
07-12 17:18:52.738  4100 10983 I NetworkScheduler: (REDACTED) Error inserting %s
07-12 17:18:52.753  4100 10718 I NetworkScheduler: (REDACTED) Error inserting %s
07-12 17:18:53.175  4100 10982 I NetworkScheduler: (REDACTED) Error inserting %s
07-12 17:18:56.045  4100 10982 I NetworkScheduler: (REDACTED) Error inserting %s
07-12 17:19:27.916  4100  5232 I NullBinder: NullBinder for android.net.action.RECOMMEND_NETWORKS triggering remote TransactionTooLargeException due to Service without Chimera impl, calling uid: 1000, calling pid: 0
07-12 17:19:27.924  4100  4688 I NullBinder: NullBinder for android.net.action.RECOMMEND_NETWORKS triggering remote TransactionTooLargeException due to Service without Chimera impl, calling uid: 1000, calling pid: 0
07-12 17:19:27.937  4100  5232 I NullBinder: NullBinder for android.net.action.RECOMMEND_NETWORKS triggering remote TransactionTooLargeException due to Service without Chimera impl, calling uid: 1000, calling pid: 0
07-12 17:19:28.134  6802  8261 E msgr.msys: E[N mccw.liger]onReadError(732)=>read/error - ex: AsyncSocketException: recv() failed (peer=163.70.144.39:5222), type = Internal error, errno = 103 (Software caused connection abort), errno: 103
07-12 17:19:28.139  6802  7890 E msgr.msys: E[N WA]_WCCXMPPStreamDisconnectHandler(300)=>xmpp/disconnect - WCIStreamStateErrorCode: 2, domain: WCIStreamState, subdomain: MCCWLigerStream: Error Domain=WCIStreamState Code=2 UserInfo=0xc382f5240 {MCFErrorDirectUnderlyingErrorKey=0xb400006e0014c850 "Error Domain=MCCWLigerStream Code=2 UserInfo=0xc382f51c0 {MCFErrorDirectLocalizedFailureReasonKey=AsyncSocketException: recv() failed (peer=163.70.144.39:5222), type = Internal error, errno = 103 (Software caused connection abort)}"}
07-12 17:19:28.151  6802  7890 E msgr.msys: E[C 1]MCCLogErrorWithTraceOrQPL(274)=>8/374/3970/65536
07-12 17:19:28.152  6802  7890 E msgr.msys: E[C 1]MCCLogErrorWithTraceOrQPL(274)=>8/374/3972/18
07-12 17:19:28.256 12900 24722 E msys    : E[N mccw.liger]onReadError(732)=>read/error - ex: AsyncSocketException: recv() failed (peer=157.240.237.175:5222), type = Internal error, errno = 103 (Software caused connection abort), errno: 103
07-12 17:19:28.307 12900 13543 E msys    : E[N WA]_WCCXMPPStreamDisconnectHandler(300)=>xmpp/disconnect - WCIStreamStateErrorCode: 1, domain: WCIStreamState, subdomain: happyeyeballs: Error Domain=WCIStreamState Code=1 UserInfo=0xb400006d600623b0 {MCFErrorDirectUnderlyingErrorKey=0xb400006e000a6a50 "Error Domain=happyeyeballs Code=1"}
07-12 17:19:28.334 12900 13456 E MvfstCallbacks.cpp: readError: streamid=0; error=ApplicationError: No Error, No Error
07-12 17:19:28.334 12900 13456 E MvfstCallbacks.cpp: readError: streamid=3; error=ApplicationError: No Error, No Error
07-12 17:19:28.334 12900 13456 E MvfstCallbacks.cpp: readError: streamid=7; error=ApplicationError: No Error, No Error
07-12 17:19:28.334 12900 13456 E MvfstCallbacks.cpp: readError: streamid=11; error=ApplicationError: No Error, No Error
07-12 17:19:28.339 12900 13456 E MvfstCallbacks.cpp: onConnectionError: error=ApplicationError: No Error, No Error
07-12 17:19:28.347  4100 10982 I NetworkScheduler: (REDACTED) Error inserting %s
07-12 17:19:28.354  4100 10982 I NetworkScheduler: (REDACTED) Error inserting %s
07-12 17:19:29.455  4100 11159 I NetworkScheduler: (REDACTED) Error inserting %s
07-12 17:19:29.464  4100 11233 I NetworkScheduler: (REDACTED) Error inserting %s
07-12 17:19:29.504  4100 11159 I NetworkScheduler: (REDACTED) Error inserting %s
07-12 17:19:29.633  4100 11232 I NetworkScheduler: (REDACTED) Error inserting %s
07-12 17:19:29.952  4100  5232 I NullBinder: NullBinder for android.net.action.RECOMMEND_NETWORKS triggering remote TransactionTooLargeException due to Service without Chimera impl, calling uid: 1000, calling pid: 0
07-12 17:19:30.010  4100  5232 I NullBinder: NullBinder for android.net.action.RECOMMEND_NETWORKS triggering remote TransactionTooLargeException due to Service without Chimera impl, calling uid: 1000, calling pid: 0
07-12 17:19:30.012  4100  5232 I NullBinder: NullBinder for android.net.action.RECOMMEND_NETWORKS triggering remote TransactionTooLargeException due to Service without Chimera impl, calling uid: 1000, calling pid: 0
07-12 17:19:30.096 10287 10465 E GoogleApiManager: java.lang.SecurityException: Unknown calling package name 'com.google.android.gms'.
07-12 17:19:30.096 10287 10465 E GoogleApiManager: 	at android.os.Parcel.createExceptionOrNull(Parcel.java:3256)
07-12 17:19:30.096 10287 10465 E GoogleApiManager: 	at android.os.Parcel.createException(Parcel.java:3240)
07-12 17:19:30.096 10287 10465 E GoogleApiManager: 	at android.os.Parcel.readException(Parcel.java:3223)
07-12 17:19:30.096 10287 10465 E GoogleApiManager: 	at android.os.Parcel.readException(Parcel.java:3165)
07-12 17:19:42.186  4100 10982 I NetworkScheduler: (REDACTED) Error inserting %s
