--------- beginning of system
07-12 17:08:02.625  1638  2484 W BatteryStatsService: Unknown sensor handle 0 received in noteWakeupSensorEvent
07-12 17:08:04.497 10281 10281 D ActivityThread: Package [com.alstha.growth] reported as REPLACED, but missing application info. Assuming REMOVED.
07-12 17:08:04.510 10281 10281 D ActivityThread: Package [com.alstha.growth] reported as REPLACED, but missing application info. Assuming REMOVED.
07-12 17:08:04.511 10281 10281 D ActivityThread: Package [com.facebook.katana] reported as REPLACED, but missing application info. Assuming REMOVED.
07-12 17:08:04.512 10281 10281 D ActivityThread: Package [com.facebook.katana] reported as REPLACED, but missing application info. Assuming REMOVED.
07-12 17:08:04.512 10281 10281 D ActivityThread: Package [com.facebook.katana] reported as REPLACED, but missing application info. Assuming REMOVED.
07-12 17:08:04.580 12900 12900 D ActivityThread: Package [com.alstha.growth] reported as REPLACED, but missing application info. Assuming REMOVED.
07-12 17:08:04.582 12900 12900 D ActivityThread: Package [com.alstha.growth] reported as REPLACED, but missing application info. Assuming REMOVED.
07-12 17:08:04.583 12900 12900 D ActivityThread: Package [com.facebook.katana] reported as REPLACED, but missing application info. Assuming REMOVED.
07-12 17:08:04.584 12900 12900 D ActivityThread: Package [com.facebook.katana] reported as REPLACED, but missing application info. Assuming REMOVED.
07-12 17:08:04.585 12900 12900 D ActivityThread: Package [com.facebook.katana] reported as REPLACED, but missing application info. Assuming REMOVED.
07-12 17:08:04.610 32310 32310 D ActivityThread: Package [com.alstha.growth] reported as REPLACED, but missing application info. Assuming REMOVED.
07-12 17:08:04.613 32310 32310 D ActivityThread: Package [com.alstha.growth] reported as REPLACED, but missing application info. Assuming REMOVED.
07-12 17:08:04.613 32310 32310 D ActivityThread: Package [com.facebook.katana] reported as REPLACED, but missing application info. Assuming REMOVED.
07-12 17:08:04.614 32310 32310 D ActivityThread: Package [com.facebook.katana] reported as REPLACED, but missing application info. Assuming REMOVED.
07-12 17:08:04.615 32310 32310 D ActivityThread: Package [com.facebook.katana] reported as REPLACED, but missing application info. Assuming REMOVED.
07-12 17:08:04.641 26732 26732 D ActivityThread: Package [com.alstha.growth] reported as REPLACED, but missing application info. Assuming REMOVED.
07-12 17:08:04.641 26732 26732 D ActivityThread: Package [com.alstha.growth] reported as REPLACED, but missing application info. Assuming REMOVED.
07-12 17:08:04.642 26732 26732 D ActivityThread: Package [com.facebook.katana] reported as REPLACED, but missing application info. Assuming REMOVED.
07-12 17:08:04.642 26732 26732 D ActivityThread: Package [com.facebook.katana] reported as REPLACED, but missing application info. Assuming REMOVED.
07-12 17:08:04.642 26732 26732 D ActivityThread: Package [com.facebook.katana] reported as REPLACED, but missing application info. Assuming REMOVED.
07-12 17:08:04.670 30761 30761 D ActivityThread: Package [com.alstha.growth] reported as REPLACED, but missing application info. Assuming REMOVED.
07-12 17:08:04.676 30761 30761 D ActivityThread: Package [com.alstha.growth] reported as REPLACED, but missing application info. Assuming REMOVED.
07-12 17:08:04.686 30761 30761 D ActivityThread: Package [com.facebook.katana] reported as REPLACED, but missing application info. Assuming REMOVED.
07-12 17:08:04.689 30761 30761 D ActivityThread: Package [com.facebook.katana] reported as REPLACED, but missing application info. Assuming REMOVED.
07-12 17:08:04.691 30761 30761 D ActivityThread: Package [com.facebook.katana] reported as REPLACED, but missing application info. Assuming REMOVED.
07-12 17:08:04.866  6802  6802 D ActivityThread: Package [com.alstha.growth] reported as REPLACED, but missing application info. Assuming REMOVED.
07-12 17:08:04.868  6802  6802 D ActivityThread: Package [com.alstha.growth] reported as REPLACED, but missing application info. Assuming REMOVED.
07-12 17:08:04.869  6802  6802 D ActivityThread: Package [com.facebook.katana] reported as REPLACED, but missing application info. Assuming REMOVED.
07-12 17:08:04.869  6802  6802 D ActivityThread: Package [com.facebook.katana] reported as REPLACED, but missing application info. Assuming REMOVED.
07-12 17:08:04.871  6802  6802 D ActivityThread: Package [com.facebook.katana] reported as REPLACED, but missing application info. Assuming REMOVED.
07-12 17:08:12.678  1638  2484 W BatteryStatsService: Unknown sensor handle 0 received in noteWakeupSensorEvent
--------- beginning of crash
07-12 17:08:18.795  5836  5836 E AndroidRuntime: FATAL EXCEPTION: main
07-12 17:08:18.795  5836  5836 E AndroidRuntime: Process: com.alstha.growth, PID: 5836
07-12 17:08:18.795  5836  5836 E AndroidRuntime: java.lang.IllegalArgumentException: Expected URL scheme 'http' or 'https' but no scheme was found for 192.16...
07-12 17:08:18.795  5836  5836 E AndroidRuntime: 	at okhttp3.HttpUrl$Builder.parse$okhttp(HttpUrl.kt:1261)
07-12 17:08:18.795  5836  5836 E AndroidRuntime: 	at okhttp3.HttpUrl$Companion.get(HttpUrl.kt:1634)
07-12 17:08:18.795  5836  5836 E AndroidRuntime: 	at okhttp3.HttpUrl.get(Unknown Source:2)
07-12 17:08:18.795  5836  5836 E AndroidRuntime: 	at retrofit2.Retrofit$Builder.baseUrl(Retrofit.java:506)
07-12 17:08:18.795  5836  5836 E AndroidRuntime: 	at com.alstha.growth.FileListFragment.loadFileList(FileListFragment.kt:86)
07-12 17:08:18.795  5836  5836 E AndroidRuntime: 	at com.alstha.growth.FileListFragment.onViewCreated(FileListFragment.kt:53)
07-12 17:08:18.795  5836  5836 E AndroidRuntime: 	at androidx.fragment.app.Fragment.performViewCreated(Fragment.java:3147)
07-12 17:08:18.795  5836  5836 E AndroidRuntime: 	at androidx.fragment.app.FragmentStateManager.createView(FragmentStateManager.java:588)
07-12 17:08:18.795  5836  5836 E AndroidRuntime: 	at androidx.fragment.app.FragmentStateManager.moveToExpectedState(FragmentStateManager.java:272)
07-12 17:08:18.795  5836  5836 E AndroidRuntime: 	at androidx.fragment.app.FragmentManager.executeOpsTogether(FragmentManager.java:1943)
07-12 17:08:18.795  5836  5836 E AndroidRuntime: 	at androidx.fragment.app.FragmentManager.removeRedundantOperationsAndExecute(FragmentManager.java:1839)
07-12 17:08:18.795  5836  5836 E AndroidRuntime: 	at androidx.fragment.app.FragmentManager.execPendingActions(FragmentManager.java:1782)
07-12 17:08:18.795  5836  5836 E AndroidRuntime: 	at androidx.fragment.app.FragmentManager$5.run(FragmentManager.java:565)
07-12 17:08:18.795  5836  5836 E AndroidRuntime: 	at android.os.Handler.handleCallback(Handler.java:1014)
07-12 17:08:18.795  5836  5836 E AndroidRuntime: 	at android.os.Handler.dispatchMessage(Handler.java:102)
07-12 17:08:18.795  5836  5836 E AndroidRuntime: 	at android.os.Looper.loopOnce(Looper.java:250)
07-12 17:08:18.795  5836  5836 E AndroidRuntime: 	at android.os.Looper.loop(Looper.java:340)
07-12 17:08:18.795  5836  5836 E AndroidRuntime: 	at android.app.ActivityThread.main(ActivityThread.java:9860)
07-12 17:08:18.795  5836  5836 E AndroidRuntime: 	at java.lang.reflect.Method.invoke(Native Method)
07-12 17:08:18.795  5836  5836 E AndroidRuntime: 	at com.android.internal.os.RuntimeInit$MethodAndArgsCaller.run(RuntimeInit.java:621)
07-12 17:08:18.795  5836  5836 E AndroidRuntime: 	at com.android.internal.os.ZygoteInit.main(ZygoteInit.java:957)
07-12 17:08:22.734  1638  2364 W BatteryStatsService: Unknown sensor handle 0 received in noteWakeupSensorEvent
07-12 17:08:32.777  1638  2362 W BatteryStatsService: Unknown sensor handle 0 received in noteWakeupSensorEvent
07-12 17:10:23.334  1638  3191 W BatteryStatsService: Unknown sensor handle 0 received in noteWakeupSensorEvent
07-12 17:10:31.967 25661 26351 W Looper  : Slow delivery took 177361ms android.bg h=android.os.Handler c=android.os.BinderProxy$1@f346608 m=0
07-12 17:10:31.971 25661 26351 W Looper  : Drained
07-12 17:10:33.366  1638  2675 W BatteryStatsService: Unknown sensor handle 0 received in noteWakeupSensorEvent
07-12 17:10:47.787  8098 18678 W Looper  : Slow delivery took 203179ms android.bg h=android.os.Handler c=android.os.BinderProxy$1@1a3b341 m=0
07-12 17:10:47.826  8098 18678 W Looper  : Drained
07-12 17:12:23.793  1638  2899 W BatteryStatsService: Unknown sensor handle 0 received in noteWakeupSensorEvent
07-12 17:12:30.248 19553 24889 W Looper  : Slow delivery took 337862ms android.bg h=android.os.Handler c=android.os.BinderProxy$1@bb30144 m=0
07-12 17:12:30.249 19553 24889 W Looper  : Drained
07-12 17:12:30.337 21659 24906 W Looper  : Slow delivery took 337867ms android.bg h=android.os.Handler c=android.os.BinderProxy$1@e4c0812 m=0
07-12 17:12:30.337 21659 24906 W Looper  : Drained
07-12 17:12:33.840  1638  2907 W BatteryStatsService: Unknown sensor handle 0 received in noteWakeupSensorEvent
07-12 17:12:38.073 25661 26351 W Looper  : Slow delivery took 66101ms android.bg h=android.os.Handler c=android.os.BinderProxy$1@9d4e5fd m=0
07-12 17:12:38.078 25661 26351 W Looper  : Drained
07-12 17:13:04.001  1638  1953 W BatteryStatsService: Unknown sensor handle 0 received in noteWakeupSensorEvent
07-12 17:13:14.042  1638  2907 W BatteryStatsService: Unknown sensor handle 0 received in noteWakeupSensorEvent
07-12 17:14:24.426  1638  3039 W BatteryStatsService: Unknown sensor handle 0 received in noteWakeupSensorEvent
07-12 17:14:34.476  1638  2484 W BatteryStatsService: Unknown sensor handle 0 received in noteWakeupSensorEvent
07-12 17:14:46.509 23057 25772 W Looper  : Slow delivery took 840170ms android.bg h=android.os.Handler c=android.os.BinderProxy$1@c82a72b m=0
07-12 17:14:46.518 23057 25772 W Looper  : Drained
--------- beginning of main
07-12 17:15:08.936  6776  6776 I m.alstha.growth: Late-enabling -Xcheck:jni
07-12 17:15:08.999  6776  6776 I m.alstha.growth: Using CollectorTypeCC GC.
07-12 17:15:09.039  5710  5710 I bmqk    : onPause
07-12 17:15:09.088  6776  6776 E m.alstha.growth: BBinder_init Processname  <pre-initialized>  
07-12 17:15:09.134  6776  6776 W ziparchive: Unable to open '/data/app/~~6rW-zYMJDI1CshfiNlRl8Q==/com.alstha.growth-WUd_KJzl2BFSJZXrVzIiLw==/base.dm': No such file or directory
07-12 17:15:09.135  6776  6776 W ziparchive: Unable to open '/data/app/~~6rW-zYMJDI1CshfiNlRl8Q==/com.alstha.growth-WUd_KJzl2BFSJZXrVzIiLw==/base.dm': No such file or directory
07-12 17:15:09.348  6776  6776 E m.alstha.growth: BBinder_init Processname  com.alstha.growth  
07-12 17:15:09.348  6776  6776 E m.alstha.growth: BBinder_init hasGetProcessName  com.alstha.growth
07-12 17:15:09.366  6776  6776 I PowerHalWrapper: PowerHalWrapper.getInstance 
07-12 17:15:09.367  6776  6776 I M-ProMotion: M-ProMotion is disabled
07-12 17:15:09.494  6776  6776 W m.alstha.growth: Accessing hidden method Landroid/view/View;->computeFitSystemWindows(Landroid/graphics/Rect;Landroid/graphics/Rect;)Z (unsupported, reflection, allowed)
07-12 17:15:09.494  6776  6776 W m.alstha.growth: Accessing hidden method Landroid/view/ViewGroup;->makeOptionalFitsSystemWindows()V (unsupported, reflection, allowed)
07-12 17:15:09.635  5710  5710 I bmqk    : onStop
07-12 17:15:09.810  6776  9209 I PowerHalWrapper: PowerHalWrapper.getInstance 
07-12 17:15:09.817  6776  6776 W libc    : Access denied finding property "persist.vivo.ltw.enabled"
07-12 17:15:09.838  6776  6776 I Choreographer: Skipped 58 frames!  The application may be doing too much work on its main thread.
07-12 17:15:09.892  6776  9210 I BLASTBufferQueue: QoSAllocBuff Successful. Ret 0 
07-12 17:15:09.950  6776  9194 I m.alstha.growth: Compiler allocated 4420KB to compile void android.widget.TextView.<init>(android.content.Context, android.util.AttributeSet, int, int)
07-12 17:15:09.957  6776  9210 I GrallocExtra: gralloc_extra_query:is_SW3D 0
07-12 17:15:09.975  1638  1691 I ActivityTaskManager: Displayed com.alstha.growth/.MainActivity for user 0: +1s62ms
07-12 17:15:10.032  3853  3853 I GoogleInputMethodService: GoogleInputMethodService.onFinishInput():1984 
07-12 17:15:10.032  3853  3853 I Module  : DeviceLockedStatusModuleProvider$Module.updateDeviceLockedStatus():100 repeatCheckTimes = 0, locked = false
07-12 17:15:10.032  3853  3853 I GoogleInputMethodService: GoogleInputMethodService.onStartInput():1248 onStartInput(EditorInfo{EditorInfo{packageName=com.alstha.growth, inputType=0, inputTypeString=NULL, enableLearning=false, autoCorrection=false, autoComplete=false, imeOptions=0, privateImeOptions=null, actionName=UNSPECIFIED, actionLabel=null, initialSelStart=-1, initialSelEnd=-1, initialCapsMode=0, label=null, fieldId=0, fieldName=null, extras=null, hintText=null, hintLocales=[]}}, false)
07-12 17:15:10.034  3853  3853 I Module  : DeviceLockedStatusModuleProvider$Module.updateDeviceLockedStatus():100 repeatCheckTimes = 1, locked = false
07-12 17:15:10.257  4100  8854 I FrewleTileCacheManagerV: (REDACTED) Fetched %d AP models from cache
07-12 17:15:10.282  4100  5384 I FusedLocation: (REDACTED) location delivery to %s blocked - too close
07-12 17:15:10.283  4100  5384 I FusedLocation: (REDACTED) location delivery to %s blocked - too close
07-12 17:15:10.286  4100  5384 I FusedLocation: (REDACTED) location delivery to %s blocked - too fast
07-12 17:15:10.286  4100  5384 I FusedLocation: (REDACTED) location delivery to %s blocked - too close
07-12 17:15:10.316  4100  5232 I FontLog : (REDACTED) Received query %s, URI %s
07-12 17:15:10.316  4100  5232 I FontLog : (REDACTED) Query [%s] resolved to %s
07-12 17:15:10.317  4100  5232 I FontLog : (REDACTED) Fetch %s end status %s
07-12 17:15:10.325  4100  5232 I FontLog : (REDACTED) Pulling font file for id = %d, cache size = %d
07-12 17:15:10.329  4100  5232 I FontLog : (REDACTED) Pulling font file for id = %d, cache size = %d
07-12 17:15:10.451  6776  9194 I m.alstha.growth: Compiler allocated 7018KB to compile void android.view.ViewRootImpl.performTraversals()
07-12 17:15:20.259  4100  4114 I .gms.persistent: Background concurrent copying GC freed 22MB AllocSpace bytes, 2(104KB) LOS objects, 50% free, 23MB/46MB, paused 91us,59us total 100.903ms
07-12 17:15:21.833  6809  6809 I Finsky  : [2] SCH: job service start with id 9821.
07-12 17:15:21.840  6809  9009 I Finsky  : [908] SCH: Satisfied jobs for 9821 are: 12-1
07-12 17:15:21.841  6809  9256 I Finsky  : [912] SCH: Job 12-1 starting
07-12 17:15:21.843  6809  6809 I Finsky  : [2] [ContentSync] job started
07-12 17:15:21.877  9261  9261 I ndroid.calendar: Using CollectorTypeCC GC.
07-12 17:15:21.882  9261  9261 E ndroid.calendar: Not starting debugger since process cannot load the jdwp agent.
07-12 17:15:21.896  9261  9261 E ndroid.calendar: BBinder_init Processname  <pre-initialized>  
07-12 17:15:21.941  9261  9261 W ziparchive: Unable to open '/data/app/~~2tGpO9-gBdSn61_NlgwVYQ==/com.google.android.calendar-meDmTo6esiCuucqWrCjRKA==/split_config.arm64_v8a.dm': No such file or directory
07-12 17:15:21.942  9261  9261 W ziparchive: Unable to open '/data/app/~~2tGpO9-gBdSn61_NlgwVYQ==/com.google.android.calendar-meDmTo6esiCuucqWrCjRKA==/split_config.arm64_v8a.dm': No such file or directory
07-12 17:15:21.942  9261  9261 W ndroid.calendar: Entry not found
07-12 17:15:21.943  9261  9261 W ziparchive: Unable to open '/data/app/~~2tGpO9-gBdSn61_NlgwVYQ==/com.google.android.calendar-meDmTo6esiCuucqWrCjRKA==/split_config.en.dm': No such file or directory
07-12 17:15:21.943  9261  9261 W ziparchive: Unable to open '/data/app/~~2tGpO9-gBdSn61_NlgwVYQ==/com.google.android.calendar-meDmTo6esiCuucqWrCjRKA==/split_config.en.dm': No such file or directory
07-12 17:15:21.943  9261  9261 W ndroid.calendar: Entry not found
07-12 17:15:21.943  9261  9261 W ziparchive: Unable to open '/data/app/~~2tGpO9-gBdSn61_NlgwVYQ==/com.google.android.calendar-meDmTo6esiCuucqWrCjRKA==/split_config.xxhdpi.dm': No such file or directory
07-12 17:15:21.943  9261  9261 W ziparchive: Unable to open '/data/app/~~2tGpO9-gBdSn61_NlgwVYQ==/com.google.android.calendar-meDmTo6esiCuucqWrCjRKA==/split_config.xxhdpi.dm': No such file or directory
07-12 17:15:21.943  9261  9261 W ndroid.calendar: Entry not found
07-12 17:15:22.018  9261  9261 E ndroid.calendar: BBinder_init Processname  com.google.android.calendar  
07-12 17:15:22.018  9261  9261 E ndroid.calendar: BBinder_init hasGetProcessName  com.google.android.calendar
07-12 17:15:22.122  6809  6809 W JobService: onNetworkChanged() not implemented in com.google.android.finsky.scheduler.process.mainimpl.PhoneskyJobServiceMain. Must override in a subclass.
07-12 17:15:22.134  4100  6079 I NullBinder: NullBinder for android.net.action.RECOMMEND_NETWORKS triggering remote TransactionTooLargeException due to Service without Chimera impl, calling uid: 1000, calling pid: 0
07-12 17:15:22.135  4100  6079 W .gms.persistent: Large reply transaction of 1056768 bytes, interface descriptor , code 1
07-12 17:15:22.137  4100  7900 W Wear_WifiService: Syncing Wifi Credentials
07-12 17:15:22.147  4100  7386 I NullBinder: NullBinder for android.net.action.RECOMMEND_NETWORKS triggering remote TransactionTooLargeException due to Service without Chimera impl, calling uid: 1000, calling pid: 0
07-12 17:15:22.147  4100  7386 W .gms.persistent: Large reply transaction of 1056768 bytes, interface descriptor , code 1
07-12 17:15:22.153 12900 12900 I Choreographer: Skipped 8682 frames!  The application may be doing too much work on its main thread.
07-12 17:15:22.155  4100  7386 I NullBinder: NullBinder for android.net.action.RECOMMEND_NETWORKS triggering remote TransactionTooLargeException due to Service without Chimera impl, calling uid: 1000, calling pid: 0
07-12 17:15:22.155  4100  7386 W .gms.persistent: Large reply transaction of 1056768 bytes, interface descriptor , code 1
07-12 17:15:22.200 12900 24722 E msys    : E[N mccw.liger]onReadError(732)=>read/error - ex: AsyncSocketException: recv() failed (peer=163.70.144.175:5222), type = Internal error, errno = 103 (Software caused connection abort), errno: 103
07-12 17:15:22.206 12900 13456 E MvfstCallbacks.cpp: readError: streamid=0; error=LocalError: Idle timeout, Idle timeout, num non control streams: 4
07-12 17:15:22.206 12900 13456 E MvfstCallbacks.cpp: readError: streamid=3; error=LocalError: Idle timeout, Idle timeout, num non control streams: 4
07-12 17:15:22.206 12900 13456 E MvfstCallbacks.cpp: readError: streamid=7; error=LocalError: Idle timeout, Idle timeout, num non control streams: 4
07-12 17:15:22.206 12900 13456 E MvfstCallbacks.cpp: readError: streamid=11; error=LocalError: Idle timeout, Idle timeout, num non control streams: 4
07-12 17:15:22.207 12900 13456 E MvfstCallbacks.cpp: onConnectionError: error=LocalError: Idle timeout, Idle timeout, num non control streams: 4
07-12 17:15:22.226  6809  6809 W Finsky  : [2] STU: Failed to get storage stats for package 'com.google.mainline.primary.libs' (1601: Error getting stats: android.content.pm.PackageManager.NameNotFoundException)
07-12 17:15:22.238 12900 13543 E msys    : E[N WA]WCCXMPPStreamDisconnectImmediately(676)=>[WARNING] xmpp/disconnect/immediate in state=2 reason=xmpp/idle/timeout
07-12 17:15:22.239  9261  9298 W AndroidLoggerBackend: AndroidLoggerBackend configured with enableAndroidLogger:false; no logs will be emitted.
07-12 17:15:22.249 12900 13543 E msys    : E[N WA]_WCCXMPPStreamDisconnectHandler(300)=>xmpp/disconnect - WCIStreamStateErrorCode: 1, domain: WCIStreamState, subdomain: happyeyeballs: Error Domain=WCIStreamState Code=1 UserInfo=0xb400006d600752d0 {MCFErrorDirectUnderlyingErrorKey=0xb400006e003893d0 "Error Domain=happyeyeballs Code=1"}
07-12 17:15:22.249 12900 13543 E msys    : E[N WA]_WCCConnectionDefaultLifecycleEventHandler(1972)=>[INFO] connection/xmpp/lifecycle_event/not-connected, [155.2879s]
07-12 17:15:22.250 12900 13543 E msys    : E[N WA]_WCCXMPPStreamDoDisconnect(1051)=>xmpp/disconnect - flags: 0
07-12 17:15:22.250 12900 13543 E msys    : E[N WA]_WCCConnectionDefaultEmitStateChange(2944)=>[INFO] connection/new_state/not-connected [connection_id=926821448, wcc_source=1, wcc_reason=0]
07-12 17:15:22.272 12900 13228 E msys    : E[N mns]_OnDiskCacheGetData(542)=>Start post callback cache refresh DNS resolution
07-12 17:15:22.277 12900 13228 W LibevQuicAsyncUDPSocket.h: setTosOrTrafficClass not implemented in LibevQuicAsyncUDPSocket
07-12 17:15:22.283 12900 13543 E msys    : E[N WA]_WCCConnectionDefaultDisconnectHandler(2095)=>[INFO] connection/disconnected/[did-connect, did-read-bytes]
07-12 17:15:22.285 12900 13543 E msys    : E[N WA]_WCCConnectionDefaultEmitStateChange(2944)=>[INFO] connection/new_state/connecting [connection_id=926821449, wcc_source=1, wcc_reason=0]
07-12 17:15:22.291  6802  8261 E msgr.msys: E[N mccw.liger]onReadError(732)=>read/error - ex: AsyncSocketException: recv() failed (peer=163.70.144.39:5222), type = Internal error, errno = 103 (Software caused connection abort), errno: 103
07-12 17:15:22.293 12900 13456 E msys    : E[N mns]_OnDiskCacheGetData(542)=>Start post callback cache refresh DNS resolution
07-12 17:15:22.294  6802  7890 E msgr.msys: E[N WA]_WCCXMPPStreamDisconnectHandler(300)=>xmpp/disconnect - WCIStreamStateErrorCode: 2, domain: WCIStreamState, subdomain: MCCWLigerStream: Error Domain=WCIStreamState Code=2 UserInfo=0xc382f5d80 {MCFErrorDirectUnderlyingErrorKey=0xb400006e00089990 "Error Domain=MCCWLigerStream Code=2 UserInfo=0xc382f5cc0 {MCFErrorDirectLocalizedFailureReasonKey=AsyncSocketException: recv() failed (peer=163.70.144.39:5222), type = Internal error, errno = 103 (Software caused connection abort)}"}
07-12 17:15:22.294  6802  7890 E msgr.msys: E[N WA]_WCCConnectionDefaultLifecycleEventHandler(1968)=>[INFO] connection/xmpp/lifecycle_event/not-connected, [155.1273s]
07-12 17:15:22.295  6802  7890 E msgr.msys: E[N WA]_WCCXMPPStreamDoDisconnect(1051)=>xmpp/disconnect - flags: 256
07-12 17:15:22.295  6802  7890 E msgr.msys: E[N WA]_WCCConnectionDefaultDisconnectHandler(2066)=>connection/disconnected, peer reset
07-12 17:15:22.295  6802  7890 E msgr.msys: E[N WA]_WCCConnectionDefaultEmitStateChange(2939)=>[INFO] connection/new_state/not-connected [connection_id=402540877, wcc_source=1, wcc_reason=18]
07-12 17:15:22.296 12900 13456 W LibevQuicAsyncUDPSocket.h: setTosOrTrafficClass not implemented in LibevQuicAsyncUDPSocket
07-12 17:15:22.297  6809  6809 W Finsky  : [2] STU: Failed to get storage stats for package 'com.android.wifi' (1601: Error getting stats: android.content.pm.PackageManager.NameNotFoundException)
07-12 17:15:22.307  6802  7890 E msgr.msys: E[C 1]MCCLogErrorWithTraceOrQPL(274)=>8/374/3970/65536
07-12 17:15:22.325  6802  7890 E msgr.msys: E[C 1]MCCLogErrorWithTraceOrQPL(274)=>8/374/3972/18
07-12 17:15:22.326  6802  7890 E msgr.msys: E[C mem.context]_LogConnectFailure(4927)=>Establishing connection failure reason and flags: disconnect/Doze/0/reason/18/flags/65536/[-, -, -, -, -, -, -, -, -, peer_reset, -]
07-12 17:15:22.327  6802  7890 E msgr.msys: E[C mem.context]_LogConnectFailure(4959)=>[Happy Eyeball] Connect failed with source=1, winner stream ip=163.70.144.39, port=5222, dnsResolutionMethod=1, combined_ip_addresses=163.70.144.39
07-12 17:15:22.340 12900 13543 E msys    : E[N WA]_WCCConnectionDefaultDoConnectWithAuthKeys(1440)=>[INFO] connection/connect/start/[host=z-p42-chat-e2ee-ig.facebook.com port=5222]/[163.70.144.175:5222]
07-12 17:15:22.342 12900 13543 E msys    : E[N WA]_WCCConnectionDefaultLifecycleEventHandler(1964)=>[INFO] connection/xmpp/lifecycle_event/will-connect
07-12 17:15:22.351  6802  7890 E msgr.msys: E[N WA]_WCCConnectionDefaultDisconnectHandler(2091)=>[INFO] connection/disconnected/[did-connect, did-read-bytes]
07-12 17:15:22.353  9261  9360 W DynamiteModule: Local module descriptor class for com.google.android.gms.providerinstaller.dynamite not found.
07-12 17:15:22.356  6802  7890 E msgr.msys: E[N WA]_WCCConnectionDefaultEmitStateChange(2939)=>[INFO] connection/new_state/connecting [connection_id=402540878, wcc_source=1, wcc_reason=18]
07-12 17:15:22.360  4100  4267 W ProviderHelper: Unknown dynamite feature providerinstaller.dynamite
07-12 17:15:22.362  9261  9360 W ProviderInstaller: Failed to load providerinstaller module: No acceptable module com.google.android.gms.providerinstaller.dynamite found. Local version is 0 and remote version is 0.
07-12 17:15:22.373  9261  9364 I c.aodm  : Obtained writable database SQLiteDatabase/169917793 instance with path /data/user/0/com.google.android.calendar/databases/cal_v2a
07-12 17:15:22.376  9261  9362 I c.aobs  : The schema version is 23, the database version is 23, and there are 0 migrations
07-12 17:15:22.402  6802  7890 E msgr.msys: E[N WA]_WCCConnectionDefaultDoConnectWithAuthKeys(1436)=>[INFO] connection/connect/start/[host=chat-e2ee-mini.facebook.com port=5222]/[163.70.144.39:5222]
07-12 17:15:22.404  6802  7890 E msgr.msys: E[N WA]_WCCConnectionDefaultLifecycleEventHandler(1960)=>[INFO] connection/xmpp/lifecycle_event/will-connect
07-12 17:15:22.426 12900 13456 E msys    : E[N mns]_OnSystemDNSSuccessCallback(314)=>Cache refresh succeeded with system DNS resolver. IP count: 1
07-12 17:15:22.439 12900 13228 E msys    : E[N mns]_OnSystemDNSSuccessCallback(314)=>Cache refresh succeeded with system DNS resolver. IP count: 1
07-12 17:15:22.475  4216  9054 I Blockstore: (REDACTED) [BlockstoreImpl] Snapshot enabled. updateAccessPerSnapshotIfEligible for package: %s
07-12 17:15:22.488 12900 13456 E msys    : E[N mns]_OnDiskCacheGetData(542)=>Start post callback cache refresh DNS resolution
07-12 17:15:22.498 12900 13456 E msys    : E[N mns]_OnSystemDNSSuccessCallback(314)=>Cache refresh succeeded with system DNS resolver. IP count: 1
07-12 17:15:22.567  9261  9393 E GoogleApiManager: Failed to get service from broker. 
07-12 17:15:22.567  9261  9393 E GoogleApiManager: java.lang.SecurityException: Unknown calling package name 'com.google.android.gms'.
07-12 17:15:22.567  9261  9393 E GoogleApiManager: 	at android.os.Parcel.createExceptionOrNull(Parcel.java:3256)
07-12 17:15:22.567  9261  9393 E GoogleApiManager: 	at android.os.Parcel.createException(Parcel.java:3240)
07-12 17:15:22.567  9261  9393 E GoogleApiManager: 	at android.os.Parcel.readException(Parcel.java:3223)
07-12 17:15:22.567  9261  9393 E GoogleApiManager: 	at android.os.Parcel.readException(Parcel.java:3165)
07-12 17:15:22.567  9261  9393 E GoogleApiManager: 	at aygi.a(:com.google.android.gms@252431035@25.24.31 (260400-772615181):36)
07-12 17:15:22.567  9261  9393 E GoogleApiManager: 	at ayep.z(:com.google.android.gms@252431035@25.24.31 (260400-772615181):143)
07-12 17:15:22.567  9261  9393 E GoogleApiManager: 	at axlr.run(:com.google.android.gms@252431035@25.24.31 (260400-772615181):42)
07-12 17:15:22.567  9261  9393 E GoogleApiManager: 	at android.os.Handler.handleCallback(Handler.java:1014)
07-12 17:15:22.567  9261  9393 E GoogleApiManager: 	at android.os.Handler.dispatchMessage(Handler.java:102)
07-12 17:15:22.567  9261  9393 E GoogleApiManager: 	at chst.ms(:com.google.android.gms@252431035@25.24.31 (260400-772615181):1)
07-12 17:15:22.567  9261  9393 E GoogleApiManager: 	at chst.dispatchMessage(:com.google.android.gms@252431035@25.24.31 (260400-772615181):5)
07-12 17:15:22.567  9261  9393 E GoogleApiManager: 	at android.os.Looper.loopOnce(Looper.java:250)
07-12 17:15:22.567  9261  9393 E GoogleApiManager: 	at android.os.Looper.loop(Looper.java:340)
07-12 17:15:22.567  9261  9393 E GoogleApiManager: 	at android.os.HandlerThread.run(HandlerThread.java:107)
07-12 17:15:22.570  9261  9391 W FlagRegistrar: Failed to register com.google.android.gms.providerinstaller#com.google.android.calendar
07-12 17:15:22.570  9261  9391 W FlagRegistrar: fifi: 17: 17: API: Phenotype.API is not available on this device. Connection failed with: ConnectionResult{statusCode=DEVELOPER_ERROR, resolution=null, message=null}
07-12 17:15:22.570  9261  9391 W FlagRegistrar: 	at fifk.a(:com.google.android.gms@252431035@25.24.31 (260400-772615181):13)
07-12 17:15:22.570  9261  9391 W FlagRegistrar: 	at gdwp.d(:com.google.android.gms@252431035@25.24.31 (260400-772615181):3)
07-12 17:15:22.570  9261  9391 W FlagRegistrar: 	at gdwr.run(:com.google.android.gms@252431035@25.24.31 (260400-772615181):130)
07-12 17:15:22.570  9261  9391 W FlagRegistrar: 	at gdyz.execute(:com.google.android.gms@252431035@25.24.31 (260400-772615181):1)
07-12 17:15:22.570  9261  9391 W FlagRegistrar: 	at gdxa.f(:com.google.android.gms@252431035@25.24.31 (260400-772615181):1)
07-12 17:15:22.570  9261  9391 W FlagRegistrar: 	at gdxa.m(:com.google.android.gms@252431035@25.24.31 (260400-772615181):99)
07-12 17:15:22.570  9261  9391 W FlagRegistrar: 	at gdxa.r(:com.google.android.gms@252431035@25.24.31 (260400-772615181):17)
07-12 17:15:22.570  9261  9391 W FlagRegistrar: 	at faos.hI(:com.google.android.gms@252431035@25.24.31 (260400-772615181):35)
07-12 17:15:22.570  9261  9391 W FlagRegistrar: 	at eotn.run(:com.google.android.gms@252431035@25.24.31 (260400-772615181):12)
07-12 17:15:22.570  9261  9391 W FlagRegistrar: 	at gdyz.execute(:com.google.android.gms@252431035@25.24.31 (260400-772615181):1)
07-12 17:15:22.570  9261  9391 W FlagRegistrar: 	at eoto.b(:com.google.android.gms@252431035@25.24.31 (260400-772615181):18)
07-12 17:15:22.570  9261  9391 W FlagRegistrar: 	at eoud.b(:com.google.android.gms@252431035@25.24.31 (260400-772615181):36)
07-12 17:15:22.570  9261  9391 W FlagRegistrar: 	at eouf.d(:com.google.android.gms@252431035@25.24.31 (260400-772615181):25)
07-12 17:15:22.570  9261  9391 W FlagRegistrar: 	at axiz.c(:com.google.android.gms@252431035@25.24.31 (260400-772615181):9)
07-12 17:15:22.570  9261  9391 W FlagRegistrar: 	at axlp.q(:com.google.android.gms@252431035@25.24.31 (260400-772615181):48)
07-12 17:15:22.570  9261  9391 W FlagRegistrar: 	at axlp.d(:com.google.android.gms@252431035@25.24.31 (260400-772615181):10)
07-12 17:15:22.570  9261  9391 W FlagRegistrar: 	at axlp.g(:com.google.android.gms@252431035@25.24.31 (260400-772615181):185)
07-12 17:15:22.570  9261  9391 W FlagRegistrar: 	at axlp.onConnectionFailed(:com.google.android.gms@252431035@25.24.31 (260400-772615181):2)
07-12 17:15:22.570  9261  9391 W FlagRegistrar: 	at axlr.run(:com.google.android.gms@252431035@25.24.31 (260400-772615181):70)
07-12 17:15:22.570  9261  9391 W FlagRegistrar: 	at android.os.Handler.handleCallback(Handler.java:1014)
07-12 17:15:22.570  9261  9391 W FlagRegistrar: 	at android.os.Handler.dispatchMessage(Handler.java:102)
07-12 17:15:22.570  9261  9391 W FlagRegistrar: 	at chst.ms(:com.google.android.gms@252431035@25.24.31 (260400-772615181):1)
07-12 17:15:22.570  9261  9391 W FlagRegistrar: 	at chst.dispatchMessage(:com.google.android.gms@252431035@25.24.31 (260400-772615181):5)
07-12 17:15:22.570  9261  9391 W FlagRegistrar: 	at android.os.Looper.loopOnce(Looper.java:250)
07-12 17:15:22.570  9261  9391 W FlagRegistrar: 	at android.os.Looper.loop(Looper.java:340)
07-12 17:15:22.570  9261  9391 W FlagRegistrar: 	at android.os.HandlerThread.run(HandlerThread.java:107)
07-12 17:15:22.570  9261  9391 W FlagRegistrar: Caused by: axhn: 17: API: Phenotype.API is not available on this device. Connection failed with: ConnectionResult{statusCode=DEVELOPER_ERROR, resolution=null, message=null}
07-12 17:15:22.570  9261  9391 W FlagRegistrar: 	at ayeb.a(:com.google.android.gms@252431035@25.24.31 (260400-772615181):15)
07-12 17:15:22.570  9261  9391 W FlagRegistrar: 	at axjc.a(:com.google.android.gms@252431035@25.24.31 (260400-772615181):1)
07-12 17:15:22.570  9261  9391 W FlagRegistrar: 	at axiz.c(:com.google.android.gms@252431035@25.24.31 (260400-772615181):5)
07-12 17:15:22.570  9261  9391 W FlagRegistrar: 	... 12 more
07-12 17:15:22.573  6809  6809 W Finsky  : [2] STU: Failed to get storage stats for package 'com.android.apex.cts.shim' (1601: Error getting stats: android.content.pm.PackageManager.NameNotFoundException)
07-12 17:15:22.579 12900 13543 E msys    : E[N WA]_WCCConnectionDefaultLifecycleEventHandler(1972)=>[INFO] connection/xmpp/lifecycle_event/did-connect, [0.2373s]
07-12 17:15:22.588 12900 13543 E msys    : E[N WA]_WCCConnectionDefaultLifecycleEventHandler(1972)=>[INFO] connection/xmpp/lifecycle_event/did-send-initial-payload, [0.0082s]
07-12 17:15:22.622  9261  9360 I ProviderInstaller: Installed default security provider GmsCore_OpenSSL
07-12 17:15:22.624  9261  9360 W cal.akzc: Application name is not set. Call Builder#setApplicationName.
07-12 17:15:22.627  6802  7890 E msgr.msys: E[N WA]_WCCConnectionDefaultLifecycleEventHandler(1968)=>[INFO] connection/xmpp/lifecycle_event/did-connect, [0.2231s]
07-12 17:15:22.633  6802  7890 E msgr.msys: E[N WA]_WCCConnectionDefaultLifecycleEventHandler(1968)=>[INFO] connection/xmpp/lifecycle_event/did-send-initial-payload, [0.0060s]
07-12 17:15:22.639  4100  7897 I NearbySharing: Network state changed: NetworkState(isRestricted=false, isOnline=true, isCongested=false, isMetered=false, isWifiConnected=true)
07-12 17:15:22.654  6809  6809 W Finsky  : [2] STU: Failed to get storage stats for package 'com.google.android.appsearch' (1601: Error getting stats: android.content.pm.PackageManager.NameNotFoundException)
07-12 17:15:22.655  6809  6809 W Finsky  : [2] STU: Failed to get storage stats for package 'com.google.android.art' (1601: Error getting stats: android.content.pm.PackageManager.NameNotFoundException)
07-12 17:15:22.715  9261  9360 W ndroid.calendar: ClassLoaderContext classpath size mismatch. expected=1, found=0 (DLC[];PCL[base.apk*3707855546]{PCL[/system/framework/org.apache.http.legacy.jar*1230680128]#PCL[/system/framework/com.android.media.remotedisplay.jar*2042759013]#PCL[/system/framework/com.android.location.provider.jar*3414091812]#PCL[/system_ext/framework/androidx.window.extensions.jar*1669733545]#PCL[/system_ext/framework/androidx.window.sidecar.jar*3794466304]} | DLC[];PCL[])
07-12 17:15:22.733  9261  9360 W System  : ClassLoader referenced unknown path: 
07-12 17:15:22.746  9261  9360 W ndroid.calendar: ClassLoaderContext classpath element checksum mismatch. expected=3707855546, found=1942436777 (DLC[];PCL[base.apk*3707855546]{PCL[/system/framework/org.apache.http.legacy.jar*1230680128]#PCL[/system/framework/com.android.media.remotedisplay.jar*2042759013]#PCL[/system/framework/com.android.location.provider.jar*3414091812]#PCL[/system_ext/framework/androidx.window.extensions.jar*1669733545]#PCL[/system_ext/framework/androidx.window.sidecar.jar*3794466304]} | DLC[];PCL[/data/app/~~2tGpO9-gBdSn61_NlgwVYQ==/com.google.android.calendar-meDmTo6esiCuucqWrCjRKA==/base.apk*1942436777]{PCL[/system/framework/org.apache.http.legacy.jar*1230680128]#PCL[/system_ext/framework/androidx.window.extensions.jar*1669733545]#PCL[/system_ext/framework/androidx.window.sidecar.jar*3794466304]})
07-12 17:15:22.748  6809  6809 W Finsky  : [2] STU: Failed to get storage stats for package 'com.google.android.mediaprovider' (1601: Error getting stats: android.content.pm.PackageManager.NameNotFoundException)
07-12 17:15:22.773  9261  9360 W CronetEngine.Builder: The implementation version is lower than the API version. Calls to methods added in API 36 and newer will likely have no effect.
07-12 17:15:22.792  9261  9396 I HttpFlagsLoader: HTTP flags log line (Impl): Using live production flag values from Google
07-12 17:15:22.799  9261  9360 I cn_CronetLibraryLoader: Cronet version: 138.0.7156.0, arch: aarch64
07-12 17:15:22.819  6809  6809 W Finsky  : [2] STU: Failed to get storage stats for package 'com.android.virt' (1601: Error getting stats: android.content.pm.PackageManager.NameNotFoundException)
07-12 17:15:22.837  6809  6809 W Finsky  : [2] STU: Failed to get storage stats for package 'com.android.btservices' (1601: Error getting stats: android.content.pm.PackageManager.NameNotFoundException)
07-12 17:15:22.850  6809  6809 W Finsky  : [2] STU: Failed to get storage stats for package 'com.google.android.resolv' (1601: Error getting stats: android.content.pm.PackageManager.NameNotFoundException)
07-12 17:15:22.867 12900 13543 E msys    : E[N WA]_WCCConnectionDefaultLifecycleEventHandler(1972)=>[INFO] connection/xmpp/lifecycle_event/will-handshake, [0.2785s]
07-12 17:15:22.867  9261  9360 W cal.axni: Failed to create JWT helper. This is unexpected
07-12 17:15:22.867  9261  9360 W cal.axni: java.lang.NoSuchMethodException: cal.aooh.getScopes []
07-12 17:15:22.867  9261  9360 W cal.axni: 	at java.lang.Class.getMethod(Class.java:2950)
07-12 17:15:22.867  9261  9360 W cal.axni: 	at java.lang.Class.getMethod(Class.java:2450)
07-12 17:15:22.867  9261  9360 W cal.axni: 	at cal.axng.<init>(PG:15)
07-12 17:15:22.867  9261  9360 W cal.axni: 	at cal.axni.<clinit>(PG:27)
07-12 17:15:22.867  9261  9360 W cal.axni: 	at cal.yaz.h(PG:85)
07-12 17:15:22.867  9261  9360 W cal.axni: 	at cal.yaz.i(PG:92)
07-12 17:15:22.867  9261  9360 W cal.axni: 	at cal.yaz.e(PG:1)
07-12 17:15:22.867  9261  9360 W cal.axni: 	at cal.akxt.a(PG:86)
07-12 17:15:22.867  9261  9360 W cal.axni: 	at cal.akxv.e(PG:101)
07-12 17:15:22.867  9261  9360 W cal.axni: 	at cal.akxv.b(PG:150)
07-12 17:15:22.867  9261  9360 W cal.axni: 	at cal.akwc.v(PG:34)
07-12 17:15:22.867  9261  9360 W cal.axni: 	at cal.akwc.q(PG:48)
07-12 17:15:22.867  9261  9360 W cal.axni: 	at cal.akwc.p(PG:369)
07-12 17:15:22.867  9261  9360 W cal.axni: 	at cal.akwc.c(PG:142)
07-12 17:15:22.867  9261  9360 W cal.axni: 	at cal.akxj.onPerformSync(PG:13)
07-12 17:15:22.867  9261  9360 W cal.axni: 	at android.content.AbstractThreadedSyncAdapter$SyncThread.run(AbstractThreadedSyncAdapter.java:354)
07-12 17:15:22.870 12900 13543 E msys    : E[N WA]_WCCConnectionDefaultLifecycleEventHandler(1972)=>[INFO] connection/xmpp/lifecycle_event/did-handshake, [0.0026s]
07-12 17:15:22.871 12900 13543 E msys    : E[N WA]_WCCConnectionDefaultReceiveHandler(2124)=>[INFO] connection/receive/login-success
07-12 17:15:22.871 12900 13543 E msys    : E[N WA]_WCCConnectionDefaultEmitStateChange(2944)=>[INFO] connection/new_state/connected [connection_id=926821449, wcc_source=1, wcc_reason=0]
07-12 17:15:22.926  6809  6809 W Finsky  : [2] STU: Failed to get storage stats for package 'com.google.android.configinfrastructure' (1601: Error getting stats: android.content.pm.PackageManager.NameNotFoundException)
07-12 17:15:22.927  6809  6809 W Finsky  : [2] STU: Failed to get storage stats for package 'com.google.android.media' (1601: Error getting stats: android.content.pm.PackageManager.NameNotFoundException)
07-12 17:15:22.955  6802  7890 E msgr.msys: E[N WA]_WCCConnectionDefaultLifecycleEventHandler(1968)=>[INFO] connection/xmpp/lifecycle_event/will-handshake, [0.3214s]
07-12 17:15:22.957  6802  7890 E msgr.msys: E[N WA]_WCCConnectionDefaultLifecycleEventHandler(1968)=>[INFO] connection/xmpp/lifecycle_event/did-handshake, [0.0016s]
07-12 17:15:22.957  6802  7890 E msgr.msys: E[N WA]_WCCConnectionDefaultReceiveHandler(2120)=>[INFO] connection/receive/login-success
07-12 17:15:22.957  6802  7890 E msgr.msys: E[N WA]_WCCConnectionDefaultEmitStateChange(2939)=>[INFO] connection/new_state/connected [connection_id=402540878, wcc_source=1, wcc_reason=18]
07-12 17:15:22.960  6802  8169 E msgr.msys: E[C mem.context]_ScheduleBackgroundDisconnectionTaskIfNeededOnExecutionContext(3583)=>[INFO] background/disconnect_schedule/duration/600
07-12 17:15:22.961  6802  7890 E msgr.msys: E[N WA]_WCCConnectionDefaultReconnectFromWeakRef(1304)=>[INFO] connection/reconnect reconnection aborted, already logged in
07-12 17:15:22.963  6802  7649 E msgr.ZeroChatDHostController: Trying to add the same listener twice. This must be a bug.
07-12 17:15:22.964  6802  8169 E msgr.msys: E[C mem.context]_ZeroRatingStateChangedOnExecutionContext(8332)=>[INFO] ZeroRatingStateChange: notify wa-msys with [host: chat-e2ee-mini.facebook.com, ipv4 fallback IPs are not set, ipv6 fallback IPs are not set]
07-12 17:15:23.048  6809  6809 W Finsky  : [2] STU: Failed to get storage stats for package 'com.android.vndk.v31' (1601: Error getting stats: android.content.pm.PackageManager.NameNotFoundException)
07-12 17:15:23.051  6809  6809 W Finsky  : [2] STU: Failed to get storage stats for package 'com.android.vndk.v33' (1601: Error getting stats: android.content.pm.PackageManager.NameNotFoundException)
07-12 17:15:23.067  6809  6809 W Finsky  : [2] STU: Failed to get storage stats for package 'com.android.vndk.v34' (1601: Error getting stats: android.content.pm.PackageManager.NameNotFoundException)
07-12 17:15:23.160  6809  6809 W Finsky  : [2] STU: Failed to get storage stats for package 'com.google.android.sdkext' (1601: Error getting stats: android.content.pm.PackageManager.NameNotFoundException)
07-12 17:15:23.329  6809  6809 W Finsky  : [2] STU: Failed to get storage stats for package 'com.google.android.adservices' (1601: Error getting stats: android.content.pm.PackageManager.NameNotFoundException)
07-12 17:15:23.330  6809  6809 W Finsky  : [2] STU: Failed to get storage stats for package 'com.google.android.tethering' (1601: Error getting stats: android.content.pm.PackageManager.NameNotFoundException)
07-12 17:15:23.699  6809  6809 W Finsky  : [2] STU: Failed to get storage stats for package 'com.android.runtime' (1601: Error getting stats: android.content.pm.PackageManager.NameNotFoundException)
07-12 17:15:23.781  6809  6809 W Finsky  : [2] STU: Failed to get storage stats for package 'com.google.android.cellbroadcast' (1601: Error getting stats: android.content.pm.PackageManager.NameNotFoundException)
07-12 17:15:24.082  9261  9402 I cn_CronetUrlRequestContext: destroyNativeStreamLocked org.chromium.net.impl.CronetBidirectionalStream@5dfc8d2
07-12 17:15:24.339  6809  6809 W Finsky  : [2] STU: Failed to get storage stats for package 'com.android.compos' (1601: Error getting stats: android.content.pm.PackageManager.NameNotFoundException)
07-12 17:15:24.481  6809  6809 W Finsky  : [2] STU: Failed to get storage stats for package 'com.google.android.tzdata6' (1601: Error getting stats: android.content.pm.PackageManager.NameNotFoundException)
07-12 17:15:24.566  6809  6809 W Finsky  : [2] STU: Failed to get storage stats for package 'com.google.android.permission' (1601: Error getting stats: android.content.pm.PackageManager.NameNotFoundException)
07-12 17:15:24.682  6776  6776 W WindowOnBackDispatcher: OnBackInvokedCallback is not enabled for the application.
07-12 17:15:24.682  6776  6776 W WindowOnBackDispatcher: Set 'android:enableOnBackInvokedCallback="true"' in the application manifest.
07-12 17:15:24.803 19553 24889 W Looper  : Slow delivery took 114552ms android.bg h=android.os.Handler c=android.os.BinderProxy$1@bb30144 m=0
07-12 17:15:24.808 19553 24889 W Looper  : Drained
07-12 17:15:24.833 19553 19553 W PhotopickerUserMonitor: Expected profile resources could not be found
07-12 17:15:24.833 19553 19553 W PhotopickerUserMonitor: android.content.res.Resources$NotFoundException: No badge found for this user.
07-12 17:15:24.833 19553 19553 W PhotopickerUserMonitor: 	at android.os.UserManager.getUserBadge(UserManager.java:5981)
07-12 17:15:24.833 19553 19553 W PhotopickerUserMonitor: 	at com.android.photopicker.core.user.UserMonitor.getUserProfileFromHandle(go/retraceme 428bc083233b2da35cf971c4fc33b6681888c68f445686df87cf47e8bf83b429:64)
07-12 17:15:24.833 19553 19553 W PhotopickerUserMonitor: 	at com.android.photopicker.core.user.UserMonitor.<init>(go/retraceme 428bc083233b2da35cf971c4fc33b6681888c68f445686df87cf47e8bf83b429:40)
07-12 17:15:24.833 19553 19553 W PhotopickerUserMonitor: 	at com.android.photopicker.core.ActivityModule_ProvideUserMonitorFactory.get(go/retraceme 428bc083233b2da35cf971c4fc33b6681888c68f445686df87cf47e8bf83b429:75)
07-12 17:15:24.833 19553 19553 W PhotopickerUserMonitor: 	at dagger.internal.DoubleCheck.get(go/retraceme 428bc083233b2da35cf971c4fc33b6681888c68f445686df87cf47e8bf83b429:14)
07-12 17:15:24.833 19553 19553 W PhotopickerUserMonitor: 	at com.android.photopicker.core.ActivityModule_ProvideDataServiceFactory.get(go/retraceme 428bc083233b2da35cf971c4fc33b6681888c68f445686df87cf47e8bf83b429:18)
07-12 17:15:24.833 19553 19553 W PhotopickerUserMonitor: 	at dagger.internal.DoubleCheck.get(go/retraceme 428bc083233b2da35cf971c4fc33b6681888c68f445686df87cf47e8bf83b429:14)
07-12 17:15:24.833 19553 19553 W PhotopickerUserMonitor: 	at com.android.photopicker.core.events.DispatchersKt.dispatchReportPhotopickerSessionInfoEvent(go/retraceme 428bc083233b2da35cf971c4fc33b6681888c68f445686df87cf47e8bf83b429:85)
07-12 17:15:24.833 19553 19553 W PhotopickerUserMonitor: 	at com.android.photopicker.MainActivity.finish(go/retraceme 428bc083233b2da35cf971c4fc33b6681888c68f445686df87cf47e8bf83b429:64)
07-12 17:15:24.833 19553 19553 W PhotopickerUserMonitor: 	at com.android.photopicker.MainActivity.referToDocumentsUi(go/retraceme 428bc083233b2da35cf971c4fc33b6681888c68f445686df87cf47e8bf83b429:52)
07-12 17:15:24.833 19553 19553 W PhotopickerUserMonitor: 	at com.android.photopicker.MainActivity.onCreate(go/retraceme 428bc083233b2da35cf971c4fc33b6681888c68f445686df87cf47e8bf83b429:143)
07-12 17:15:24.833 19553 19553 W PhotopickerUserMonitor: 	at android.app.Activity.performCreate(Activity.java:9374)
07-12 17:15:24.833 19553 19553 W PhotopickerUserMonitor: 	at android.app.Activity.performCreate(Activity.java:9326)
07-12 17:15:24.833 19553 19553 W PhotopickerUserMonitor: 	at android.app.Instrumentation.callActivityOnCreate(Instrumentation.java:1526)
07-12 17:15:24.833 19553 19553 W PhotopickerUserMonitor: 	at android.app.ActivityThread.performLaunchActivity(ActivityThread.java:4621)
07-12 17:15:24.833 19553 19553 W PhotopickerUserMonitor: 	at android.app.ActivityThread.handleLaunchActivity(ActivityThread.java:4853)
07-12 17:15:24.833 19553 19553 W PhotopickerUserMonitor: 	at android.app.servertransaction.LaunchActivityItem.execute(LaunchActivityItem.java:112)
07-12 17:15:24.833 19553 19553 W PhotopickerUserMonitor: 	at android.app.servertransaction.TransactionExecutor.executeNonLifecycleItem(TransactionExecutor.java:220)
07-12 17:15:24.833 19553 19553 W PhotopickerUserMonitor: 	at android.app.servertransaction.TransactionExecutor.executeTransactionItems(TransactionExecutor.java:148)
07-12 17:15:24.833 19553 19553 W PhotopickerUserMonitor: 	at android.app.servertransaction.TransactionExecutor.execute(TransactionExecutor.java:120)
07-12 17:15:24.833 19553 19553 W PhotopickerUserMonitor: 	at android.app.ActivityThread$H.handleMessage(ActivityThread.java:3079)
07-12 17:15:24.833 19553 19553 W PhotopickerUserMonitor: 	at android.os.Handler.dispatchMessage(Handler.java:109)
07-12 17:15:24.833 19553 19553 W PhotopickerUserMonitor: 	at android.os.Looper.loopOnce(Looper.java:250)
07-12 17:15:24.833 19553 19553 W PhotopickerUserMonitor: 	at android.os.Looper.loop(Looper.java:340)
07-12 17:15:24.833 19553 19553 W PhotopickerUserMonitor: 	at android.app.ActivityThread.main(ActivityThread.java:9860)
07-12 17:15:24.833 19553 19553 W PhotopickerUserMonitor: 	at java.lang.reflect.Method.invoke(Native Method)
07-12 17:15:24.833 19553 19553 W PhotopickerUserMonitor: 	at com.android.internal.os.RuntimeInit$MethodAndArgsCaller.run(RuntimeInit.java:621)
07-12 17:15:24.833 19553 19553 W PhotopickerUserMonitor: 	at com.android.internal.os.ZygoteInit.main(ZygoteInit.java:957)
07-12 17:15:24.834 19553 19553 W PhotopickerUserMonitor: Expected profile resources could not be found
07-12 17:15:24.834 19553 19553 W PhotopickerUserMonitor: android.content.res.Resources$NotFoundException: No badge found for this user.
07-12 17:15:24.834 19553 19553 W PhotopickerUserMonitor: 	at android.os.UserManager.getUserBadge(UserManager.java:5981)
07-12 17:15:24.834 19553 19553 W PhotopickerUserMonitor: 	at com.android.photopicker.core.user.UserMonitor.getUserProfileFromHandle(go/retraceme 428bc083233b2da35cf971c4fc33b6681888c68f445686df87cf47e8bf83b429:64)
07-12 17:15:24.834 19553 19553 W PhotopickerUserMonitor: 	at com.android.photopicker.core.user.UserMonitor.<init>(go/retraceme 428bc083233b2da35cf971c4fc33b6681888c68f445686df87cf47e8bf83b429:133)
07-12 17:15:24.834 19553 19553 W PhotopickerUserMonitor: 	at com.android.photopicker.core.ActivityModule_ProvideUserMonitorFactory.get(go/retraceme 428bc083233b2da35cf971c4fc33b6681888c68f445686df87cf47e8bf83b429:75)
07-12 17:15:24.834 19553 19553 W PhotopickerUserMonitor: 	at dagger.internal.DoubleCheck.get(go/retraceme 428bc083233b2da35cf971c4fc33b6681888c68f445686df87cf47e8bf83b429:14)
07-12 17:15:24.834 19553 19553 W PhotopickerUserMonitor: 	at com.android.photopicker.core.ActivityModule_ProvideDataServiceFactory.get(go/retraceme 428bc083233b2da35cf971c4fc33b6681888c68f445686df87cf47e8bf83b429:18)
07-12 17:15:24.834 19553 19553 W PhotopickerUserMonitor: 	at dagger.internal.DoubleCheck.get(go/retraceme 428bc083233b2da35cf971c4fc33b6681888c68f445686df87cf47e8bf83b429:14)
07-12 17:15:24.834 19553 19553 W PhotopickerUserMonitor: 	at com.android.photopicker.core.events.DispatchersKt.dispatchReportPhotopickerSessionInfoEvent(go/retraceme 428bc083233b2da35cf971c4fc33b6681888c68f445686df87cf47e8bf83b429:85)
07-12 17:15:24.834 19553 19553 W PhotopickerUserMonitor: 	at com.android.photopicker.MainActivity.finish(go/retraceme 428bc083233b2da35cf971c4fc33b6681888c68f445686df87cf47e8bf83b429:64)
07-12 17:15:24.834 19553 19553 W PhotopickerUserMonitor: 	at com.android.photopicker.MainActivity.referToDocumentsUi(go/retraceme 428bc083233b2da35cf971c4fc33b6681888c68f445686df87cf47e8bf83b429:52)
07-12 17:15:24.834 19553 19553 W PhotopickerUserMonitor: 	at com.android.photopicker.MainActivity.onCreate(go/retraceme 428bc083233b2da35cf971c4fc33b6681888c68f445686df87cf47e8bf83b429:143)
07-12 17:15:24.834 19553 19553 W PhotopickerUserMonitor: 	at android.app.Activity.performCreate(Activity.java:9374)
07-12 17:15:24.834 19553 19553 W PhotopickerUserMonitor: 	at android.app.Activity.performCreate(Activity.java:9326)
