07-12 17:15:32.100  6776  9539 E FileDownloadService: 	at com.alstha.growth.FileDownloadService$$ExternalSyntheticLambda1.run(D8$$SyntheticClass:0)
07-12 17:15:32.100  6776  9539 E FileDownloadService: 	at java.lang.Thread.run(Thread.java:1012)
07-12 17:15:32.122  6776  6776 E FileListFragment: Download error: Download failed: Expected URL scheme 'http' or 'https' but no scheme was found for 192.16...
07-12 17:15:32.591  9261  9393 E GoogleApiManager: Failed to get service from broker. 
07-12 17:15:32.591  9261  9393 E GoogleApiManager: java.lang.SecurityException: Unknown calling package name 'com.google.android.gms'.
07-12 17:15:32.591  9261  9393 E GoogleApiManager: 	at android.os.Parcel.createExceptionOrNull(Parcel.java:3256)
07-12 17:15:32.591  9261  9393 E GoogleApiManager: 	at android.os.Parcel.createException(Parcel.java:3240)
07-12 17:15:32.591  9261  9393 E GoogleApiManager: 	at android.os.Parcel.readException(Parcel.java:3223)
07-12 17:15:32.591  9261  9393 E GoogleApiManager: 	at android.os.Parcel.readException(Parcel.java:3165)
07-12 17:15:32.591  9261  9393 E GoogleApiManager: 	at aygi.a(:com.google.android.gms@252431035@25.24.31 (260400-772615181):36)
07-12 17:15:32.591  9261  9393 E GoogleApiManager: 	at ayep.z(:com.google.android.gms@252431035@25.24.31 (260400-772615181):143)
07-12 17:15:32.591  9261  9393 E GoogleApiManager: 	at axlr.run(:com.google.android.gms@252431035@25.24.31 (260400-772615181):42)
07-12 17:15:32.591  9261  9393 E GoogleApiManager: 	at android.os.Handler.handleCallback(Handler.java:1014)
07-12 17:15:32.591  9261  9393 E GoogleApiManager: 	at android.os.Handler.dispatchMessage(Handler.java:102)
07-12 17:15:32.591  9261  9393 E GoogleApiManager: 	at chst.ms(:com.google.android.gms@252431035@25.24.31 (260400-772615181):1)
07-12 17:15:32.591  9261  9393 E GoogleApiManager: 	at chst.dispatchMessage(:com.google.android.gms@252431035@25.24.31 (260400-772615181):5)
07-12 17:15:32.591  9261  9393 E GoogleApiManager: 	at android.os.Looper.loopOnce(Looper.java:250)
07-12 17:15:32.591  9261  9393 E GoogleApiManager: 	at android.os.Looper.loop(Looper.java:340)
07-12 17:15:32.591  9261  9393 E GoogleApiManager: 	at android.os.HandlerThread.run(HandlerThread.java:107)
07-12 17:15:34.716  1638  2726 W BatteryStatsService: Unknown sensor handle 0 received in noteWakeupSensorEvent
07-12 17:15:36.136  5136 22651 D SQLiteQueryBuilder: SELECT sum(_size), count(_size) FROM files WHERE ((((is_pending=0 AND NOT _modifier=4) OR (is_pending=1 AND lower(_data) NOT REGEXP '.*/\.pending-(\d+)-([^/]+)$' AND owner_package_name IN ( 'com.google.android.apps.nbu.files' )))) AND (is_trashed=0) AND (volume_name IN ( 'external_primary' ))) AND (((((format IS NULL OR format != 12289) AND (_size IS NOT NULL) AND (_data IS NOT NULL) AND (LENGTH(_data) > 1)) AND  ( (_id  IN  () )  AND  (_size  != 0) ) ) AND (((format IS NULL OR format != 12289) AND (_size IS NOT NULL) AND (_data IS NOT NULL) AND (LENGTH(_data) > 1)))))
07-12 17:15:36.197  5136 22651 D SQLiteQueryBuilder: SELECT _id FROM files WHERE ((((is_pending=0 AND NOT _modifier=4) OR (is_pending=1 AND lower(_data) NOT REGEXP '.*/\.pending-(\d+)-([^/]+)$' AND owner_package_name IN ( 'com.google.android.apps.nbu.files' )))) AND (is_trashed=0) AND (volume_name IN ( 'external_primary' ))) AND ((_id <= ?)) ORDER BY _id ASC
07-12 17:15:36.311  5136 22651 D SQLiteQueryBuilder: SELECT sum(_size), count(_size) FROM files WHERE ((((is_pending=0 AND NOT _modifier=4) OR (is_pending=1 AND lower(_data) NOT REGEXP '.*/\.pending-(\d+)-([^/]+)$' AND owner_package_name IN ( 'com.google.android.apps.nbu.files' )))) AND (is_trashed=0) AND (volume_name IN ( 'external_primary' ))) AND (((((format IS NULL OR format != 12289) AND (_size IS NOT NULL) AND (_data IS NOT NULL) AND (LENGTH(_data) > 1)) AND  ( (date_modified  > 1752319648)  OR  (_id  > 1000051304) ) ) AND (((format IS NULL OR format != 12289) AND (_size IS NOT NULL) AND (_data IS NOT NULL) AND (LENGTH(_data) > 1)))))
07-12 17:15:42.965  9261  9557 I c.aodm  : Obtained writable database SQLiteDatabase/251142808 instance with path /data/user/0/com.google.android.calendar/files/tasks/e4ef9011-6875-362e-afee-cf03d9706f61/data.db
07-12 17:15:42.967  9261  9556 I c.aodm  : Obtained writable database SQLiteDatabase/10598102 instance with path /data/user/0/com.google.android.calendar/files/tasks/518c1b74-6dfd-32b4-ab23-93e6e2c5f4c6/data.db
07-12 17:15:42.967  9261  9558 I c.aodm  : Obtained writable database SQLiteDatabase/35493165 instance with path /data/user/0/com.google.android.calendar/files/tasks/5e3d6b80-650c-3a45-959b-03fd87a99f97/data.db
07-12 17:15:42.968  9261  9555 I c.aodm  : Obtained writable database SQLiteDatabase/169098583 instance with path /data/user/0/com.google.android.calendar/files/tasks/a8bc5ddf-08b7-34e6-9995-7604be3c6cf1/data.db
07-12 17:15:42.969  9261  9560 I c.aodm  : Obtained writable database SQLiteDatabase/228118596 instance with path /data/user/0/com.google.android.calendar/files/tasks/8e1d52aa-be01-3951-aabe-a898b2472ec8/data.db
07-12 17:15:42.970  9261  9563 I c.aodm  : Obtained writable database SQLiteDatabase/16304814 instance with path /data/user/0/com.google.android.calendar/files/tasks/dadcbafd-c971-3bf6-b0bd-7c95560e64df/data.db
07-12 17:15:42.971  9261  9561 I c.aodm  : Obtained writable database SQLiteDatabase/32498652 instance with path /data/user/0/com.google.android.calendar/files/tasks/a61b9d4f-2730-35fa-ba50-30ea0194275d/data.db
07-12 17:15:42.972  9261  9548 I c.aobs  : The schema version is 10, the database version is 10, and there are 0 migrations
07-12 17:15:42.973  9261  9348 I c.aobs  : The schema version is 10, the database version is 10, and there are 0 migrations
07-12 17:15:42.973  9261  9559 I c.aodm  : Obtained writable database SQLiteDatabase/45694181 instance with path /data/user/0/com.google.android.calendar/files/tasks/7efe17a3-a0ed-3b05-a182-1b78a2b067fb/data.db
07-12 17:15:42.975  9261  9297 I c.aobs  : The schema version is 10, the database version is 10, and there are 0 migrations
07-12 17:15:42.975  9261  9297 I c.aobs  : The schema version is 10, the database version is 10, and there are 0 migrations
07-12 17:15:42.976  9261  9548 I c.aobs  : The schema version is 10, the database version is 10, and there are 0 migrations
07-12 17:15:42.977  9261  9482 I c.aobs  : The schema version is 10, the database version is 10, and there are 0 migrations
07-12 17:15:42.978  9261  9562 I c.aodm  : Obtained writable database SQLiteDatabase/142959048 instance with path /data/user/0/com.google.android.calendar/files/tasks/1994154b-2bc9-3967-8b55-0bf6360fa350/data.db
07-12 17:15:42.983  9261  9348 I c.aobs  : The schema version is 10, the database version is 10, and there are 0 migrations
07-12 17:15:42.984  9261  9297 I c.aobs  : The schema version is 10, the database version is 10, and there are 0 migrations
07-12 17:15:42.985  9261  9482 I c.aobs  : The schema version is 10, the database version is 10, and there are 0 migrations
07-12 17:15:44.088  4100  4100 I SndPersonalSafety: (REDACTED) Peak of %f at %d
07-12 17:15:44.133  4100  5421 I NullBinder: NullBinder for android.net.action.RECOMMEND_NETWORKS triggering remote TransactionTooLargeException due to Service without Chimera impl, calling uid: 1000, calling pid: 0
07-12 17:15:44.133  4100  5421 W .gms.persistent: Large reply transaction of 1056768 bytes, interface descriptor , code 1
07-12 17:15:44.147  4100  5421 I NullBinder: NullBinder for android.net.action.RECOMMEND_NETWORKS triggering remote TransactionTooLargeException due to Service without Chimera impl, calling uid: 1000, calling pid: 0
07-12 17:15:44.147  4100  5421 W .gms.persistent: Large reply transaction of 1056768 bytes, interface descriptor , code 1
07-12 17:15:44.150  4100  5421 I NullBinder: NullBinder for android.net.action.RECOMMEND_NETWORKS triggering remote TransactionTooLargeException due to Service without Chimera impl, calling uid: 1000, calling pid: 0
07-12 17:15:44.151  4100  5421 W .gms.persistent: Large reply transaction of 1056768 bytes, interface descriptor , code 1
07-12 17:15:44.155  4100  7900 W Wear_WifiService: Syncing Wifi Credentials
07-12 17:15:44.642  4100  7900 I NearbySharing: Network state changed: NetworkState(isRestricted=false, isOnline=true, isCongested=false, isMetered=false, isWifiConnected=true)
07-12 17:15:44.769  1638  2942 W BatteryStatsService: Unknown sensor handle 0 received in noteWakeupSensorEvent
07-12 17:15:48.482  4100  9567 W SystemServiceRegistry: No service published for: wifirtt
07-12 17:15:50.373  4100  9567 I FrewleTileCacheManagerV: (REDACTED) Fetched %d AP models from cache
07-12 17:15:50.406  4100  5384 I FusedLocation: (REDACTED) location delivery to %s blocked - too close
07-12 17:15:50.407  4100  5384 I FusedLocation: (REDACTED) location delivery to %s blocked - too close
07-12 17:15:50.410  4100  5384 I FusedLocation: (REDACTED) location delivery to %s blocked - too fast
07-12 17:15:50.410  4100  5384 I FusedLocation: (REDACTED) location delivery to %s blocked - too close
07-12 17:15:54.558  4100  9568 I CastDatabase: Saving the database
07-12 17:15:54.576  4100  9568 I SQLiteCastStore: [CastNetworkInfo] saved: 0, skipped: 0, [CastDeviceInfo]: saved 0, skipped 0, [Paired Guest Mode DeviceInfo] saved: 0, skipped: 0. [ProbedNetworks]: saved 0, skipped: 0, [ProbedSocketAddress]: saved 0, skipped: 0, [Network-Device pairs]: saved: 0
07-12 17:15:58.421  6776  9573 E FileDownloadService: Download error
07-12 17:15:58.421  6776  9573 E FileDownloadService: java.lang.IllegalArgumentException: Expected URL scheme 'http' or 'https' but no scheme was found for 192.16...
07-12 17:15:58.421  6776  9573 E FileDownloadService: 	at okhttp3.HttpUrl$Builder.parse$okhttp(HttpUrl.kt:1261)
07-12 17:15:58.421  6776  9573 E FileDownloadService: 	at okhttp3.HttpUrl$Companion.get(HttpUrl.kt:1634)
07-12 17:15:58.421  6776  9573 E FileDownloadService: 	at okhttp3.Request$Builder.url(Request.kt:184)
07-12 17:15:58.421  6776  9573 E FileDownloadService: 	at com.alstha.growth.FileDownloadService.downloadFile$lambda$4(FileDownloadService.kt:82)
07-12 17:15:58.421  6776  9573 E FileDownloadService: 	at com.alstha.growth.FileDownloadService.$r8$lambda$Y-GdvsIktwbEwRCxTcPq7m9aagY(Unknown Source:0)
07-12 17:15:58.421  6776  9573 E FileDownloadService: 	at com.alstha.growth.FileDownloadService$$ExternalSyntheticLambda1.run(D8$$SyntheticClass:0)
07-12 17:15:58.421  6776  9573 E FileDownloadService: 	at java.lang.Thread.run(Thread.java:1012)
07-12 17:15:58.431  6776  6776 E FileListFragment: Download error: Download failed: Expected URL scheme 'http' or 'https' but no scheme was found for 192.16...
07-12 17:16:08.501  4100  9567 W SystemServiceRegistry: No service published for: wifirtt
07-12 17:16:10.348  4100  9567 I FrewleTileCacheManagerV: (REDACTED) Fetched %d AP models from cache
07-12 17:16:10.388  4100  5384 I FusedLocation: (REDACTED) location delivery to %s blocked - too close
07-12 17:16:10.390  4100  5384 I FusedLocation: (REDACTED) location delivery to %s blocked - too close
07-12 17:16:10.394  4100  5384 I FusedLocation: (REDACTED) location delivery to %s blocked - too fast
07-12 17:16:10.395  4100  5384 I FusedLocation: (REDACTED) location delivery to %s blocked - too close
07-12 17:16:24.963  1638  2364 W BatteryStatsService: Unknown sensor handle 0 received in noteWakeupSensorEvent
07-12 17:16:28.518  4100  9568 W SystemServiceRegistry: No service published for: wifirtt
07-12 17:16:30.369  4100  9568 I FrewleTileCacheManagerV: (REDACTED) Fetched %d AP models from cache
07-12 17:16:30.418  4100  5384 I FusedLocation: (REDACTED) location delivery to %s blocked - too close
07-12 17:16:30.420  4100  5384 I FusedLocation: (REDACTED) location delivery to %s blocked - too close
07-12 17:16:30.424  4100  5384 I FusedLocation: (REDACTED) location delivery to %s blocked - too fast
07-12 17:16:30.424  4100  5384 I FusedLocation: (REDACTED) location delivery to %s blocked - too close
07-12 17:16:35.002  1638  2364 W BatteryStatsService: Unknown sensor handle 0 received in noteWakeupSensorEvent
07-12 17:16:47.345  9594  9594 E cmd     : BBinder_init Processname  cmd  
07-12 17:16:47.345  9594  9594 E cmd     : BBinder_init hasGetProcessName  cmd
07-12 17:16:47.426  9607  9607 E Parcel  : Reading a NULL string not supported here.
07-12 17:16:47.491  9607  9607 E Parcel  : Reading a NULL string not supported here.
07-12 17:16:47.494  9607  9607 E Parcel  : Reading a NULL string not supported here.
07-12 17:16:47.496  9607  9607 E Parcel  : Reading a NULL string not supported here.
07-12 17:16:47.498  9607  9607 E Parcel  : Reading a NULL string not supported here.
07-12 17:16:47.499  9607  9607 E Parcel  : Reading a NULL string not supported here.
07-12 17:16:47.505  9607  9607 E Parcel  : Reading a NULL string not supported here.
07-12 17:16:47.508  9607  9607 E Parcel  : Reading a NULL string not supported here.
07-12 17:16:47.508  9607  9607 E Parcel  : Reading a NULL string not supported here.
07-12 17:16:47.510  9607  9607 E Parcel  : Reading a NULL string not supported here.
07-12 17:16:47.510  9607  9607 E Parcel  : Reading a NULL string not supported here.
07-12 17:16:47.513  9607  9607 E Parcel  : Reading a NULL string not supported here.
07-12 17:16:47.517  9607  9607 E Parcel  : Reading a NULL string not supported here.
07-12 17:16:47.522  9607  9607 E Parcel  : Reading a NULL string not supported here.
07-12 17:16:47.523  9607  9607 E Parcel  : Reading a NULL string not supported here.
07-12 17:16:47.528  9607  9607 E Parcel  : Reading a NULL string not supported here.
07-12 17:16:47.531  9607  9607 E Parcel  : Reading a NULL string not supported here.
07-12 17:16:47.539  9607  9607 E Parcel  : Reading a NULL string not supported here.
07-12 17:16:47.541  9607  9607 E Parcel  : Reading a NULL string not supported here.
07-12 17:16:47.547  9607  9607 E Parcel  : Reading a NULL string not supported here.
07-12 17:16:47.548  9607  9607 E Parcel  : Reading a NULL string not supported here.
07-12 17:16:48.283  9628  9628 E cmd     : BBinder_init Processname  cmd  
07-12 17:16:48.283  9628  9628 E cmd     : BBinder_init hasGetProcessName  cmd
07-12 17:16:48.387  6809  6809 I Finsky  : [2] VerifyApps: Install-time verification requested for package com.alstha.growth, PackageManager id = 21, Verifier id = 14f56c4e-3826-47da-bee3-607cfbc6b5e2
07-12 17:16:48.391  6809  6996 I Finsky  : [460] RECEIVER_PACKAGE_VERIFICATION#logWorkEndAndFinishGoAsync: SUCCESS
07-12 17:16:48.409  6809  9631 I Finsky  : [916] VerifyApps: Anti-malware verification task started for package=com.alstha.growth
07-12 17:16:48.410  6809  9631 E AbstractLogEventBuilder: The provided ProductIdOrigin 3 is not one of the process-level expected values: 1 or 2
07-12 17:16:48.411  6809  9631 I Finsky  : [916] Single user settings service is not running, bind it now
07-12 17:16:48.419  6809  6809 I Finsky  : [2] Single user settings service is connected
07-12 17:16:48.420  6809  6809 W Finsky  : [2] Not all users are synced, requesting all users send setting to primary phonesky
07-12 17:16:48.438  6809  7080 E AbstractLogEventBuilder: The provided ProductIdOrigin 3 is not one of the process-level expected values: 1 or 2
07-12 17:16:48.537  4100  9568 W SystemServiceRegistry: No service published for: wifirtt
07-12 17:16:49.460  6809  6809 I Finsky  : [2] VerifyApps: Device wide unknown source restriction updated
07-12 17:16:49.463  6809  7015 I Finsky  : [461] RECEIVER_SINGLE_USER_SETTINGS#logWorkEndAndFinishGoAsync: SUCCESS
07-12 17:16:49.463  6809  9631 W Settings: Setting install_non_market_apps has moved from android.provider.Settings.Global to android.provider.Settings.Secure, returning read-only value.
07-12 17:16:49.473  6809  6993 I Finsky  : [458] RECEIVER_SINGLE_USER_SETTINGS#logWorkEndAndFinishGoAsync: SUCCESS
07-12 17:16:49.539  6809  9631 I Finsky  : [916] VerifyApps: Installer app: com.android.shell
07-12 17:16:49.544  6809  9631 I Finsky  : [916] Task 7 requested foreground
07-12 17:16:49.544  6809  9631 I Finsky  : [916] Not entering foreground
07-12 17:16:49.546  6809  7058 I Finsky  : [473] VerifyApps: Starting APK Analysis scan for com.alstha.growth.
07-12 17:16:49.547  6809  7058 I Finsky  : [473] Scanning package com.alstha.growth contents with client side protections. File: [BzgHP9Pyh61QPRxkImb9CW9NPcqyzdVsOJ6EHTKkLgA]
07-12 17:16:49.631  6809 15554 I PlayCore: UID: [10178]  PID: [6809] atlk : Initiate binding to the service.
07-12 17:16:49.866  6809  6809 I PlayCore: UID: [10178]  PID: [6809] atlk : ServiceConnectionImpl.onServiceConnected(ComponentInfo{com.android.vending/com.google.android.finsky.verifier.apkanalysis.service.ApkContentsScanService})
07-12 17:16:49.867  6809 15554 I PlayCore: UID: [10178]  PID: [6809] atlk : linkToDeath
07-12 17:16:50.176  6809 15554 I PlayCore: UID: [10178]  PID: [6809] atlk : Unbind from service.
07-12 17:16:50.212  6809  9670 I Finsky  : [921] VerifyApps: Verification package=com.alstha.growth, id=21, response=0, upload_requested=false, run_post_install=false
07-12 17:16:50.217  6809 16920 I PlayCore: UID: [10178]  PID: [6809] atlk : reportBinderDeath
07-12 17:16:50.217  6809 16920 I PlayCore: UID: [10178]  PID: [6809] atlk : calling onBinderDied
07-12 17:16:50.219  6809  9670 I Finsky  : [921] VerifyApps: PAM result saving to datastore delayed for package: com.alstha.growth
07-12 17:16:50.263  6809  6843 W System  : A resource failed to call close. 
07-12 17:16:50.263  6809  6843 W System  : A resource failed to call close. 
07-12 17:16:50.400  4100  9568 I FrewleTileCacheManagerV: (REDACTED) Fetched %d AP models from cache
07-12 17:16:50.441  4100  5384 I FusedLocation: (REDACTED) location delivery to %s blocked - too close
07-12 17:16:50.442  4100  5384 I FusedLocation: (REDACTED) location delivery to %s blocked - too close
07-12 17:16:50.444  4100  5384 I FusedLocation: (REDACTED) location delivery to %s blocked - too fast
07-12 17:16:50.444  4100  5384 I FusedLocation: (REDACTED) location delivery to %s blocked - too close
07-12 17:16:51.749  6809  7047 I Finsky  : [470] VerifyApps: APK Analysis scan finished for com.alstha.growth. Verdict: SAFE
07-12 17:16:51.752  6809  6996 I Finsky  : [460] Apk Analysis Protection verdict logged: 0.
07-12 17:16:51.752  6809  9675 I Finsky  : [922] Apk Analysis scan verification duration=PT2.207S 
07-12 17:16:51.752  6809  7080 E AbstractLogEventBuilder: The provided ProductIdOrigin 3 is not one of the process-level expected values: 1 or 2
07-12 17:16:51.752  6809  9670 E AbstractLogEventBuilder: The provided ProductIdOrigin 3 is not one of the process-level expected values: 1 or 2
07-12 17:16:51.753  6809  9631 E AbstractLogEventBuilder: The provided ProductIdOrigin 3 is not one of the process-level expected values: 1 or 2
07-12 17:16:51.755  6809  9631 I Finsky  : [916] VerifyApps AdvancedProtection: Verify AP install started
07-12 17:16:51.755  6809  9631 I Finsky  : [916] VerifyApps AdvancedProtection: Allowing install because there are no Advanced Protection users
07-12 17:16:51.755  6809  6809 I Finsky  : [2] VerifyApps AdvancedProtection: Reported Advanced Protection verification result: ALLOW
07-12 17:16:51.759  6809  9631 I Finsky  : [916] Skipping logging for attempted installation. The source is a system package.
07-12 17:16:51.760  6809  9631 I Finsky  : [916] VerifyApps: Returning package verification result id=21, result=ALLOW
07-12 17:16:51.766  6809  6809 I Finsky  : [2] VerifyApps: Install-time verification complete: id=21, package_name=com.alstha.growth
07-12 17:16:51.952  5710  6241 I BLASTBufferQueue: QoSAllocBuff Successful. Ret 0 
07-12 17:16:51.970  5710  5710 I bmqk    : onStart
07-12 17:16:51.971  5710  5710 I bkkf    : (REDACTED) [%s] onStart()
07-12 17:16:51.971  5710  5710 I bkmj    : Reloading theme data
07-12 17:16:51.972  5710  5710 I bkkf    : silent_refresh state: Idle/Default
07-12 17:16:51.972  5710  5710 I bmqk    : onResume
07-12 17:16:51.991  6292 10974 W JobInfo : Job 'com.daraz.android/com.taobao.accs.internal.AccsJobService#2050' has a deadline with functional constraints and an extremely short time window of 0 ms (delay=270000, deadline=270000). The functional constraints are not likely to be satisfied when the job runs.
07-12 17:16:52.042  6292 10974 W JobInfo : Job 'com.daraz.android/com.taobao.accs.internal.AccsJobService#2050' has a deadline with functional constraints and an extremely short time window of 0 ms (delay=270000, deadline=270000). The functional constraints are not likely to be satisfied when the job runs.
07-12 17:16:52.119  3853  3853 I GoogleInputMethodService: GoogleInputMethodService.onFinishInput():1984 
07-12 17:16:52.119  3853  3853 I Module  : DeviceLockedStatusModuleProvider$Module.updateDeviceLockedStatus():100 repeatCheckTimes = 0, locked = false
07-12 17:16:52.120  3853  3853 I GoogleInputMethodService: GoogleInputMethodService.onStartInput():1248 onStartInput(EditorInfo{EditorInfo{packageName=com.android.launcher3, inputType=0, inputTypeString=NULL, enableLearning=false, autoCorrection=false, autoComplete=false, imeOptions=0, privateImeOptions=null, actionName=UNSPECIFIED, actionLabel=null, initialSelStart=-1, initialSelEnd=-1, initialCapsMode=0, label=null, fieldId=0, fieldName=null, extras=null, hintText=null, hintLocales=[]}}, false)
07-12 17:16:52.121  3853  3853 I Module  : DeviceLockedStatusModuleProvider$Module.updateDeviceLockedStatus():100 repeatCheckTimes = 1, locked = false
07-12 17:16:52.169  5136  5136 W MediaProvider: WorkProfileOwnerApps cache miss for package com.alstha.growth
07-12 17:16:52.170  6809  6809 I Finsky  : [2] aebl - Received: android.intent.action.PACKAGE_REMOVED, [PrFeYSoiD2kJ2eDfuUFsgGrLmvwxDwBTk6kX_YR63ns]
07-12 17:16:52.175  4922 12109 I PermissionControllerServiceImpl: Updating user sensitive for uid 10384
07-12 17:16:52.231  6809  6809 I Finsky  : [2] AIM: AppInfoCacheUpdater -> invalidating apps: [com.alstha.growth]
07-12 17:16:52.231  6809  6809 I Finsky  : [2] AIM: AppInfoManager-Perf > getApps > called for 1 apps
07-12 17:16:52.233  6809  7058 I Finsky  : [473] AIM: AppInfoManager-Perf > OnDeviceAppInfo > cacheHitCount=0, cacheMissCount=1. Missed  in cache (limit 10) : [com.alstha.growth]
07-12 17:16:52.237  6809  7058 I Finsky  : [473] AIM: Got app ownership map. App counts: . Unique apps: 0
07-12 17:16:52.237  6809  7058 E Finsky  : [473] [Counters] attempted to use a non-positive increment for: 4752
07-12 17:16:52.276  4922  4922 I SafetyLabelChangedBroadcastReceiver: received broadcast packageName: com.alstha.growth, current user: UserHandle{0}, packageChangeEvent: UPDATE, intent user: UserHandle{0}
07-12 17:16:52.282  6809  7080 E Finsky  : [481] [Counters] attempted to use a non-positive increment for: 4753
07-12 17:16:52.283  6809  9707 I Finsky  : [924] SCH: Received scheduling request: Id: 12-1, Constraints: [{ L: 15000, D: 86400000, C: CHARGING_NONE, I: IDLE_NONE, N: NET_ANY, B: BATTERY_ANY }]
07-12 17:16:52.346  6809  6809 I Finsky  : [2] aebl - Received: android.intent.action.PACKAGE_ADDED, [PrFeYSoiD2kJ2eDfuUFsgGrLmvwxDwBTk6kX_YR63ns]
07-12 17:16:52.370  6809  6809 I Finsky  : [2] AIM: AppInfoCacheUpdater -> invalidating apps: [com.alstha.growth]
07-12 17:16:52.370  6809  6809 I Finsky  : [2] AIM: AppInfoManager-Perf > getApps > called for 1 apps
07-12 17:16:52.375  6809  6809 I Finsky  : [2] DTU: Received onPackageAdded, replacing: true
07-12 17:16:52.380  6809  6809 I Finsky  : [2] aebl - Received: android.intent.action.PACKAGE_ADDED, [PrFeYSoiD2kJ2eDfuUFsgGrLmvwxDwBTk6kX_YR63ns]
07-12 17:16:52.390  6809  9707 I Finsky  : [924] SCH: Received scheduling request: Id: 12-1, Constraints: [{ L: 15000, D: 86400000, C: CHARGING_NONE, I: IDLE_NONE, N: NET_ANY, B: BATTERY_ANY }]
07-12 17:16:52.400  4216  9717 D SQLiteQueryBuilder: SELECT external_game_id FROM game_instances JOIN games ON instance_game_id=games._id WHERE (package_name=?)
07-12 17:16:52.414  4216  9717 D SQLiteQueryBuilder: SELECT external_game_id FROM game_instances JOIN games ON instance_game_id=games._id WHERE (package_name=?)
07-12 17:16:52.422  4216  9717 D SQLiteQueryBuilder: SELECT external_game_id FROM game_instances JOIN games ON instance_game_id=games._id WHERE (package_name=?)
07-12 17:16:52.429  4216  9717 D SQLiteQueryBuilder: SELECT external_game_id FROM game_instances JOIN games ON instance_game_id=games._id WHERE (package_name=?)
07-12 17:16:52.435  4216  9717 D SQLiteQueryBuilder: SELECT external_game_id FROM game_instances JOIN games ON instance_game_id=games._id WHERE (package_name=?)
07-12 17:16:52.436  6809  6809 I Finsky  : [2] aebl - Deduping intent android.intent.action.PACKAGE_ADDED
07-12 17:16:52.438  6809  6809 I Finsky  : [2] aebl - Received: android.intent.action.PACKAGE_ADDED, [PrFeYSoiD2kJ2eDfuUFsgGrLmvwxDwBTk6kX_YR63ns]
07-12 17:16:52.452  4216  9717 D SQLiteQueryBuilder: SELECT external_game_id FROM game_instances JOIN games ON instance_game_id=games._id WHERE (package_name=?)
07-12 17:16:52.455  6809  6809 I Finsky  : [2] aebl - Deduping intent android.intent.action.PACKAGE_ADDED
07-12 17:16:52.457  6809  6993 I Finsky  : [458] RECEIVER_PACKAGE_MONITOR#logWorkEndAndFinishGoAsync: SUCCESS
07-12 17:16:52.460  4216  9717 D SQLiteQueryBuilder: SELECT external_game_id FROM game_instances JOIN games ON instance_game_id=games._id WHERE (package_name=?)
07-12 17:16:52.494  4100  9674 I Fitness : (REDACTED) FitCleanupIntentOperation received Intent %s
07-12 17:16:52.497  4100  9674 I ProximityAuth: [RecentAppsMediator] Package added: (user=UserHandle{0}) com.alstha.growth
07-12 17:16:52.523  4216  9749 I Auth    : (REDACTED) [SupervisedAccountIntentOperationV2] onHandleIntent: %s
07-12 17:16:52.539  6809  7047 I Finsky  : [470] AIM: AppInfoManager-Perf > OnDeviceAppInfo > cacheHitCount=1, cacheMissCount=0. Missed  in cache (limit 10) : []
07-12 17:16:52.554  4100  9733 I FontLog : (REDACTED) Package %s has no metadata
07-12 17:16:52.570  6809  7047 I Finsky  : [470] AIM: AppInfoManager-Perf > OnDeviceAppInfo > cacheHitCount=0, cacheMissCount=1. Missed  in cache (limit 10) : [com.alstha.growth]
07-12 17:16:52.602  4216  9621 I NearbyDiscovery: (REDACTED) processGrantSlicePermission: %s
07-12 17:16:52.603  4216  9717 D SQLiteQueryBuilder: SELECT external_game_id FROM game_instances JOIN games ON instance_game_id=games._id WHERE (package_name=?)
07-12 17:16:52.617  4216  9717 D SQLiteQueryBuilder: SELECT external_game_id FROM game_instances JOIN games ON instance_game_id=games._id WHERE (package_name=?)
07-12 17:16:52.625  4216  9717 D SQLiteQueryBuilder: SELECT external_game_id FROM game_instances JOIN games ON instance_game_id=games._id WHERE (package_name=?)
07-12 17:16:52.635  4216  9717 D SQLiteQueryBuilder: SELECT external_game_id FROM game_instances JOIN games ON instance_game_id=games._id WHERE (package_name=?)
07-12 17:16:52.641  4216  9717 D SQLiteQueryBuilder: SELECT external_game_id FROM game_instances JOIN games ON instance_game_id=games._id WHERE (package_name=?)
07-12 17:16:52.648  4216  9717 D SQLiteQueryBuilder: SELECT external_game_id FROM game_instances JOIN games ON instance_game_id=games._id WHERE (package_name=?)
07-12 17:16:52.652  4216  9787 W SQLiteLog: (28) double-quoted string literal: "com.alstha.growth"
07-12 17:16:52.655  4216  9717 D SQLiteQueryBuilder: SELECT external_game_id FROM game_instances JOIN games ON instance_game_id=games._id WHERE (package_name=?)
07-12 17:16:52.686  4216 11112 I Icing   : IndexChimeraService.getServiceInterface callingPackage=com.google.android.gms componentName=AppsCorpus serviceId=36
07-12 17:16:52.704  6292 10969 W Settings: Setting adb_enabled has moved from android.provider.Settings.Secure to android.provider.Settings.Global.
07-12 17:16:52.725  4216  9786 I Icing   : Usage reports ok 2, Failed Usage reports 0, indexed 0, rejected 0
07-12 17:16:52.728  4216 10310 I Icing   : IndexChimeraService.getServiceInterface callingPackage=com.google.android.gms componentName=null serviceId=30
07-12 17:16:52.731  4216  9786 I Icing   : Indexing com.google.android.gms-apps from com.google.android.gms
07-12 17:16:52.742  6809  7098 I Finsky  : [484] AIM: Got app ownership map. App counts: . Unique apps: 0
07-12 17:16:52.742  6809  7098 E Finsky  : [484] [Counters] attempted to use a non-positive increment for: 4752
07-12 17:16:52.743  6809  7098 I Finsky  : [484] SCH: Scheduling phonesky job Id: 12-1, CT: 1752319912283, Constraints: [{ L: 15000, D: 86400000, C: CHARGING_NONE, I: IDLE_NONE, N: NET_ANY, B: BATTERY_ANY }]
07-12 17:16:52.743  6809  7098 I Finsky  : [484] AIM: Got app ownership map. App counts: . Unique apps: 0
07-12 17:16:52.743  6809  7098 E Finsky  : [484] [Counters] attempted to use a non-positive increment for: 4752
07-12 17:16:52.744  6809  7098 I Finsky  : [484] AIM: AppInfoManager-Perf > OnDeviceAppInfo > cacheHitCount=1, cacheMissCount=0. Missed  in cache (limit 10) : []
07-12 17:16:52.746  6809  7047 E Finsky  : [470] [Counters] attempted to use a non-positive increment for: 4753
07-12 17:16:52.748  6809  7047 E Finsky  : [470] [Counters] attempted to use a non-positive increment for: 4753
07-12 17:16:52.762  4216  9786 I Icing   : Usage reports ok 0, Failed Usage reports 0, indexed 0, rejected 0
07-12 17:16:52.765  4216  9786 I Icing   : Indexing done com.google.android.gms-apps
07-12 17:16:52.769  4216  9786 I Icing   : Indexing com.google.android.gms-apps from com.google.android.gms
07-12 17:16:52.771  4216  9786 I Icing   : Indexing done com.google.android.gms-apps
07-12 17:16:52.774  6809  7080 I Finsky  : [481] SCH: Scheduling 1 system job(s)
07-12 17:16:52.775  6809  7080 I Finsky  : [481] SCH: Scheduling system job Id: 9826, L: 14509, D: 68227673, C: false, I: false, N: 1
07-12 17:16:52.785  6809  7047 I Finsky  : [470] AIM: Got app ownership map. App counts: . Unique apps: 0
07-12 17:16:52.785  6809  7047 E Finsky  : [470] [Counters] attempted to use a non-positive increment for: 4752
07-12 17:16:52.810  6809  7080 I Finsky  : [481] AIM: AppInfoManager-Perf > ItemModel > CacheSize=3, cacheHitCount=0, cacheMissCount=0, total appsWithNoServerDataCount=2. Missed  in cache (limit 10) : []
07-12 17:16:52.814  6809  7080 E Finsky  : [481] [Counters] attempted to use a non-positive increment for: 4753
07-12 17:16:52.823  6809  7035 I Finsky  : [468] [ContentSync] finished, scheduled=true
07-12 17:16:52.864  6809  7058 I Finsky  : [473] SCH: Scheduling phonesky job Id: 12-1, CT: 1752319912390, Constraints: [{ L: 15000, D: 86400000, C: CHARGING_NONE, I: IDLE_NONE, N: NET_ANY, B: BATTERY_ANY }]
07-12 17:16:52.867  6809  7058 I Finsky  : [473] AIM: AppInfoManager-Perf > ItemModel > CacheSize=3, cacheHitCount=0, cacheMissCount=0, total appsWithNoServerDataCount=2. Missed  in cache (limit 10) : []
07-12 17:16:52.868  6809  7058 I Finsky  : [473] AIM: AppInfoManager-Perf > ItemModel > CacheSize=3, cacheHitCount=0, cacheMissCount=0, total appsWithNoServerDataCount=2. Missed  in cache (limit 10) : []
07-12 17:16:52.890  6809  7058 I Finsky  : [473] SCH: Scheduling 0 system job(s)
07-12 17:16:52.898  6809  7058 I Finsky  : [473] AIM: AppInfoManager-Perf > getApps > data collection finished
07-12 17:16:52.899  6809  7058 I Finsky  : [473] AIM: AppInfoManager-Perf > maybeDestroyAppInfoManager is called. actives = 1
07-12 17:16:52.900  6809  7058 I Finsky  : [473] AIM: AppInfoManager-Perf > ItemModel > CacheSize=3, cacheHitCount=0, cacheMissCount=0, total appsWithNoServerDataCount=2. Missed  in cache (limit 10) : []
07-12 17:16:52.903  6809  7058 I Finsky  : [473] [ContentSync] finished, scheduled=true
07-12 17:16:52.905  6809  7058 I Finsky  : [473] AIM: AppInfoManager-Perf > getApps > data collection finished
07-12 17:16:52.907  6809  7058 I Finsky  : [473] AIM: AppInfoManager-Perf > maybeDestroyAppInfoManager is called. actives = 0
07-12 17:16:53.116  6292 10974 W JobInfo : Job 'com.daraz.android/com.taobao.accs.internal.AccsJobService#2050' has a deadline with functional constraints and an extremely short time window of 0 ms (delay=270000, deadline=270000). The functional constraints are not likely to be satisfied when the job runs.
07-12 17:16:53.122  6292 11221 W JobInfo : Job 'com.daraz.android/com.taobao.accs.internal.AccsJobService#2050' has a deadline with functional constraints and an extremely short time window of 0 ms (delay=270000, deadline=270000). The functional constraints are not likely to be satisfied when the job runs.
07-12 17:16:53.131  6292 10974 W JobInfo : Job 'com.daraz.android/com.taobao.accs.internal.AccsJobService#2050' has a deadline with functional constraints and an extremely short time window of 0 ms (delay=270000, deadline=270000). The functional constraints are not likely to be satisfied when the job runs.
07-12 17:16:53.140  6292 11217 W JobInfo : Job 'com.daraz.android/com.taobao.accs.internal.AccsJobService#2050' has a deadline with functional constraints and an extremely short time window of 0 ms (delay=270000, deadline=270000). The functional constraints are not likely to be satisfied when the job runs.
07-12 17:17:01.164  7748  7748 I m.alstha.growth: Late-enabling -Xcheck:jni
07-12 17:17:01.215  7748  7748 I m.alstha.growth: Using CollectorTypeCC GC.
07-12 17:17:01.272  5710  5710 I bmqk    : onPause
07-12 17:17:01.287  7748  7748 E m.alstha.growth: BBinder_init Processname  <pre-initialized>  
07-12 17:17:01.336  7748  7748 W ziparchive: Unable to open '/data/app/~~Ejevywim0IZmItExcOd36w==/com.alstha.growth-t4RMlLF-pKwV8lfU2qGhiQ==/base.dm': No such file or directory
07-12 17:17:01.336  7748  7748 W ziparchive: Unable to open '/data/app/~~Ejevywim0IZmItExcOd36w==/com.alstha.growth-t4RMlLF-pKwV8lfU2qGhiQ==/base.dm': No such file or directory
07-12 17:17:01.557  7748  7748 E m.alstha.growth: BBinder_init Processname  com.alstha.growth  
07-12 17:17:01.557  7748  7748 E m.alstha.growth: BBinder_init hasGetProcessName  com.alstha.growth
07-12 17:17:01.569  7748  7748 I PowerHalWrapper: PowerHalWrapper.getInstance 
07-12 17:17:01.569  7748  7748 I M-ProMotion: M-ProMotion is disabled
07-12 17:17:01.695  7748  7748 W m.alstha.growth: Accessing hidden method Landroid/view/View;->computeFitSystemWindows(Landroid/graphics/Rect;Landroid/graphics/Rect;)Z (unsupported, reflection, allowed)
07-12 17:17:01.695  7748  7748 W m.alstha.growth: Accessing hidden method Landroid/view/ViewGroup;->makeOptionalFitsSystemWindows()V (unsupported, reflection, allowed)
07-12 17:17:01.887  5710  5710 I bmqk    : onStop
07-12 17:17:01.898  4100  7166 I NullBinder: NullBinder for android.net.action.RECOMMEND_NETWORKS triggering remote TransactionTooLargeException due to Service without Chimera impl, calling uid: 1000, calling pid: 0
07-12 17:17:01.898  4100  7166 W .gms.persistent: Large reply transaction of 1056768 bytes, interface descriptor , code 1
07-12 17:17:01.902  4100 11477 I NullBinder: NullBinder for android.net.action.RECOMMEND_NETWORKS triggering remote TransactionTooLargeException due to Service without Chimera impl, calling uid: 1000, calling pid: 0
07-12 17:17:01.902  4100 11477 W .gms.persistent: Large reply transaction of 1056768 bytes, interface descriptor , code 1
07-12 17:17:01.905  4100 11477 I NullBinder: NullBinder for android.net.action.RECOMMEND_NETWORKS triggering remote TransactionTooLargeException due to Service without Chimera impl, calling uid: 1000, calling pid: 0
07-12 17:17:01.905  4100 11477 W .gms.persistent: Large reply transaction of 1056768 bytes, interface descriptor , code 1
07-12 17:17:01.936  4100  7900 W Wear_WifiService: Syncing Wifi Credentials
07-12 17:17:02.065  7748  9859 I PowerHalWrapper: PowerHalWrapper.getInstance 
07-12 17:17:02.071  7748  7748 W libc    : Access denied finding property "persist.vivo.ltw.enabled"
07-12 17:17:02.097  7748  7748 I Choreographer: Skipped 64 frames!  The application may be doing too much work on its main thread.
07-12 17:17:02.151  7748  9860 I BLASTBufferQueue: QoSAllocBuff Successful. Ret 0 
07-12 17:17:02.213  7748  9845 I m.alstha.growth: Compiler allocated 4420KB to compile void android.widget.TextView.<init>(android.content.Context, android.util.AttributeSet, int, int)
07-12 17:17:02.222  4509  4520 I .gms.persistent: Background concurrent copying GC freed 15MB AllocSpace bytes, 7(332KB) LOS objects, 52% free, 10MB/22MB, paused 252us,64us total 283.831ms
07-12 17:17:02.222  4509  4520 W .gms.persistent: Reducing the number of considered missed Gc histogram windows from 231 to 100
07-12 17:17:02.225  7748  9860 I GrallocExtra: gralloc_extra_query:is_SW3D 0
07-12 17:17:02.247  1638  1691 I ActivityTaskManager: Displayed com.alstha.growth/.MainActivity for user 0: +1s106ms
07-12 17:17:02.303  3853  3853 I GoogleInputMethodService: GoogleInputMethodService.onFinishInput():1984 
07-12 17:17:02.303  3853  3853 I Module  : DeviceLockedStatusModuleProvider$Module.updateDeviceLockedStatus():100 repeatCheckTimes = 0, locked = false
07-12 17:17:02.304  3853  3853 I GoogleInputMethodService: GoogleInputMethodService.onStartInput():1248 onStartInput(EditorInfo{EditorInfo{packageName=com.alstha.growth, inputType=0, inputTypeString=NULL, enableLearning=false, autoCorrection=false, autoComplete=false, imeOptions=0, privateImeOptions=null, actionName=UNSPECIFIED, actionLabel=null, initialSelStart=-1, initialSelEnd=-1, initialCapsMode=0, label=null, fieldId=0, fieldName=null, extras=null, hintText=null, hintLocales=[]}}, false)
07-12 17:17:02.305  3853  3853 I Module  : DeviceLockedStatusModuleProvider$Module.updateDeviceLockedStatus():100 repeatCheckTimes = 1, locked = false
07-12 17:17:02.420  4100  7900 I NearbySharing: Network state changed: NetworkState(isRestricted=false, isOnline=true, isCongested=false, isMetered=false, isWifiConnected=true)
07-12 17:17:02.498  4100  9772 I NetworkScheduler.Stats: (REDACTED) Task %s/%s started execution. cause:%s exec_start_elapsed_seconds: %s
07-12 17:17:02.501  4216  9109 I PlayGamesServices[GamesSyncAdapter]: Starting sync for 64a2138e
07-12 17:17:02.503  4216  9109 I PlayGamesServices[GamesSyncAdapter]: Sync duration for 64a2138e: 1
07-12 17:17:02.506  4216  9109 D SQLiteQueryBuilder: SELECT _id FROM players WHERE ((external_player_id=?))
07-12 17:17:02.510  4216  9109 D SQLiteQueryBuilder: SELECT current_level, profile_icon_image_id, is_profile_visible, current_xp_total, 0 AS is_muted, (SELECT url FROM images innerimage WHERE innerimage._id=players.banner_image_portrait_id LIMIT 1) AS banner_image_portrait_url, has_debug_access, has_all_public_acls, profile_name, play_together_nickname, is_in_circles, next_level, player_title, (SELECT url FROM images innerimage WHERE innerimage._id=players.profile_icon_image_id LIMIT 1) AS profile_icon_image_url, external_player_id, 'content://com.google.android.gms.games.background/images/64a2138e/'||profile_icon_image_id AS profile_icon_image_uri, always_auto_sign_in, next_level_max_xp, 0 AS gamer_friend_status, last_updated, last_level_up_timestamp, 0 AS gamer_friend_update_timestamp, 'content://com.google.android.gms.games.background/images/64a2138e/'||most_recent_game_hi_res_id AS most_recent_game_hi_res_uri, friends_list_visibility, most_recent_game_hi_res_id, most_recent_game_icon_id, banner_image_portrait_id, 'content://com.google.android.gms.games.background/images/64a2138e/'||banner_image_portrait_id AS banner_image_portrait_uri, gamer_tag, 'content://com.google.android.gms.games.background/images/64a2138e/'||banner_image_landscape_id AS banner_image_landscape_uri, _id, (SELECT url FROM images innerimage WHERE innerimage._id=players.banner_image_landscape_id LIMIT 1) AS banner_image_landscape_url, most_recent_external_game_id, banner_image_landscape_id, profile_creation_timestamp, 'content://com.google.android.gms.games.background/images/64a2138e/'||most_recent_game_featured_id AS most_recent_game_featured_uri, most_recent_game_name, most_recent_game_featured_id, real_name, current_level_max_xp, current_level_min_xp, play_together_invitation_nickname, nickname_abuse_report_token, play_together_friend_status, (SELECT url FROM images innerimage WHERE innerimage._id=players.profile_hi_res_image_id LIMIT 1) AS profile_hi_res_image_url, total_unlocked_achievements, 'content://com.google.android.gms.games.background/images/64a2138e/'||profile_hi_res_image_id AS profile_hi_res_image_uri, 'content://com.google.android.gms.games.background/images/64a2138e/'||most_recent_game_icon_id AS most_recent_game_icon_uri, most_recent_activity_timestamp, profile_hi_res_image_id FROM players WHERE ((external_player_id=?))
07-12 17:17:02.514  4216  9109 D SQLiteQueryBuilder: SELECT _id FROM players WHERE ((external_player_id=?))
07-12 17:17:02.518  4216  9109 D SQLiteQueryBuilder: SELECT current_level, profile_icon_image_id, is_profile_visible, current_xp_total, 0 AS is_muted, (SELECT url FROM images innerimage WHERE innerimage._id=players.banner_image_portrait_id LIMIT 1) AS banner_image_portrait_url, has_debug_access, has_all_public_acls, profile_name, play_together_nickname, is_in_circles, next_level, player_title, (SELECT url FROM images innerimage WHERE innerimage._id=players.profile_icon_image_id LIMIT 1) AS profile_icon_image_url, external_player_id, 'content://com.google.android.gms.games.background/images/36ba968/'||profile_icon_image_id AS profile_icon_image_uri, always_auto_sign_in, next_level_max_xp, 0 AS gamer_friend_status, last_updated, last_level_up_timestamp, 0 AS gamer_friend_update_timestamp, 'content://com.google.android.gms.games.background/images/36ba968/'||most_recent_game_hi_res_id AS most_recent_game_hi_res_uri, friends_list_visibility, most_recent_game_hi_res_id, most_recent_game_icon_id, banner_image_portrait_id, 'content://com.google.android.gms.games.background/images/36ba968/'||banner_image_portrait_id AS banner_image_portrait_uri, gamer_tag, 'content://com.google.android.gms.games.background/images/36ba968/'||banner_image_landscape_id AS banner_image_landscape_uri, _id, (SELECT url FROM images innerimage WHERE innerimage._id=players.banner_image_landscape_id LIMIT 1) AS banner_image_landscape_url, most_recent_external_game_id, banner_image_landscape_id, profile_creation_timestamp, 'content://com.google.android.gms.games.background/images/36ba968/'||most_recent_game_featured_id AS most_recent_game_featured_uri, most_recent_game_name, most_recent_game_featured_id, real_name, current_level_max_xp, current_level_min_xp, play_together_invitation_nickname, nickname_abuse_report_token, play_together_friend_status, (SELECT url FROM images innerimage WHERE innerimage._id=players.profile_hi_res_image_id LIMIT 1) AS profile_hi_res_image_url, total_unlocked_achievements, 'content://com.google.android.gms.games.background/images/36ba968/'||profile_hi_res_image_id AS profile_hi_res_image_uri, 'content://com.google.android.gms.games.background/images/36ba968/'||most_recent_game_icon_id AS most_recent_game_icon_uri, most_recent_activity_timestamp, profile_hi_res_image_id FROM players WHERE ((external_player_id=?))
07-12 17:17:02.523  4216  9109 W PlayGamesServices[DataBroker]: No player ID found when refreshing
07-12 17:17:02.524  4216  9109 W PlayGamesServices[DataBroker]: No player ID found when refreshing
07-12 17:17:02.525  4216  9109 W PlayGamesServices[DataBroker]: No player ID found when refreshing
07-12 17:17:02.526  4216  9109 W PlayGamesServices[DataBroker]: No player ID found when refreshing
07-12 17:17:02.527  4216  9109 W PlayGamesServices[DataBroker]: No player ID found when refreshing
07-12 17:17:02.528  4216  9109 W PlayGamesServices[DataBroker]: No player ID found when refreshing
07-12 17:17:02.529  4216  9109 W PlayGamesServices[DataBroker]: No player ID found when refreshing
07-12 17:17:02.536  4100  9568 I NetworkScheduler.Stats: (REDACTED) Task %s/%s finished executing. cause:%s result: %s elapsed_millis: %s uptime_millis: %s exec_start_elapsed_seconds: %s
07-12 17:17:02.542  4216  8881 W PlayGamesServices[UiUtils]: AppVersion: Cannot find the installed destination app.
07-12 17:17:02.542  4216  8881 I GetServiceValidatorImpl: (REDACTED) onGetService() from Client SDK version [%s], Module version [%s], PGA version [%s], Account [%s], Calling package [%s], Game package [%s]
07-12 17:17:02.544  4216  8881 W GetGamesServiceReqFacto: Parsing request with ignored arguments. signInOptionsBundle [Bundle[{com.google.android.gms.signin.internal.serverClientId=null, com.google.android.gms.signin.internal.usePromptModeForAuthCode=true, com.google.android.gms.signin.internal.logSessionId=null, com.google.android.gms.signin.internal.hostedDomain=null, com.google.android.gms.signin.internal.offlineAccessRequested=false, com.google.android.gms.signin.internal.waitForAccessTokenRefresh=false, com.google.android.gms.signin.internal.clientRequestedAccount=Account {name=<<default account>>, type=com.google}, com.google.android.gms.signin.internal.idTokenRequested=false, com.google.android.gms.signin.internal.forceCodeForRefreshToken=false}]], isRetryingSignIn [false], skipWelcomePopup [false], requireGooglePlus [false]
07-12 17:17:02.544  4216  8881 I GetGamesServiceReqFacto: Replacing request for `games` scope with `games_lite`
07-12 17:17:02.551  4216  9886 I SignInPerformer-23: (REDACTED) Handling request [%s], isFirstPartyCaller [%s]
07-12 17:17:02.553  4216  9886 I SignInPerformer-23: Successfully brokered first-party unauthenticated GamesService [CONTEXT service_id=1 ]
07-12 17:17:02.554  4216  9886 I GetGamesServiceV2Op: (REDACTED) Successfully brokered GamesService for request %s
07-12 17:17:02.556  4216  8881 W PlayGamesServices[UiUtils]: AppVersion: Cannot find the installed destination app.
07-12 17:17:02.557  4216  8881 W PlayGamesServices[UiUtils]: AppVersionName: Cannot find the installed destination app.
07-12 17:17:02.579  4100  7166 I FontLog : (REDACTED) Received query %s, URI %s
07-12 17:17:02.579  4100  7166 I FontLog : (REDACTED) Query [%s] resolved to %s
07-12 17:17:02.581  4100  7166 I FontLog : (REDACTED) Fetch %s end status %s
07-12 17:17:02.590  4100  7166 I FontLog : (REDACTED) Pulling font file for id = %d, cache size = %d
07-12 17:17:02.594  4100  7166 I FontLog : (REDACTED) Pulling font file for id = %d, cache size = %d
07-12 17:17:02.597  4100  9772 I NetworkScheduler.Stats: (REDACTED) Task %s/%s started execution. cause:%s exec_start_elapsed_seconds: %s
07-12 17:17:02.601  4216  9729 I PlayGamesServices[GamesSyncAdapter]: Starting sync for 36ba968
07-12 17:17:02.603  4216  9729 I PlayGamesServices[GamesSyncAdapter]: Sync duration for 36ba968: 2
07-12 17:17:02.606  4216  9729 D SQLiteQueryBuilder: SELECT _id FROM players WHERE ((external_player_id=?))
07-12 17:17:02.611  4216  9729 D SQLiteQueryBuilder: SELECT current_level, profile_icon_image_id, is_profile_visible, current_xp_total, 0 AS is_muted, (SELECT url FROM images innerimage WHERE innerimage._id=players.banner_image_portrait_id LIMIT 1) AS banner_image_portrait_url, has_debug_access, has_all_public_acls, profile_name, play_together_nickname, is_in_circles, next_level, player_title, (SELECT url FROM images innerimage WHERE innerimage._id=players.profile_icon_image_id LIMIT 1) AS profile_icon_image_url, external_player_id, 'content://com.google.android.gms.games.background/images/64a2138e/'||profile_icon_image_id AS profile_icon_image_uri, always_auto_sign_in, next_level_max_xp, 0 AS gamer_friend_status, last_updated, last_level_up_timestamp, 0 AS gamer_friend_update_timestamp, 'content://com.google.android.gms.games.background/images/64a2138e/'||most_recent_game_hi_res_id AS most_recent_game_hi_res_uri, friends_list_visibility, most_recent_game_hi_res_id, most_recent_game_icon_id, banner_image_portrait_id, 'content://com.google.android.gms.games.background/images/64a2138e/'||banner_image_portrait_id AS banner_image_portrait_uri, gamer_tag, 'content://com.google.android.gms.games.background/images/64a2138e/'||banner_image_landscape_id AS banner_image_landscape_uri, _id, (SELECT url FROM images innerimage WHERE innerimage._id=players.banner_image_landscape_id LIMIT 1) AS banner_image_landscape_url, most_recent_external_game_id, banner_image_landscape_id, profile_creation_timestamp, 'content://com.google.android.gms.games.background/images/64a2138e/'||most_recent_game_featured_id AS most_recent_game_featured_uri, most_recent_game_name, most_recent_game_featured_id, real_name, current_level_max_xp, current_level_min_xp, play_together_invitation_nickname, nickname_abuse_report_token, play_together_friend_status, (SELECT url FROM images innerimage WHERE innerimage._id=players.profile_hi_res_image_id LIMIT 1) AS profile_hi_res_image_url, total_unlocked_achievements, 'content://com.google.android.gms.games.background/images/64a2138e/'||profile_hi_res_image_id AS profile_hi_res_image_uri, 'content://com.google.android.gms.games.background/images/64a2138e/'||most_recent_game_icon_id AS most_recent_game_icon_uri, most_recent_activity_timestamp, profile_hi_res_image_id FROM players WHERE ((external_player_id=?))
07-12 17:17:02.616  4216  9729 D SQLiteQueryBuilder: SELECT _id FROM players WHERE ((external_player_id=?))
