07-12 17:17:27.989  6802  7890 E msgr.msys: E[N WA]_WCCXMPPStreamDisconnectHandler(300)=>xmpp/disconnect - WCIStreamStateErrorCode: 2, domain: WCIStreamState, subdomain: MCCWLigerStream: Error Domain=WCIStreamState Code=2 UserInfo=0xc382f3200 {MCFErrorDirectUnderlyingErrorKey=0xb400006e0014c490 "Error Domain=MCCWLigerStream Code=2 UserInfo=0xc382f3100 {MCFErrorDirectLocalizedFailureReasonKey=AsyncSocketException: recv() failed (peer=163.70.144.39:5222), type = Internal error, errno = 103 (Software caused connection abort)}"}
07-12 17:17:27.989  6802  7890 E msgr.msys: E[N WA]_WCCConnectionDefaultLifecycleEventHandler(1968)=>[INFO] connection/xmpp/lifecycle_event/not-connected, [125.0324s]
07-12 17:17:27.990  6802  7890 E msgr.msys: E[N WA]_WCCXMPPStreamDoDisconnect(1051)=>xmpp/disconnect - flags: 256
07-12 17:17:27.990  6802  7890 E msgr.msys: E[N WA]_WCCConnectionDefaultDisconnectHandler(2066)=>connection/disconnected, peer reset
07-12 17:17:27.990  6802  7890 E msgr.msys: E[N WA]_WCCConnectionDefaultEmitStateChange(2939)=>[INFO] connection/new_state/not-connected [connection_id=402540878, wcc_source=1, wcc_reason=18]
07-12 17:17:27.996  6802  7890 E msgr.msys: E[C 1]MCCLogErrorWithTraceOrQPL(274)=>8/374/3970/65536
07-12 17:17:27.998  6802  7890 E msgr.msys: E[C 1]MCCLogErrorWithTraceOrQPL(274)=>8/374/3972/18
07-12 17:17:27.999  6802  7890 E msgr.msys: E[C mem.context]_LogConnectFailure(4927)=>Establishing connection failure reason and flags: disconnect/Doze/0/reason/18/flags/65536/[-, -, -, -, -, -, -, -, -, peer_reset, -]
07-12 17:17:27.999 12900 13228 E MvfstCallbacks.cpp: readError: streamid=7; error=LocalError: Idle timeout, Idle timeout, num non control streams: 3
07-12 17:17:27.999  6802  7890 E msgr.msys: E[C mem.context]_LogConnectFailure(4959)=>[Happy Eyeball] Connect failed with source=1, winner stream ip=163.70.144.39, port=5222, dnsResolutionMethod=1, combined_ip_addresses=163.70.144.39
07-12 17:17:28.000 12900 13228 E MvfstCallbacks.cpp: readError: streamid=11; error=LocalError: Idle timeout, Idle timeout, num non control streams: 3
07-12 17:17:28.002 12900 13228 E MvfstCallbacks.cpp: onConnectionError: error=LocalError: Idle timeout, Idle timeout, num non control streams: 3
07-12 17:17:28.004  6802  7890 E msgr.msys: E[N WA]_WCCConnectionDefaultDisconnectHandler(2091)=>[INFO] connection/disconnected/[did-connect, did-read-bytes]
07-12 17:17:28.008  6802  7890 E msgr.msys: E[N WA]_WCCConnectionDefaultEmitStateChange(2939)=>[INFO] connection/new_state/connecting [connection_id=402540879, wcc_source=1, wcc_reason=18]
07-12 17:17:28.028  6802  7890 E msgr.msys: E[N WA]_WCCConnectionDefaultDoConnectWithAuthKeys(1436)=>[INFO] connection/connect/start/[host=chat-e2ee-mini.facebook.com port=5222]/[163.70.144.39:5222]
07-12 17:17:28.030  6802  7890 E msgr.msys: E[N WA]_WCCConnectionDefaultLifecycleEventHandler(1960)=>[INFO] connection/xmpp/lifecycle_event/will-connect
07-12 17:17:28.036 12900 13456 E msys    : E[N mns]_OnDiskCacheGetData(542)=>Start post callback cache refresh DNS resolution
07-12 17:17:28.036 12900 13456 W LibevQuicAsyncUDPSocket.h: setTosOrTrafficClass not implemented in LibevQuicAsyncUDPSocket
07-12 17:17:28.044 12900 13543 E msys    : E[N WA]_WCCConnectionDefaultDoConnectWithAuthKeys(1440)=>[INFO] connection/connect/start/[host=z-p42-chat-e2ee-ig.facebook.com port=5222]/[157.240.237.175:5222]
07-12 17:17:28.046 12900 13543 E msys    : E[N WA]_WCCConnectionDefaultLifecycleEventHandler(1964)=>[INFO] connection/xmpp/lifecycle_event/will-connect
07-12 17:17:28.242 12900 13456 E msys    : E[N mns]_OnDiskCacheGetData(542)=>Start post callback cache refresh DNS resolution
07-12 17:17:28.374  4100  7897 I NearbySharing: Network state changed: NetworkState(isRestricted=false, isOnline=true, isCongested=false, isMetered=false, isWifiConnected=true)
07-12 17:17:28.569  4100  9775 W SystemServiceRegistry: No service published for: wifirtt
07-12 17:17:29.930 24793 24793 W JobService: onNetworkChanged() not implemented in androidx.work.impl.background.systemjob.SystemJobService. Must override in a subclass.
07-12 17:17:29.930  1638  2911 W BatteryStatsService: Unknown sensor handle 0 received in noteWakeupSensorEvent
07-12 17:17:29.938  4100  7386 I NullBinder: NullBinder for android.net.action.RECOMMEND_NETWORKS triggering remote TransactionTooLargeException due to Service without Chimera impl, calling uid: 1000, calling pid: 0
07-12 17:17:29.938  4100  7386 W .gms.persistent: Large reply transaction of 1056768 bytes, interface descriptor , code 1
07-12 17:17:29.943  4100  7386 I NullBinder: NullBinder for android.net.action.RECOMMEND_NETWORKS triggering remote TransactionTooLargeException due to Service without Chimera impl, calling uid: 1000, calling pid: 0
07-12 17:17:29.943  4100  7386 W .gms.persistent: Large reply transaction of 1056768 bytes, interface descriptor , code 1
07-12 17:17:29.947  4100  7897 W Wear_WifiService: Syncing Wifi Credentials
07-12 17:17:29.975  4100 11477 I NullBinder: NullBinder for android.net.action.RECOMMEND_NETWORKS triggering remote TransactionTooLargeException due to Service without Chimera impl, calling uid: 1000, calling pid: 0
07-12 17:17:29.975  4100 11477 W .gms.persistent: Large reply transaction of 1056768 bytes, interface descriptor , code 1
07-12 17:17:30.009  6802  7890 E msgr.msys: E[N WA]_WCCConnectionDefaultLifecycleEventHandler(1968)=>[INFO] connection/xmpp/lifecycle_event/did-connect, [1.9774s]
07-12 17:17:30.015  6802  7890 E msgr.msys: E[N WA]_WCCConnectionDefaultLifecycleEventHandler(1968)=>[INFO] connection/xmpp/lifecycle_event/did-send-initial-payload, [0.0053s]
07-12 17:17:30.389  4100  9775 I FrewleTileCacheManagerV: (REDACTED) Fetched %d AP models from cache
07-12 17:17:30.436  4100  5384 I FusedLocation: (REDACTED) location delivery to %s blocked - too close
07-12 17:17:30.438  4100  5384 I FusedLocation: (REDACTED) location delivery to %s blocked - too close
07-12 17:17:30.441  4100  5384 I FusedLocation: (REDACTED) location delivery to %s blocked - too fast
07-12 17:17:30.442  4100  5384 I FusedLocation: (REDACTED) location delivery to %s blocked - too close
07-12 17:17:30.445  4100  7897 I NearbySharing: Network state changed: NetworkState(isRestricted=false, isOnline=true, isCongested=false, isMetered=false, isWifiConnected=true)
07-12 17:17:30.450  4100  4100 I SndPersonalSafety: (REDACTED) Peak of %f at %d
07-12 17:17:31.415  6802  7890 E msgr.msys: E[N WA]_WCCConnectionDefaultLifecycleEventHandler(1968)=>[INFO] connection/xmpp/lifecycle_event/will-handshake, [1.3987s]
07-12 17:17:31.418  6802  7890 E msgr.msys: E[N WA]_WCCConnectionDefaultLifecycleEventHandler(1968)=>[INFO] connection/xmpp/lifecycle_event/did-handshake, [0.0027s]
07-12 17:17:31.418  6802  7890 E msgr.msys: E[N WA]_WCCConnectionDefaultReceiveHandler(2120)=>[INFO] connection/receive/login-success
07-12 17:17:31.418  6802  7890 E msgr.msys: E[N WA]_WCCConnectionDefaultEmitStateChange(2939)=>[INFO] connection/new_state/connected [connection_id=402540879, wcc_source=1, wcc_reason=18]
07-12 17:17:31.423  6802  8169 E msgr.msys: E[C mem.context]_ScheduleBackgroundDisconnectionTaskIfNeededOnExecutionContext(3583)=>[INFO] background/disconnect_schedule/duration/600
07-12 17:17:31.429  6802  7649 E msgr.ZeroChatDHostController: Trying to add the same listener twice. This must be a bug.
07-12 17:17:31.430  6802  7890 E msgr.msys: E[N WA]_WCCConnectionDefaultReconnectFromWeakRef(1304)=>[INFO] connection/reconnect reconnection aborted, already logged in
07-12 17:17:31.447  6802  8169 E msgr.msys: E[C mem.context]_ZeroRatingStateChangedOnExecutionContext(8332)=>[INFO] ZeroRatingStateChange: notify wa-msys with [host: chat-e2ee-mini.facebook.com, ipv4 fallback IPs are not set, ipv6 fallback IPs are not set]
07-12 17:17:31.840 12900 13543 E msys    : E[N WA]_WCCConnectionDefaultLifecycleEventHandler(1972)=>[INFO] connection/xmpp/lifecycle_event/did-connect, [3.7935s]
07-12 17:17:31.849 12900 13543 E msys    : E[N WA]_WCCConnectionDefaultLifecycleEventHandler(1972)=>[INFO] connection/xmpp/lifecycle_event/did-send-initial-payload, [0.0088s]
07-12 17:17:31.852 12900 13456 E msys    : E[N mns]_OnSystemDNSSuccessCallback(314)=>Cache refresh succeeded with system DNS resolver. IP count: 1
07-12 17:17:32.012 24793 24793 W JobService: onNetworkChanged() not implemented in androidx.work.impl.background.systemjob.SystemJobService. Must override in a subclass.
07-12 17:17:32.014  1638  3338 W BatteryStatsService: Unknown sensor handle 0 received in noteWakeupSensorEvent
07-12 17:17:32.024  4100  4129 I NullBinder: NullBinder for android.net.action.RECOMMEND_NETWORKS triggering remote TransactionTooLargeException due to Service without Chimera impl, calling uid: 1000, calling pid: 0
07-12 17:17:32.024  4100  4129 W .gms.persistent: Large reply transaction of 1056768 bytes, interface descriptor , code 1
07-12 17:17:32.028  4100  4129 I NullBinder: NullBinder for android.net.action.RECOMMEND_NETWORKS triggering remote TransactionTooLargeException due to Service without Chimera impl, calling uid: 1000, calling pid: 0
07-12 17:17:32.028  4100  4129 W .gms.persistent: Large reply transaction of 1056768 bytes, interface descriptor , code 1
07-12 17:17:32.029  4100  7900 W Wear_WifiService: Syncing Wifi Credentials
07-12 17:17:32.031  4100  4267 I NullBinder: NullBinder for android.net.action.RECOMMEND_NETWORKS triggering remote TransactionTooLargeException due to Service without Chimera impl, calling uid: 1000, calling pid: 0
07-12 17:17:32.031  4100  4267 W .gms.persistent: Large reply transaction of 1056768 bytes, interface descriptor , code 1
07-12 17:17:32.533  4100  7900 I NearbySharing: Network state changed: NetworkState(isRestricted=false, isOnline=true, isCongested=false, isMetered=false, isWifiConnected=true)
07-12 17:17:32.778 12900 13543 E msys    : E[N WA]_WCCConnectionDefaultLifecycleEventHandler(1972)=>[INFO] connection/xmpp/lifecycle_event/will-handshake, [0.9279s]
07-12 17:17:32.779 12900 13543 E msys    : E[N WA]_WCCConnectionDefaultLifecycleEventHandler(1972)=>[INFO] connection/xmpp/lifecycle_event/did-handshake, [0.0016s]
07-12 17:17:32.780 12900 13543 E msys    : E[N WA]_WCCConnectionDefaultReceiveHandler(2124)=>[INFO] connection/receive/login-success
07-12 17:17:32.780 12900 13543 E msys    : E[N WA]_WCCConnectionDefaultEmitStateChange(2944)=>[INFO] connection/new_state/connected [connection_id=926821450, wcc_source=1, wcc_reason=0]
07-12 17:17:33.075  4100  9774 I NetworkScheduler: (REDACTED) Error inserting %s
07-12 17:17:34.053  4100  9775 I NetworkScheduler: (REDACTED) Error inserting %s
07-12 17:17:34.259 12900 13456 E msys    : E[N mns]_LogError(204)=>Failed to resolve using system DNS resolver, getaddrinfo(): No address associated with hostname
07-12 17:17:34.680  4100  9774 I NetworkScheduler: (REDACTED) Error inserting %s
07-12 17:17:36.955  5136  5171 D SQLiteQueryBuilder: SELECT sum(_size), count(_size) FROM files WHERE ((((is_pending=0 AND NOT _modifier=4) OR (is_pending=1 AND lower(_data) NOT REGEXP '.*/\.pending-(\d+)-([^/]+)$' AND owner_package_name IN ( 'com.google.android.apps.nbu.files' )))) AND (is_trashed=0) AND (volume_name IN ( 'external_primary' ))) AND ((( ( ((_data GLOB '*/.*') = 0)  AND  (_data  LIKE '/storage/emulated/0/Download/%') ) ) AND (((format IS NULL OR format != 12289) AND (_size IS NOT NULL) AND (_data IS NOT NULL) AND (LENGTH(_data) > 1)))))
07-12 17:17:36.958  5136 22626 D SQLiteQueryBuilder: SELECT sum(_size), count(_size) FROM files WHERE ((((is_pending=0 AND NOT _modifier=4) OR (is_pending=1 AND lower(_data) NOT REGEXP '.*/\.pending-(\d+)-([^/]+)$' AND owner_package_name IN ( 'com.google.android.apps.nbu.files' )))) AND (is_trashed=0) AND (volume_name IN ( 'external_primary' ))) AND (((media_type = 3 AND  ((_data GLOB '*/.*') = 0) ) AND (((format IS NULL OR format != 12289) AND (_size IS NOT NULL) AND (_data IS NOT NULL) AND (LENGTH(_data) > 1)))))
07-12 17:17:36.961  5136  5796 D SQLiteQueryBuilder: SELECT sum(_size), count(_size) FROM files WHERE ((((is_pending=0 AND NOT _modifier=4) OR (is_pending=1 AND lower(_data) NOT REGEXP '.*/\.pending-(\d+)-([^/]+)$' AND owner_package_name IN ( 'com.google.android.apps.nbu.files' )))) AND (is_trashed=0) AND (volume_name IN ( 'external_primary' ))) AND (((media_type = 2 AND  ((_data GLOB '*/.*') = 0) ) AND (((format IS NULL OR format != 12289) AND (_size IS NOT NULL) AND (_data IS NOT NULL) AND (LENGTH(_data) > 1)))))
07-12 17:17:36.965  5136 16079 D SQLiteQueryBuilder: SELECT sum(_size), count(_size) FROM files WHERE ((((is_pending=0 AND NOT _modifier=4) OR (is_pending=1 AND lower(_data) NOT REGEXP '.*/\.pending-(\d+)-([^/]+)$' AND owner_package_name IN ( 'com.google.android.apps.nbu.files' )))) AND (is_trashed=0) AND (volume_name IN ( 'external_primary' ))) AND (((media_type = 6 AND  ((_data GLOB '*/.*') = 0) ) AND (((format IS NULL OR format != 12289) AND (_size IS NOT NULL) AND (_data IS NOT NULL) AND (LENGTH(_data) > 1)))))
07-12 17:17:36.969  5136 22626 D SQLiteQueryBuilder: SELECT sum(_size), count(_size) FROM files WHERE ((((is_pending=0 AND NOT _modifier=4) OR (is_pending=1 AND lower(_data) NOT REGEXP '.*/\.pending-(\d+)-([^/]+)$' AND owner_package_name IN ( 'com.google.android.apps.nbu.files' )))) AND (is_trashed=0) AND (volume_name IN ( 'external_primary' ))) AND (((media_type = 1 AND  ((_data GLOB '*/.*') = 0) ) AND (((format IS NULL OR format != 12289) AND (_size IS NOT NULL) AND (_data IS NOT NULL) AND (LENGTH(_data) > 1)))))
07-12 17:17:37.905  4216 10239 I GmscoreIpa: Starting mediastore instant index [CONTEXT service_id=255 ]
07-12 17:17:37.920  5136  5171 D SQLiteQueryBuilder: SELECT _id, date_modified, title, album, album_id, artist, artist_id FROM audio WHERE ((((is_pending=0 AND NOT _modifier=4) OR (is_pending=1 AND lower(_data) NOT REGEXP '.*/\.pending-(\d+)-([^/]+)$' AND owner_package_name IN ( 'com.google.android.gms' , 'com.google.android.gsf' )))) AND (is_trashed=0) AND (volume_name IN ( 'external_primary' ))) AND ((_id>? AND (is_music=1 OR is_podcast=1) AND title IS NOT NULL)) ORDER BY _id DESC
07-12 17:17:48.582  4100 10138 W SystemServiceRegistry: No service published for: wifirtt
07-12 17:17:50.456  4100 10138 I FrewleTileCacheManagerV: (REDACTED) Fetched %d AP models from cache
07-12 17:17:50.497  4100  5384 I FusedLocation: (REDACTED) location delivery to %s blocked - too close
07-12 17:17:50.498  4100  5384 I FusedLocation: (REDACTED) location delivery to %s blocked - too close
07-12 17:17:50.502  4100  5384 I FusedLocation: (REDACTED) location delivery to %s blocked - too close
07-12 17:17:52.975  6292 10969 W Settings: Setting adb_enabled has moved from android.provider.Settings.Secure to android.provider.Settings.Global.
07-12 17:17:56.161  7748  7748 W WindowOnBackDispatcher: OnBackInvokedCallback is not enabled for the application.
07-12 17:17:56.161  7748  7748 W WindowOnBackDispatcher: Set 'android:enableOnBackInvokedCallback="true"' in the application manifest.
07-12 17:17:57.325  6809  7098 I Finsky  : [484] AIM: AppInfoManager-Perf > Destroying AppInfoManager ...
07-12 17:17:57.382  4100  4129 I NullBinder: NullBinder for android.net.action.RECOMMEND_NETWORKS triggering remote TransactionTooLargeException due to Service without Chimera impl, calling uid: 1000, calling pid: 0
07-12 17:17:57.382  4100  4129 W .gms.persistent: Large reply transaction of 1056768 bytes, interface descriptor , code 1
07-12 17:17:57.384  4100  4129 I NullBinder: NullBinder for android.net.action.RECOMMEND_NETWORKS triggering remote TransactionTooLargeException due to Service without Chimera impl, calling uid: 1000, calling pid: 0
07-12 17:17:57.384  4100  4129 W .gms.persistent: Large reply transaction of 1056768 bytes, interface descriptor , code 1
07-12 17:17:57.389  4100  4129 I NullBinder: NullBinder for android.net.action.RECOMMEND_NETWORKS triggering remote TransactionTooLargeException due to Service without Chimera impl, calling uid: 1000, calling pid: 0
07-12 17:17:57.389  4100  4129 W .gms.persistent: Large reply transaction of 1056768 bytes, interface descriptor , code 1
07-12 17:17:57.403  4100  7899 W Wear_WifiService: Syncing Wifi Credentials
07-12 17:17:57.890  4100  7899 I NearbySharing: Network state changed: NetworkState(isRestricted=false, isOnline=true, isCongested=false, isMetered=false, isWifiConnected=true)
07-12 17:17:58.572  7748  7748 I ScrollIdentify: on fling
07-12 17:18:00.935  5136  5171 W MediaProvider: isAppCloneUserPair for user 0: false
07-12 17:18:00.937  5136  5171 D SQLiteQueryBuilder: INSERT INTO files (_user_id,inferred_date,format,bucket_display_name,owner_package_name,parent,volume_name,date_expires,_modifier,_display_name,mime_type,_data,title,is_trashed,is_download,is_pending,date_added,bucket_id,media_type,relative_path,generation_added,generation_modified,_id) VALUES (?,?,?,?,?,?,?,?,?,?,?,?,?,?,?,?,?,?,?,?,(SELECT generation FROM local_metadata),(SELECT generation FROM local_metadata),_GET_ID( '/storage/emulated/0/Download/2025-07-03 10-15-03.mp4' ))
07-12 17:18:00.966  5136  5171 D SQLiteQueryBuilder: SELECT _data, owner_package_name, is_pending FROM downloads WHERE ((_id='1000051306') AND (volume_name IN ( 'external_primary' )))
07-12 17:18:00.982  5136  5171 D SQLiteQueryBuilder: SELECT rowid FROM files WHERE ((owner_package_name IN ( 'com.alstha.growth' )) AND (_id='1000051306') AND (is_download=1) AND (volume_name IN ( 'external_primary' )))
07-12 17:18:01.055  4100  9775 I NetworkScheduler.Stats: (REDACTED) Task %s/%s started execution. cause:%s exec_start_elapsed_seconds: %s
07-12 17:18:01.063  4100 10138 I NetworkScheduler.Stats: (REDACTED) Task %s/%s finished executing. cause:%s result: %s elapsed_millis: %s uptime_millis: %s exec_start_elapsed_seconds: %s
07-12 17:18:05.414  1638  2675 W BatteryStatsService: Unknown sensor handle 0 received in noteWakeupSensorEvent
07-12 17:18:08.279  3923 10276 W libc    : Access denied finding property "persist.vivo.ltw.enabled"
07-12 17:18:08.592  4100  9775 W SystemServiceRegistry: No service published for: wifirtt
07-12 17:18:10.466  4100  9775 I FrewleTileCacheManagerV: (REDACTED) Fetched %d AP models from cache
07-12 17:18:10.512  4100  5384 I FusedLocation: (REDACTED) location delivery to %s blocked - too close
07-12 17:18:10.514  4100  5384 I FusedLocation: (REDACTED) location delivery to %s blocked - too close
07-12 17:18:10.518  4100  5384 I FusedLocation: (REDACTED) location delivery to %s blocked - too fast
07-12 17:18:10.519  4100  5384 I FusedLocation: (REDACTED) location delivery to %s blocked - too close
07-12 17:18:11.032  5136  5171 D SQLiteQueryBuilder: SELECT _data, orientation, owner_package_name, title, duration, _size, bucket_id, date_added, datetaken, date_modified, media_type, mime_type, is_trashed, width, date_expires, _id, generation_modified, is_pending, bucket_display_name, height FROM files WHERE ((owner_package_name IN ( 'com.google.android.apps.photos' ) OR media_type=2 OR media_type=4 OR media_type=5 OR media_type=3 OR media_type=5 OR media_type=1) AND (((is_pending=0 AND NOT _modifier=4) OR (is_pending=1 AND lower(_data) NOT REGEXP '.*/\.pending-(\d+)-([^/]+)$' AND owner_package_name IN ( 'com.google.android.apps.photos' )))) AND (volume_name IN ( 'external_primary' ))) AND ((
07-12 17:18:11.032  5136  5171 D SQLiteQueryBuilder:       ((media_type = 1 OR media_type = 3)
07-12 17:18:11.032  5136  5171 D SQLiteQueryBuilder:           AND (bucket_id IS NOT NULL OR _data IS NOT NULL))
07-12 17:18:11.032  5136  5171 D SQLiteQueryBuilder:         AND (generation_modified > ?)
07-12 17:18:11.032  5136  5171 D SQLiteQueryBuilder:         AND (generation_modified < ?
07-12 17:18:11.032  5136  5171 D SQLiteQueryBuilder:           OR (generation_modified = ? AND _id < ?))
07-12 17:18:11.032  5136  5171 D SQLiteQueryBuilder:         AND (is_pending = 0)
07-12 17:18:11.032  5136  5171 D SQLiteQueryBuilder:     )) ORDER BY generation_modified DESC, _id DESC LIMIT 75
07-12 17:18:11.070  5136  5171 D SQLiteQueryBuilder: SELECT _data, orientation, owner_package_name, title, duration, _size, bucket_id, date_added, datetaken, date_modified, media_type, mime_type, is_trashed, width, date_expires, _id, generation_modified, is_pending, bucket_display_name, height FROM files WHERE ((owner_package_name IN ( 'com.google.android.apps.photos' ) OR media_type=2 OR media_type=4 OR media_type=5 OR media_type=3 OR media_type=5 OR media_type=1) AND (((is_pending=0 AND NOT _modifier=4) OR (is_pending=1 AND lower(_data) NOT REGEXP '.*/\.pending-(\d+)-([^/]+)$' AND owner_package_name IN ( 'com.google.android.apps.photos' )))) AND (volume_name IN ( 'external_primary' ))) AND ((((media_type = 1 OR media_type = 3) AND (bucket_id IS NOT NULL OR _data IS NOT NULL)) AND (generation_modified < ? OR generation_modified = ? AND _id < ?) AND is_pending = 0)) ORDER BY generation_modified DESC, _id DESC LIMIT 75
07-12 17:18:11.094  5136  5171 D SQLiteQueryBuilder: SELECT _id, media_type FROM files WHERE ((owner_package_name IN ( 'com.google.android.apps.photos' ) OR media_type=2 OR media_type=4 OR media_type=5 OR media_type=3 OR media_type=5 OR media_type=1) AND (((is_pending=0 AND NOT _modifier=4) OR (is_pending=1 AND lower(_data) NOT REGEXP '.*/\.pending-(\d+)-([^/]+)$' AND owner_package_name IN ( 'com.google.android.apps.photos' )))) AND (volume_name IN ( 'external_primary' ))) AND (((media_type = 1 OR media_type = 3) AND _id < ?)) ORDER BY _id DESC LIMIT 200
07-12 17:18:11.109  5136  5171 D SQLiteQueryBuilder: SELECT _id, media_type FROM files WHERE ((owner_package_name IN ( 'com.google.android.apps.photos' ) OR media_type=2 OR media_type=4 OR media_type=5 OR media_type=3 OR media_type=5 OR media_type=1) AND (((is_pending=0 AND NOT _modifier=4) OR (is_pending=1 AND lower(_data) NOT REGEXP '.*/\.pending-(\d+)-([^/]+)$' AND owner_package_name IN ( 'com.google.android.apps.photos' )))) AND (volume_name IN ( 'external_primary' ))) AND (((media_type = 1 OR media_type = 3) AND _id < ?)) ORDER BY _id DESC LIMIT 200
07-12 17:18:11.125  5136  5171 D SQLiteQueryBuilder: SELECT _id, media_type FROM files WHERE ((owner_package_name IN ( 'com.google.android.apps.photos' ) OR media_type=2 OR media_type=4 OR media_type=5 OR media_type=3 OR media_type=5 OR media_type=1) AND (((is_pending=0 AND NOT _modifier=4) OR (is_pending=1 AND lower(_data) NOT REGEXP '.*/\.pending-(\d+)-([^/]+)$' AND owner_package_name IN ( 'com.google.android.apps.photos' )))) AND (volume_name IN ( 'external_primary' ))) AND (((media_type = 1 OR media_type = 3) AND _id < ?)) ORDER BY _id DESC LIMIT 200
07-12 17:18:11.144  5136  5171 D SQLiteQueryBuilder: SELECT _id, media_type FROM files WHERE ((owner_package_name IN ( 'com.google.android.apps.photos' ) OR media_type=2 OR media_type=4 OR media_type=5 OR media_type=3 OR media_type=5 OR media_type=1) AND (((is_pending=0 AND NOT _modifier=4) OR (is_pending=1 AND lower(_data) NOT REGEXP '.*/\.pending-(\d+)-([^/]+)$' AND owner_package_name IN ( 'com.google.android.apps.photos' )))) AND (volume_name IN ( 'external_primary' ))) AND (((media_type = 1 OR media_type = 3) AND _id < ?)) ORDER BY _id DESC LIMIT 200
07-12 17:18:11.166  5136  5171 D SQLiteQueryBuilder: SELECT _id, media_type FROM files WHERE ((owner_package_name IN ( 'com.google.android.apps.photos' ) OR media_type=2 OR media_type=4 OR media_type=5 OR media_type=3 OR media_type=5 OR media_type=1) AND (((is_pending=0 AND NOT _modifier=4) OR (is_pending=1 AND lower(_data) NOT REGEXP '.*/\.pending-(\d+)-([^/]+)$' AND owner_package_name IN ( 'com.google.android.apps.photos' )))) AND (volume_name IN ( 'external_primary' ))) AND (((media_type = 1 OR media_type = 3) AND _id < ?)) ORDER BY _id DESC LIMIT 200
07-12 17:18:11.185  5136  5171 D SQLiteQueryBuilder: SELECT _id, media_type FROM files WHERE ((owner_package_name IN ( 'com.google.android.apps.photos' ) OR media_type=2 OR media_type=4 OR media_type=5 OR media_type=3 OR media_type=5 OR media_type=1) AND (((is_pending=0 AND NOT _modifier=4) OR (is_pending=1 AND lower(_data) NOT REGEXP '.*/\.pending-(\d+)-([^/]+)$' AND owner_package_name IN ( 'com.google.android.apps.photos' )))) AND (volume_name IN ( 'external_primary' ))) AND (((media_type = 1 OR media_type = 3) AND _id < ?)) ORDER BY _id DESC LIMIT 200
07-12 17:18:11.194  5136  5171 D SQLiteQueryBuilder: SELECT _id, media_type FROM files WHERE ((owner_package_name IN ( 'com.google.android.apps.photos' ) OR media_type=2 OR media_type=4 OR media_type=5 OR media_type=3 OR media_type=5 OR media_type=1) AND (((is_pending=0 AND NOT _modifier=4) OR (is_pending=1 AND lower(_data) NOT REGEXP '.*/\.pending-(\d+)-([^/]+)$' AND owner_package_name IN ( 'com.google.android.apps.photos' )))) AND (volume_name IN ( 'external_primary' ))) AND (((media_type = 1 OR media_type = 3) AND _id < ?)) ORDER BY _id DESC LIMIT 200
07-12 17:18:11.203  5136  5171 D SQLiteQueryBuilder: SELECT _id, media_type FROM files WHERE ((owner_package_name IN ( 'com.google.android.apps.photos' ) OR media_type=2 OR media_type=4 OR media_type=5 OR media_type=3 OR media_type=5 OR media_type=1) AND (((is_pending=0 AND NOT _modifier=4) OR (is_pending=1 AND lower(_data) NOT REGEXP '.*/\.pending-(\d+)-([^/]+)$' AND owner_package_name IN ( 'com.google.android.apps.photos' )))) AND (volume_name IN ( 'external_primary' ))) AND (((media_type = 1 OR media_type = 3) AND _id < ?)) ORDER BY _id DESC LIMIT 200
07-12 17:18:11.218  5136  5171 D SQLiteQueryBuilder: SELECT _id, media_type FROM files WHERE ((owner_package_name IN ( 'com.google.android.apps.photos' ) OR media_type=2 OR media_type=4 OR media_type=5 OR media_type=3 OR media_type=5 OR media_type=1) AND (((is_pending=0 AND NOT _modifier=4) OR (is_pending=1 AND lower(_data) NOT REGEXP '.*/\.pending-(\d+)-([^/]+)$' AND owner_package_name IN ( 'com.google.android.apps.photos' )))) AND (volume_name IN ( 'external_primary' ))) AND (((media_type = 1 OR media_type = 3) AND _id < ?)) ORDER BY _id DESC LIMIT 200
07-12 17:18:11.239  5136  5171 D SQLiteQueryBuilder: SELECT _id, media_type FROM files WHERE ((owner_package_name IN ( 'com.google.android.apps.photos' ) OR media_type=2 OR media_type=4 OR media_type=5 OR media_type=3 OR media_type=5 OR media_type=1) AND (((is_pending=0 AND NOT _modifier=4) OR (is_pending=1 AND lower(_data) NOT REGEXP '.*/\.pending-(\d+)-([^/]+)$' AND owner_package_name IN ( 'com.google.android.apps.photos' )))) AND (volume_name IN ( 'external_primary' ))) AND (((media_type = 1 OR media_type = 3) AND _id < ?)) ORDER BY _id DESC LIMIT 200
07-12 17:18:11.260  5136  5171 D SQLiteQueryBuilder: SELECT _id, media_type FROM files WHERE ((owner_package_name IN ( 'com.google.android.apps.photos' ) OR media_type=2 OR media_type=4 OR media_type=5 OR media_type=3 OR media_type=5 OR media_type=1) AND (((is_pending=0 AND NOT _modifier=4) OR (is_pending=1 AND lower(_data) NOT REGEXP '.*/\.pending-(\d+)-([^/]+)$' AND owner_package_name IN ( 'com.google.android.apps.photos' )))) AND (volume_name IN ( 'external_primary' ))) AND (((media_type = 1 OR media_type = 3) AND _id < ?)) ORDER BY _id DESC LIMIT 200
07-12 17:18:11.282  5136  5171 D SQLiteQueryBuilder: SELECT _id, media_type FROM files WHERE ((owner_package_name IN ( 'com.google.android.apps.photos' ) OR media_type=2 OR media_type=4 OR media_type=5 OR media_type=3 OR media_type=5 OR media_type=1) AND (((is_pending=0 AND NOT _modifier=4) OR (is_pending=1 AND lower(_data) NOT REGEXP '.*/\.pending-(\d+)-([^/]+)$' AND owner_package_name IN ( 'com.google.android.apps.photos' )))) AND (volume_name IN ( 'external_primary' ))) AND (((media_type = 1 OR media_type = 3) AND _id < ?)) ORDER BY _id DESC LIMIT 200
07-12 17:18:11.309  5136  5171 D SQLiteQueryBuilder: SELECT _id, media_type FROM files WHERE ((owner_package_name IN ( 'com.google.android.apps.photos' ) OR media_type=2 OR media_type=4 OR media_type=5 OR media_type=3 OR media_type=5 OR media_type=1) AND (((is_pending=0 AND NOT _modifier=4) OR (is_pending=1 AND lower(_data) NOT REGEXP '.*/\.pending-(\d+)-([^/]+)$' AND owner_package_name IN ( 'com.google.android.apps.photos' )))) AND (volume_name IN ( 'external_primary' ))) AND (((media_type = 1 OR media_type = 3) AND _id < ?)) ORDER BY _id DESC LIMIT 200
07-12 17:18:11.325  5136  5171 D SQLiteQueryBuilder: SELECT _id, media_type FROM files WHERE ((owner_package_name IN ( 'com.google.android.apps.photos' ) OR media_type=2 OR media_type=4 OR media_type=5 OR media_type=3 OR media_type=5 OR media_type=1) AND (((is_pending=0 AND NOT _modifier=4) OR (is_pending=1 AND lower(_data) NOT REGEXP '.*/\.pending-(\d+)-([^/]+)$' AND owner_package_name IN ( 'com.google.android.apps.photos' )))) AND (volume_name IN ( 'external_primary' ))) AND (((media_type = 1 OR media_type = 3) AND _id < ?)) ORDER BY _id DESC LIMIT 200
07-12 17:18:11.348  5136  5171 D SQLiteQueryBuilder: SELECT _id, media_type FROM files WHERE ((owner_package_name IN ( 'com.google.android.apps.photos' ) OR media_type=2 OR media_type=4 OR media_type=5 OR media_type=3 OR media_type=5 OR media_type=1) AND (((is_pending=0 AND NOT _modifier=4) OR (is_pending=1 AND lower(_data) NOT REGEXP '.*/\.pending-(\d+)-([^/]+)$' AND owner_package_name IN ( 'com.google.android.apps.photos' )))) AND (volume_name IN ( 'external_primary' ))) AND (((media_type = 1 OR media_type = 3) AND _id < ?)) ORDER BY _id DESC LIMIT 200
07-12 17:18:11.366  5136  5171 D SQLiteQueryBuilder: SELECT _id, media_type FROM files WHERE ((owner_package_name IN ( 'com.google.android.apps.photos' ) OR media_type=2 OR media_type=4 OR media_type=5 OR media_type=3 OR media_type=5 OR media_type=1) AND (((is_pending=0 AND NOT _modifier=4) OR (is_pending=1 AND lower(_data) NOT REGEXP '.*/\.pending-(\d+)-([^/]+)$' AND owner_package_name IN ( 'com.google.android.apps.photos' )))) AND (volume_name IN ( 'external_primary' ))) AND (((media_type = 1 OR media_type = 3) AND _id < ?)) ORDER BY _id DESC LIMIT 200
07-12 17:18:11.548  5136  5171 D SQLiteQueryBuilder: SELECT _data, orientation, owner_package_name, title, duration, _size, bucket_id, date_added, datetaken, date_modified, media_type, mime_type, is_trashed, width, date_expires, _id, generation_modified, is_pending, bucket_display_name, height FROM files WHERE ((owner_package_name IN ( 'com.google.android.apps.photos' ) OR media_type=2 OR media_type=4 OR media_type=5 OR media_type=3 OR media_type=5 OR media_type=1) AND (((is_pending=0 AND NOT _modifier=4) OR (is_pending=1 AND lower(_data) NOT REGEXP '.*/\.pending-(\d+)-([^/]+)$' AND owner_package_name IN ( 'com.google.android.apps.photos' )))) AND (volume_name IN ( 'external_primary' ))) AND ((
07-12 17:18:11.548  5136  5171 D SQLiteQueryBuilder:       ((media_type = 1 OR media_type = 3)
07-12 17:18:11.548  5136  5171 D SQLiteQueryBuilder:           AND (bucket_id IS NOT NULL OR _data IS NOT NULL))
07-12 17:18:11.548  5136  5171 D SQLiteQueryBuilder:         AND (generation_modified > ?)
07-12 17:18:11.548  5136  5171 D SQLiteQueryBuilder:         AND (generation_modified < ?
07-12 17:18:11.548  5136  5171 D SQLiteQueryBuilder:           OR (generation_modified = ? AND _id < ?))
07-12 17:18:11.548  5136  5171 D SQLiteQueryBuilder:         AND (is_pending = 0)
07-12 17:18:11.548  5136  5171 D SQLiteQueryBuilder:     )) ORDER BY generation_modified DESC, _id DESC LIMIT 75
07-12 17:18:11.583  5136  5171 D SQLiteQueryBuilder: SELECT _data, orientation, owner_package_name, title, duration, _size, bucket_id, date_added, datetaken, date_modified, media_type, mime_type, is_trashed, width, date_expires, _id, generation_modified, is_pending, bucket_display_name, height FROM files WHERE ((owner_package_name IN ( 'com.google.android.apps.photos' ) OR media_type=2 OR media_type=4 OR media_type=5 OR media_type=3 OR media_type=5 OR media_type=1) AND (((is_pending=0 AND NOT _modifier=4) OR (is_pending=1 AND lower(_data) NOT REGEXP '.*/\.pending-(\d+)-([^/]+)$' AND owner_package_name IN ( 'com.google.android.apps.photos' )))) AND (volume_name IN ( 'external_primary' ))) AND ((((media_type = 1 OR media_type = 3) AND (bucket_id IS NOT NULL OR _data IS NOT NULL)) AND (generation_modified < ? OR generation_modified = ? AND _id < ?) AND is_pending = 0)) ORDER BY generation_modified DESC, _id DESC LIMIT 75
07-12 17:18:11.608  5136  5171 D SQLiteQueryBuilder: SELECT _id, media_type FROM files WHERE ((owner_package_name IN ( 'com.google.android.apps.photos' ) OR media_type=2 OR media_type=4 OR media_type=5 OR media_type=3 OR media_type=5 OR media_type=1) AND (((is_pending=0 AND NOT _modifier=4) OR (is_pending=1 AND lower(_data) NOT REGEXP '.*/\.pending-(\d+)-([^/]+)$' AND owner_package_name IN ( 'com.google.android.apps.photos' )))) AND (volume_name IN ( 'external_primary' ))) AND (((media_type = 1 OR media_type = 3) AND _id < ?)) ORDER BY _id DESC LIMIT 200
07-12 17:18:11.629  5136  5171 D SQLiteQueryBuilder: SELECT _id, media_type FROM files WHERE ((owner_package_name IN ( 'com.google.android.apps.photos' ) OR media_type=2 OR media_type=4 OR media_type=5 OR media_type=3 OR media_type=5 OR media_type=1) AND (((is_pending=0 AND NOT _modifier=4) OR (is_pending=1 AND lower(_data) NOT REGEXP '.*/\.pending-(\d+)-([^/]+)$' AND owner_package_name IN ( 'com.google.android.apps.photos' )))) AND (volume_name IN ( 'external_primary' ))) AND (((media_type = 1 OR media_type = 3) AND _id < ?)) ORDER BY _id DESC LIMIT 200
07-12 17:18:11.653  5136  5171 D SQLiteQueryBuilder: SELECT _id, media_type FROM files WHERE ((owner_package_name IN ( 'com.google.android.apps.photos' ) OR media_type=2 OR media_type=4 OR media_type=5 OR media_type=3 OR media_type=5 OR media_type=1) AND (((is_pending=0 AND NOT _modifier=4) OR (is_pending=1 AND lower(_data) NOT REGEXP '.*/\.pending-(\d+)-([^/]+)$' AND owner_package_name IN ( 'com.google.android.apps.photos' )))) AND (volume_name IN ( 'external_primary' ))) AND (((media_type = 1 OR media_type = 3) AND _id < ?)) ORDER BY _id DESC LIMIT 200
07-12 17:18:11.668  5136  5171 D SQLiteQueryBuilder: SELECT _id, media_type FROM files WHERE ((owner_package_name IN ( 'com.google.android.apps.photos' ) OR media_type=2 OR media_type=4 OR media_type=5 OR media_type=3 OR media_type=5 OR media_type=1) AND (((is_pending=0 AND NOT _modifier=4) OR (is_pending=1 AND lower(_data) NOT REGEXP '.*/\.pending-(\d+)-([^/]+)$' AND owner_package_name IN ( 'com.google.android.apps.photos' )))) AND (volume_name IN ( 'external_primary' ))) AND (((media_type = 1 OR media_type = 3) AND _id < ?)) ORDER BY _id DESC LIMIT 200
07-12 17:18:11.691  5136  5171 D SQLiteQueryBuilder: SELECT _id, media_type FROM files WHERE ((owner_package_name IN ( 'com.google.android.apps.photos' ) OR media_type=2 OR media_type=4 OR media_type=5 OR media_type=3 OR media_type=5 OR media_type=1) AND (((is_pending=0 AND NOT _modifier=4) OR (is_pending=1 AND lower(_data) NOT REGEXP '.*/\.pending-(\d+)-([^/]+)$' AND owner_package_name IN ( 'com.google.android.apps.photos' )))) AND (volume_name IN ( 'external_primary' ))) AND (((media_type = 1 OR media_type = 3) AND _id < ?)) ORDER BY _id DESC LIMIT 200
07-12 17:18:11.713  5136  5171 D SQLiteQueryBuilder: SELECT _id, media_type FROM files WHERE ((owner_package_name IN ( 'com.google.android.apps.photos' ) OR media_type=2 OR media_type=4 OR media_type=5 OR media_type=3 OR media_type=5 OR media_type=1) AND (((is_pending=0 AND NOT _modifier=4) OR (is_pending=1 AND lower(_data) NOT REGEXP '.*/\.pending-(\d+)-([^/]+)$' AND owner_package_name IN ( 'com.google.android.apps.photos' )))) AND (volume_name IN ( 'external_primary' ))) AND (((media_type = 1 OR media_type = 3) AND _id < ?)) ORDER BY _id DESC LIMIT 200
07-12 17:18:11.737  5136  5171 D SQLiteQueryBuilder: SELECT _id, media_type FROM files WHERE ((owner_package_name IN ( 'com.google.android.apps.photos' ) OR media_type=2 OR media_type=4 OR media_type=5 OR media_type=3 OR media_type=5 OR media_type=1) AND (((is_pending=0 AND NOT _modifier=4) OR (is_pending=1 AND lower(_data) NOT REGEXP '.*/\.pending-(\d+)-([^/]+)$' AND owner_package_name IN ( 'com.google.android.apps.photos' )))) AND (volume_name IN ( 'external_primary' ))) AND (((media_type = 1 OR media_type = 3) AND _id < ?)) ORDER BY _id DESC LIMIT 200
07-12 17:18:11.755  5136  5171 D SQLiteQueryBuilder: SELECT _id, media_type FROM files WHERE ((owner_package_name IN ( 'com.google.android.apps.photos' ) OR media_type=2 OR media_type=4 OR media_type=5 OR media_type=3 OR media_type=5 OR media_type=1) AND (((is_pending=0 AND NOT _modifier=4) OR (is_pending=1 AND lower(_data) NOT REGEXP '.*/\.pending-(\d+)-([^/]+)$' AND owner_package_name IN ( 'com.google.android.apps.photos' )))) AND (volume_name IN ( 'external_primary' ))) AND (((media_type = 1 OR media_type = 3) AND _id < ?)) ORDER BY _id DESC LIMIT 200
07-12 17:18:11.773  5136  5171 D SQLiteQueryBuilder: SELECT _id, media_type FROM files WHERE ((owner_package_name IN ( 'com.google.android.apps.photos' ) OR media_type=2 OR media_type=4 OR media_type=5 OR media_type=3 OR media_type=5 OR media_type=1) AND (((is_pending=0 AND NOT _modifier=4) OR (is_pending=1 AND lower(_data) NOT REGEXP '.*/\.pending-(\d+)-([^/]+)$' AND owner_package_name IN ( 'com.google.android.apps.photos' )))) AND (volume_name IN ( 'external_primary' ))) AND (((media_type = 1 OR media_type = 3) AND _id < ?)) ORDER BY _id DESC LIMIT 200
07-12 17:18:11.799  5136  5171 D SQLiteQueryBuilder: SELECT _id, media_type FROM files WHERE ((owner_package_name IN ( 'com.google.android.apps.photos' ) OR media_type=2 OR media_type=4 OR media_type=5 OR media_type=3 OR media_type=5 OR media_type=1) AND (((is_pending=0 AND NOT _modifier=4) OR (is_pending=1 AND lower(_data) NOT REGEXP '.*/\.pending-(\d+)-([^/]+)$' AND owner_package_name IN ( 'com.google.android.apps.photos' )))) AND (volume_name IN ( 'external_primary' ))) AND (((media_type = 1 OR media_type = 3) AND _id < ?)) ORDER BY _id DESC LIMIT 200
07-12 17:18:11.817  5136  5171 D SQLiteQueryBuilder: SELECT _id, media_type FROM files WHERE ((owner_package_name IN ( 'com.google.android.apps.photos' ) OR media_type=2 OR media_type=4 OR media_type=5 OR media_type=3 OR media_type=5 OR media_type=1) AND (((is_pending=0 AND NOT _modifier=4) OR (is_pending=1 AND lower(_data) NOT REGEXP '.*/\.pending-(\d+)-([^/]+)$' AND owner_package_name IN ( 'com.google.android.apps.photos' )))) AND (volume_name IN ( 'external_primary' ))) AND (((media_type = 1 OR media_type = 3) AND _id < ?)) ORDER BY _id DESC LIMIT 200
07-12 17:18:11.841  5136  5171 D SQLiteQueryBuilder: SELECT _id, media_type FROM files WHERE ((owner_package_name IN ( 'com.google.android.apps.photos' ) OR media_type=2 OR media_type=4 OR media_type=5 OR media_type=3 OR media_type=5 OR media_type=1) AND (((is_pending=0 AND NOT _modifier=4) OR (is_pending=1 AND lower(_data) NOT REGEXP '.*/\.pending-(\d+)-([^/]+)$' AND owner_package_name IN ( 'com.google.android.apps.photos' )))) AND (volume_name IN ( 'external_primary' ))) AND (((media_type = 1 OR media_type = 3) AND _id < ?)) ORDER BY _id DESC LIMIT 200
07-12 17:18:11.853  5136  5171 D SQLiteQueryBuilder: SELECT _id, media_type FROM files WHERE ((owner_package_name IN ( 'com.google.android.apps.photos' ) OR media_type=2 OR media_type=4 OR media_type=5 OR media_type=3 OR media_type=5 OR media_type=1) AND (((is_pending=0 AND NOT _modifier=4) OR (is_pending=1 AND lower(_data) NOT REGEXP '.*/\.pending-(\d+)-([^/]+)$' AND owner_package_name IN ( 'com.google.android.apps.photos' )))) AND (volume_name IN ( 'external_primary' ))) AND (((media_type = 1 OR media_type = 3) AND _id < ?)) ORDER BY _id DESC LIMIT 200
07-12 17:18:11.874  5136  5171 D SQLiteQueryBuilder: SELECT _id, media_type FROM files WHERE ((owner_package_name IN ( 'com.google.android.apps.photos' ) OR media_type=2 OR media_type=4 OR media_type=5 OR media_type=3 OR media_type=5 OR media_type=1) AND (((is_pending=0 AND NOT _modifier=4) OR (is_pending=1 AND lower(_data) NOT REGEXP '.*/\.pending-(\d+)-([^/]+)$' AND owner_package_name IN ( 'com.google.android.apps.photos' )))) AND (volume_name IN ( 'external_primary' ))) AND (((media_type = 1 OR media_type = 3) AND _id < ?)) ORDER BY _id DESC LIMIT 200
07-12 17:18:11.903  5136  5171 D SQLiteQueryBuilder: SELECT _id, media_type FROM files WHERE ((owner_package_name IN ( 'com.google.android.apps.photos' ) OR media_type=2 OR media_type=4 OR media_type=5 OR media_type=3 OR media_type=5 OR media_type=1) AND (((is_pending=0 AND NOT _modifier=4) OR (is_pending=1 AND lower(_data) NOT REGEXP '.*/\.pending-(\d+)-([^/]+)$' AND owner_package_name IN ( 'com.google.android.apps.photos' )))) AND (volume_name IN ( 'external_primary' ))) AND (((media_type = 1 OR media_type = 3) AND _id < ?)) ORDER BY _id DESC LIMIT 200
07-12 17:18:11.931  5136 20892 D SQLiteQueryBuilder: SELECT _id, media_type FROM files WHERE ((owner_package_name IN ( 'com.google.android.apps.photos' ) OR media_type=2 OR media_type=4 OR media_type=5 OR media_type=3 OR media_type=5 OR media_type=1) AND (((is_pending=0 AND NOT _modifier=4) OR (is_pending=1 AND lower(_data) NOT REGEXP '.*/\.pending-(\d+)-([^/]+)$' AND owner_package_name IN ( 'com.google.android.apps.photos' )))) AND (volume_name IN ( 'external_primary' ))) AND (((media_type = 1 OR media_type = 3) AND _id < ?)) ORDER BY _id DESC LIMIT 200
07-12 17:18:12.137  5136 20892 D SQLiteQueryBuilder: SELECT _data, date_added, datetaken, date_modified, media_type, mime_type, _id, generation_modified, is_pending FROM files WHERE ((owner_package_name IN ( 'com.google.android.apps.photos' ) OR media_type=2 OR media_type=4 OR media_type=5 OR media_type=3 OR media_type=5 OR media_type=1) AND (((is_pending=0 AND NOT _modifier=4) OR (is_pending=1 AND lower(_data) NOT REGEXP '.*/\.pending-(\d+)-([^/]+)$' AND owner_package_name IN ( 'com.google.android.apps.photos' )))) AND (volume_name IN ( 'external_primary' ))) AND ((
07-12 17:18:12.137  5136 20892 D SQLiteQueryBuilder:       ((media_type = 1 OR media_type = 3)
07-12 17:18:12.137  5136 20892 D SQLiteQueryBuilder:           AND (bucket_id IS NOT NULL OR _data IS NOT NULL))
07-12 17:18:12.137  5136 20892 D SQLiteQueryBuilder:         AND (generation_modified > ?)
07-12 17:18:12.137  5136 20892 D SQLiteQueryBuilder:         AND (generation_modified < ?
07-12 17:18:12.137  5136 20892 D SQLiteQueryBuilder:           OR (generation_modified = ? AND _id < ?))
07-12 17:18:12.137  5136 20892 D SQLiteQueryBuilder:         AND (is_pending = 0)
07-12 17:18:12.137  5136 20892 D SQLiteQueryBuilder:     )) ORDER BY generation_modified DESC, _id DESC LIMIT 75
07-12 17:18:12.174  5136 20892 D SQLiteQueryBuilder: SELECT _data, date_added, datetaken, date_modified, media_type, mime_type, _id, generation_modified, is_pending FROM files WHERE ((owner_package_name IN ( 'com.google.android.apps.photos' ) OR media_type=2 OR media_type=4 OR media_type=5 OR media_type=3 OR media_type=5 OR media_type=1) AND (((is_pending=0 AND NOT _modifier=4) OR (is_pending=1 AND lower(_data) NOT REGEXP '.*/\.pending-(\d+)-([^/]+)$' AND owner_package_name IN ( 'com.google.android.apps.photos' )))) AND (volume_name IN ( 'external_primary' ))) AND ((((media_type = 1 OR media_type = 3) AND (bucket_id IS NOT NULL OR _data IS NOT NULL)) AND (generation_modified < ? OR generation_modified = ? AND _id < ?) AND is_pending = 0)) ORDER BY generation_modified DESC, _id DESC LIMIT 75
07-12 17:18:12.202  5136  5171 D SQLiteQueryBuilder: SELECT _data, orientation, owner_package_name, title, duration, _size, bucket_id, date_added, datetaken, date_modified, media_type, mime_type, is_trashed, width, date_expires, _id, generation_modified, is_pending, bucket_display_name, height FROM files WHERE ((owner_package_name IN ( 'com.google.android.apps.photos' ) OR media_type=2 OR media_type=4 OR media_type=5 OR media_type=3 OR media_type=5 OR media_type=1) AND (((is_pending=0 AND NOT _modifier=4) OR (is_pending=1 AND lower(_data) NOT REGEXP '.*/\.pending-(\d+)-([^/]+)$' AND owner_package_name IN ( 'com.google.android.apps.photos' )))) AND (volume_name IN ( 'external_primary' ))) AND ((
07-12 17:18:12.202  5136  5171 D SQLiteQueryBuilder:       ((media_type = 1 OR media_type = 3)
07-12 17:18:12.202  5136  5171 D SQLiteQueryBuilder:           AND (bucket_id IS NOT NULL OR _data IS NOT NULL))
07-12 17:18:12.202  5136  5171 D SQLiteQueryBuilder:         AND (generation_modified > ?)
07-12 17:18:12.202  5136  5171 D SQLiteQueryBuilder:         AND (generation_modified < ?
07-12 17:18:12.202  5136  5171 D SQLiteQueryBuilder:           OR (generation_modified = ? AND _id < ?))
07-12 17:18:12.202  5136  5171 D SQLiteQueryBuilder:         AND (is_pending = 0)
07-12 17:18:12.202  5136  5171 D SQLiteQueryBuilder:     )) ORDER BY generation_modified DESC, _id DESC LIMIT 75
07-12 17:18:12.239  5136  5171 D SQLiteQueryBuilder: SELECT _data, orientation, owner_package_name, title, duration, _size, bucket_id, date_added, datetaken, date_modified, media_type, mime_type, is_trashed, width, date_expires, _id, generation_modified, is_pending, bucket_display_name, height FROM files WHERE ((owner_package_name IN ( 'com.google.android.apps.photos' ) OR media_type=2 OR media_type=4 OR media_type=5 OR media_type=3 OR media_type=5 OR media_type=1) AND (((is_pending=0 AND NOT _modifier=4) OR (is_pending=1 AND lower(_data) NOT REGEXP '.*/\.pending-(\d+)-([^/]+)$' AND owner_package_name IN ( 'com.google.android.apps.photos' )))) AND (volume_name IN ( 'external_primary' ))) AND ((((media_type = 1 OR media_type = 3) AND (bucket_id IS NOT NULL OR _data IS NOT NULL)) AND (generation_modified < ? OR generation_modified = ? AND _id < ?) AND is_pending = 0)) ORDER BY generation_modified DESC, _id DESC LIMIT 75
07-12 17:18:12.261  5136  5171 D SQLiteQueryBuilder: SELECT _data, orientation, owner_package_name, title, duration, _size, bucket_id, date_added, datetaken, date_modified, media_type, mime_type, is_trashed, width, date_expires, _id, generation_modified, is_pending, bucket_display_name, height FROM files WHERE ((owner_package_name IN ( 'com.google.android.apps.photos' ) OR media_type=2 OR media_type=4 OR media_type=5 OR media_type=3 OR media_type=5 OR media_type=1) AND (((is_pending=0 AND NOT _modifier=4) OR (is_pending=1 AND lower(_data) NOT REGEXP '.*/\.pending-(\d+)-([^/]+)$' AND owner_package_name IN ( 'com.google.android.apps.photos' )))) AND (is_trashed=0) AND (volume_name IN ( 'external_primary' ))) AND (((media_type = 1 OR media_type = 3) AND _id IN(?,?,?,?,?,?)))
07-12 17:18:12.284  5136  5171 D SQLiteQueryBuilder: SELECT _data, orientation, owner_package_name, title, duration, _size, bucket_id, date_added, datetaken, date_modified, media_type, mime_type, is_trashed, width, date_expires, _id, generation_modified, is_pending, bucket_display_name, height FROM files WHERE ((owner_package_name IN ( 'com.google.android.apps.photos' ) OR media_type=2 OR media_type=4 OR media_type=5 OR media_type=3 OR media_type=5 OR media_type=1) AND (((is_pending=0 AND NOT _modifier=4) OR (is_pending=1 AND lower(_data) NOT REGEXP '.*/\.pending-(\d+)-([^/]+)$' AND owner_package_name IN ( 'com.google.android.apps.photos' )))) AND (volume_name IN ( 'external_primary' ))) AND ((
07-12 17:18:12.284  5136  5171 D SQLiteQueryBuilder:       ((media_type = 1 OR media_type = 3)
07-12 17:18:12.284  5136  5171 D SQLiteQueryBuilder:           AND (bucket_id IS NOT NULL OR _data IS NOT NULL))
07-12 17:18:12.284  5136  5171 D SQLiteQueryBuilder:         AND (generation_modified > ?)
07-12 17:18:12.284  5136  5171 D SQLiteQueryBuilder:         AND (generation_modified < ?
07-12 17:18:12.284  5136  5171 D SQLiteQueryBuilder:           OR (generation_modified = ? AND _id < ?))
07-12 17:18:12.284  5136  5171 D SQLiteQueryBuilder:         AND (is_pending = 0)
07-12 17:18:12.284  5136  5171 D SQLiteQueryBuilder:     )) ORDER BY generation_modified DESC, _id DESC LIMIT 75
07-12 17:18:12.311  5136  5171 D SQLiteQueryBuilder: SELECT _data, orientation, owner_package_name, title, duration, _size, bucket_id, date_added, datetaken, date_modified, media_type, mime_type, is_trashed, width, date_expires, _id, generation_modified, is_pending, bucket_display_name, height FROM files WHERE ((owner_package_name IN ( 'com.google.android.apps.photos' ) OR media_type=2 OR media_type=4 OR media_type=5 OR media_type=3 OR media_type=5 OR media_type=1) AND (((is_pending=0 AND NOT _modifier=4) OR (is_pending=1 AND lower(_data) NOT REGEXP '.*/\.pending-(\d+)-([^/]+)$' AND owner_package_name IN ( 'com.google.android.apps.photos' )))) AND (volume_name IN ( 'external_primary' ))) AND ((((media_type = 1 OR media_type = 3) AND (bucket_id IS NOT NULL OR _data IS NOT NULL)) AND (generation_modified < ? OR generation_modified = ? AND _id < ?) AND is_pending = 0)) ORDER BY generation_modified DESC, _id DESC LIMIT 75
07-12 17:18:12.335  5136  5171 D SQLiteQueryBuilder: SELECT _data, orientation, owner_package_name, title, duration, _size, bucket_id, date_added, datetaken, date_modified, media_type, mime_type, is_trashed, width, date_expires, _id, generation_modified, is_pending, bucket_display_name, height FROM files WHERE ((owner_package_name IN ( 'com.google.android.apps.photos' ) OR media_type=2 OR media_type=4 OR media_type=5 OR media_type=3 OR media_type=5 OR media_type=1) AND (((is_pending=0 AND NOT _modifier=4) OR (is_pending=1 AND lower(_data) NOT REGEXP '.*/\.pending-(\d+)-([^/]+)$' AND owner_package_name IN ( 'com.google.android.apps.photos' )))) AND (is_trashed=0) AND (volume_name IN ( 'external_primary' ))) AND (((media_type = 1 OR media_type = 3) AND _id IN(?,?,?,?,?,?)))
